Archive member included to satisfy reference by file (symbol)

c:/gnu tools arm embedded/7 2018-q2-update/bin/../lib/gcc/arm-none-eabi/7.3.1/../../../../arm-none-eabi/lib/thumb/v7e-m\libg_nano.a(lib_a-errno.o)
                              ./system/src/newlib/_sbrk.o (__errno)
c:/gnu tools arm embedded/7 2018-q2-update/bin/../lib/gcc/arm-none-eabi/7.3.1/../../../../arm-none-eabi/lib/thumb/v7e-m\libg_nano.a(lib_a-impure.o)
                              c:/gnu tools arm embedded/7 2018-q2-update/bin/../lib/gcc/arm-none-eabi/7.3.1/../../../../arm-none-eabi/lib/thumb/v7e-m\libg_nano.a(lib_a-errno.o) (_impure_ptr)
c:/gnu tools arm embedded/7 2018-q2-update/bin/../lib/gcc/arm-none-eabi/7.3.1/../../../../arm-none-eabi/lib/thumb/v7e-m\libg_nano.a(lib_a-memset.o)
                              ./src/BlinkLed.o (memset)

Allocating common symbols
Common symbol       size              file

uart_receive_it_buffer
                    0x1               ./src/Interrupt_Handler.o
timer_delayCount    0x4               ./src/Timer.o
errno               0x4               ./system/src/newlib/_syscalls.o
UartHandle2         0x40              ./src/USART_Handler.o
UartHandle          0x40              ./src/USART_Handler.o
uwTick              0x4               ./system/src/stm32f4-hal/stm32f4xx_hal.o
pFlash              0x20              ./system/src/stm32f4-hal/stm32f4xx_hal_flash.o
SpiHandle           0x58              ./src/SPI_Handler.o
I2cHandle           0x54              ./src/I2C_Handler.o

Discarded input sections

 .group         0x00000000        0xc ./system/src/stm32f4-hal/stm32f4xx_hal.o
 .group         0x00000000        0xc ./system/src/stm32f4-hal/stm32f4xx_hal.o
 .group         0x00000000        0xc ./system/src/stm32f4-hal/stm32f4xx_hal.o
 .group         0x00000000        0xc ./system/src/stm32f4-hal/stm32f4xx_hal.o
 .group         0x00000000        0xc ./system/src/stm32f4-hal/stm32f4xx_hal.o
 .group         0x00000000        0xc ./system/src/stm32f4-hal/stm32f4xx_hal.o
 .group         0x00000000        0xc ./system/src/stm32f4-hal/stm32f4xx_hal.o
 .group         0x00000000        0xc ./system/src/stm32f4-hal/stm32f4xx_hal.o
 .group         0x00000000        0xc ./system/src/stm32f4-hal/stm32f4xx_hal.o
 .group         0x00000000        0xc ./system/src/stm32f4-hal/stm32f4xx_hal.o
 .group         0x00000000        0xc ./system/src/stm32f4-hal/stm32f4xx_hal.o
 .group         0x00000000        0xc ./system/src/stm32f4-hal/stm32f4xx_hal.o
 .group         0x00000000        0xc ./system/src/stm32f4-hal/stm32f4xx_hal.o
 .group         0x00000000        0xc ./system/src/stm32f4-hal/stm32f4xx_hal.o
 .group         0x00000000        0xc ./system/src/stm32f4-hal/stm32f4xx_hal.o
 .group         0x00000000        0xc ./system/src/stm32f4-hal/stm32f4xx_hal.o
 .group         0x00000000        0xc ./system/src/stm32f4-hal/stm32f4xx_hal.o
 .group         0x00000000        0xc ./system/src/stm32f4-hal/stm32f4xx_hal.o
 .group         0x00000000        0xc ./system/src/stm32f4-hal/stm32f4xx_hal.o
 .group         0x00000000        0xc ./system/src/stm32f4-hal/stm32f4xx_hal.o
 .group         0x00000000        0xc ./system/src/stm32f4-hal/stm32f4xx_hal.o
 .group         0x00000000        0xc ./system/src/stm32f4-hal/stm32f4xx_hal.o
 .group         0x00000000        0xc ./system/src/stm32f4-hal/stm32f4xx_hal.o
 .group         0x00000000        0xc ./system/src/stm32f4-hal/stm32f4xx_hal.o
 .group         0x00000000        0xc ./system/src/stm32f4-hal/stm32f4xx_hal.o
 .group         0x00000000        0xc ./system/src/stm32f4-hal/stm32f4xx_hal.o
 .group         0x00000000        0xc ./system/src/stm32f4-hal/stm32f4xx_hal.o
 .group         0x00000000        0xc ./system/src/stm32f4-hal/stm32f4xx_hal.o
 .group         0x00000000        0xc ./system/src/stm32f4-hal/stm32f4xx_hal.o
 .group         0x00000000        0xc ./system/src/stm32f4-hal/stm32f4xx_hal.o
 .group         0x00000000        0xc ./system/src/stm32f4-hal/stm32f4xx_hal.o
 .group         0x00000000        0xc ./system/src/stm32f4-hal/stm32f4xx_hal.o
 .group         0x00000000        0xc ./system/src/stm32f4-hal/stm32f4xx_hal.o
 .group         0x00000000        0xc ./system/src/stm32f4-hal/stm32f4xx_hal.o
 .group         0x00000000        0xc ./system/src/stm32f4-hal/stm32f4xx_hal.o
 .group         0x00000000        0xc ./system/src/stm32f4-hal/stm32f4xx_hal.o
 .group         0x00000000        0xc ./system/src/stm32f4-hal/stm32f4xx_hal.o
 .group         0x00000000        0xc ./system/src/stm32f4-hal/stm32f4xx_hal.o
 .group         0x00000000        0xc ./system/src/stm32f4-hal/stm32f4xx_hal.o
 .group         0x00000000        0xc ./system/src/stm32f4-hal/stm32f4xx_hal.o
 .group         0x00000000        0xc ./system/src/stm32f4-hal/stm32f4xx_hal.o
 .group         0x00000000        0xc ./system/src/stm32f4-hal/stm32f4xx_hal.o
 .group         0x00000000        0xc ./system/src/stm32f4-hal/stm32f4xx_hal.o
[...]
Memory Configuration

Name             Origin             Length             Attributes
RAM              0x20000000         0x00020000         xrw
CCMRAM           0x10000000         0x00010000         xrw
FLASH            0x08000000         0x00080000         xr
FLASHB1          0x00000000         0x00000000         xr
EXTMEMB0         0x00000000         0x00000000         xr
EXTMEMB1         0x00000000         0x00000000         xr
EXTMEMB2         0x00000000         0x00000000         xr
EXTMEMB3         0x00000000         0x00000000         xr
MEMORY_ARRAY     0x20002000         0x00000020         xrw
*default*        0x00000000         0xffffffff

Linker script and memory map

LOAD ./system/src/stm32f4-hal/stm32f4xx_hal.o
LOAD ./system/src/stm32f4-hal/stm32f4xx_hal_cortex.o
LOAD ./system/src/stm32f4-hal/stm32f4xx_hal_dfsdm.o
LOAD ./system/src/stm32f4-hal/stm32f4xx_hal_dma.o
LOAD ./system/src/stm32f4-hal/stm32f4xx_hal_flash.o
LOAD ./system/src/stm32f4-hal/stm32f4xx_hal_gpio.o
LOAD ./system/src/stm32f4-hal/stm32f4xx_hal_i2c.o
LOAD ./system/src/stm32f4-hal/stm32f4xx_hal_iwdg.o
LOAD ./system/src/stm32f4-hal/stm32f4xx_hal_pwr.o
LOAD ./system/src/stm32f4-hal/stm32f4xx_hal_rcc.o
LOAD ./system/src/stm32f4-hal/stm32f4xx_hal_spi.o
LOAD ./system/src/newlib/_cxx.o
LOAD ./system/src/newlib/_exit.o
LOAD ./system/src/newlib/_sbrk.o
LOAD ./system/src/newlib/_startup.o
LOAD ./system/src/newlib/_syscalls.o
LOAD ./system/src/newlib/assert.o
LOAD ./system/src/diag/Trace.o
LOAD ./system/src/diag/trace_impl.o
LOAD ./system/src/cortexm/_initialize_hardware.o
LOAD ./system/src/cortexm/_reset_hardware.o
LOAD ./system/src/cortexm/exception_handlers.o
LOAD ./system/src/cmsis/system_stm32f4xx.o
LOAD ./system/src/cmsis/vectors_stm32f446xx.o
LOAD ./src/BlinkLed.o
LOAD ./src/I2C_Handler.o
LOAD ./src/Interrupt_Handler.o
LOAD ./src/SPI_Handler.o
LOAD ./src/Timer.o
LOAD ./src/USART_Handler.o
LOAD ./src/_initialize_hardware.o
LOAD ./src/_write.o
LOAD ./src/main.o
LOAD ./src/stm32f4xx_hal_msp.o
LOAD ./src/stm32f4xx_hal_uart.o
LOAD c:/gnu tools arm embedded/7 2018-q2-update/bin/../lib/gcc/arm-none-eabi/7.3.1/../../../../arm-none-eabi/lib/thumb/v7e-m\libstdc++_nano.a
LOAD c:/gnu tools arm embedded/7 2018-q2-update/bin/../lib/gcc/arm-none-eabi/7.3.1/../../../../arm-none-eabi/lib/thumb/v7e-m\libm.a
START GROUP
LOAD c:/gnu tools arm embedded/7 2018-q2-update/bin/../lib/gcc/arm-none-eabi/7.3.1/thumb/v7e-m\libgcc.a
LOAD c:/gnu tools arm embedded/7 2018-q2-update/bin/../lib/gcc/arm-none-eabi/7.3.1/../../../../arm-none-eabi/lib/thumb/v7e-m\libg_nano.a
LOAD c:/gnu tools arm embedded/7 2018-q2-update/bin/../lib/gcc/arm-none-eabi/7.3.1/../../../../arm-none-eabi/lib/thumb/v7e-m\libc_nano.a
END GROUP
START GROUP
LOAD c:/gnu tools arm embedded/7 2018-q2-update/bin/../lib/gcc/arm-none-eabi/7.3.1/thumb/v7e-m\libgcc.a
LOAD c:/gnu tools arm embedded/7 2018-q2-update/bin/../lib/gcc/arm-none-eabi/7.3.1/../../../../arm-none-eabi/lib/thumb/v7e-m\libc_nano.a
END GROUP
                0x20020000                __stack = (ORIGIN (RAM) + LENGTH (RAM))
                0x20020000                _estack = __stack
                0x00000400                __Main_Stack_Size = 0x400
                [!provide]                PROVIDE (_Main_Stack_Size = __Main_Stack_Size)
                0x2001fc00                __Main_Stack_Limit = (__stack - __Main_Stack_Size)
                [!provide]                PROVIDE (_Main_Stack_Limit = __Main_Stack_Limit)
                0x00000100                _Minimum_Stack_Size = 0x100
                0x2000017c                PROVIDE (_Heap_Begin = _end_noinit)
                0x2001fc00                PROVIDE (_Heap_Limit = (__stack - __Main_Stack_Size))

.isr_vector     0x08000000      0x368
 FILL mask 0xff
                0x08000000                __vectors_start = ABSOLUTE (.)
                0x08000000                __vectors_start__ = ABSOLUTE (.)
 *(.isr_vector)
 .isr_vector    0x08000000      0x1c4 ./system/src/cmsis/vectors_stm32f446xx.o
                0x08000000                __isr_vectors
 *(.cfmconfig)
 *(.after_vectors .after_vectors.*)
 .after_vectors
                0x080001c4      0x130 ./system/src/newlib/_startup.o
                0x080001c4                _start
 .after_vectors
                0x080002f4       0x70 ./system/src/cortexm/exception_handlers.o
                0x080002f4                Reset_Handler
                0x080002fa                NMI_Handler
                0x080002fe                HardFault_Handler
                0x08000312                HardFault_Handler_C
                0x08000316                MemManage_Handler
                0x0800031a                BusFault_Handler
                0x0800032e                BusFault_Handler_C
                0x08000332                UsageFault_Handler
                0x08000346                UsageFault_Handler_C
                0x0800034a                SVC_Handler
                0x0800034e                DebugMon_Handler
                0x08000352                PendSV_Handler
 .after_vectors
                0x08000364        0x4 ./system/src/cmsis/vectors_stm32f446xx.o
                0x08000364                RTC_Alarm_IRQHandler
                0x08000364                EXTI2_IRQHandler
                0x08000364                TIM8_CC_IRQHandler
                0x08000364                SPI4_IRQHandler
                0x08000364                TIM1_CC_IRQHandler
                0x08000364                DMA2_Stream5_IRQHandler
                0x08000364                DMA1_Stream5_IRQHandler
                0x08000364                PVD_IRQHandler
                0x08000364                SDIO_IRQHandler
                0x08000364                TAMP_STAMP_IRQHandler
                0x08000364                CAN2_RX1_IRQHandler
                0x08000364                EXTI3_IRQHandler
                0x08000364                TIM8_TRG_COM_TIM14_IRQHandler
                0x08000364                TIM1_UP_TIM10_IRQHandler
                0x08000364                TIM8_UP_TIM13_IRQHandler
                0x08000364                I2C3_ER_IRQHandler
                0x08000364                EXTI0_IRQHandler
                0x08000364                I2C2_EV_IRQHandler
                0x08000364                DMA1_Stream2_IRQHandler
                0x08000364                CAN1_RX0_IRQHandler
                0x08000364                FPU_IRQHandler
                0x08000364                OTG_HS_WKUP_IRQHandler
                0x08000364                CAN2_SCE_IRQHandler
                0x08000364                DMA2_Stream2_IRQHandler
                0x08000364                SPI1_IRQHandler
                0x08000364                TIM6_DAC_IRQHandler
                0x08000364                TIM1_BRK_TIM9_IRQHandler
                0x08000364                DCMI_IRQHandler
                0x08000364                CAN2_RX0_IRQHandler
                0x08000364                DMA2_Stream3_IRQHandler
                0x08000364                SAI2_IRQHandler
                0x08000364                USART6_IRQHandler
                0x08000364                CAN1_RX1_IRQHandler
                0x08000364                UART5_IRQHandler
                0x08000364                DMA2_Stream0_IRQHandler
                0x08000364                I2C4_Error_IRQHandler
                0x08000364                TIM4_IRQHandler
                0x08000364                QUADSPI_IRQHandler
                0x08000364                I2C1_EV_IRQHandler
                0x08000364                DMA1_Stream6_IRQHandler
                0x08000364                DMA1_Stream1_IRQHandler
                0x08000364                UART4_IRQHandler
                0x08000364                TIM3_IRQHandler
                0x08000364                RCC_IRQHandler
                0x08000364                TIM8_BRK_TIM12_IRQHandler
                0x08000364                Default_Handler
                0x08000364                CEC_IRQHandler
                0x08000364                ADC_IRQHandler
                0x08000364                DMA1_Stream7_IRQHandler
                0x08000364                TIM7_IRQHandler
                0x08000364                CAN2_TX_IRQHandler
                0x08000364                TIM5_IRQHandler
                0x08000364                DMA2_Stream7_IRQHandler
                0x08000364                I2C3_EV_IRQHandler
                0x08000364                EXTI9_5_IRQHandler
                0x08000364                RTC_WKUP_IRQHandler
                0x08000364                SPDIF_RX_IRQHandler
                0x08000364                SPI2_IRQHandler
                0x08000364                OTG_HS_EP1_IN_IRQHandler
                0x08000364                DMA1_Stream0_IRQHandler
                0x08000364                CAN1_TX_IRQHandler
                0x08000364                EXTI4_IRQHandler
                0x08000364                OTG_HS_EP1_OUT_IRQHandler
                0x08000364                WWDG_IRQHandler
                0x08000364                TIM2_IRQHandler
                0x08000364                OTG_FS_WKUP_IRQHandler
                0x08000364                TIM1_TRG_COM_TIM11_IRQHandler
                0x08000364                OTG_HS_IRQHandler
                0x08000364                EXTI1_IRQHandler
                0x08000364                USART2_IRQHandler
                0x08000364                I2C2_ER_IRQHandler
                0x08000364                DMA2_Stream1_IRQHandler
                0x08000364                CAN1_SCE_IRQHandler
                0x08000364                FLASH_IRQHandler
                0x08000364                DMA2_Stream4_IRQHandler
                0x08000364                USART1_IRQHandler
                0x08000364                OTG_FS_IRQHandler
                0x08000364                SPI3_IRQHandler
                0x08000364                DMA1_Stream4_IRQHandler
                0x08000364                I2C1_ER_IRQHandler
                0x08000364                FMC_IRQHandler
                0x08000364                I2C4_Event_IRQHandler
                0x08000364                DMA2_Stream6_IRQHandler
                0x08000364                SAI1_IRQHandler
                0x08000364                DMA1_Stream3_IRQHandler

.inits          0x08000368       0x28
                0x08000368                __data_regions_array_start = .
                0x08000368        0x4 LONG 0x80023a8 LOADADDR (.data)
                0x0800036c        0x4 LONG 0x20000000 ADDR (.data)
                0x08000370        0x4 LONG 0x20000028 (ADDR (.data) + SIZEOF (.data))
                0x08000374        0x4 LONG 0x80023a8 LOADADDR (.data_CCMRAM)
                0x08000378        0x4 LONG 0x10000000 ADDR (.data_CCMRAM)
                0x0800037c        0x4 LONG 0x10000000 (ADDR (.data_CCMRAM) + SIZEOF (.data_CCMRAM))
                0x08000380                __data_regions_array_end = .
                0x08000380                __bss_regions_array_start = .
                0x08000380        0x4 LONG 0x20000028 ADDR (.bss)
                0x08000384        0x4 LONG 0x2000017c (ADDR (.bss) + SIZEOF (.bss))
                0x08000388        0x4 LONG 0x10000000 ADDR (.bss_CCMRAM)
                0x0800038c        0x4 LONG 0x10000000 (ADDR (.bss_CCMRAM) + SIZEOF (.bss_CCMRAM))
                0x08000390                __bss_regions_array_end = .
 *(.init)
 *(.fini)
                0x08000390                . = ALIGN (0x4)
                0x08000390                PROVIDE (__preinit_array_start = .)
 *(.preinit_array_sysinit .preinit_array_sysinit.*)
 *(.preinit_array_platform .preinit_array_platform.*)
 *(.preinit_array .preinit_array.*)
                0x08000390                PROVIDE (__preinit_array_end = .)
                0x08000390                . = ALIGN (0x4)
                0x08000390                PROVIDE (__init_array_start = .)
 *(SORT_BY_NAME(.init_array.*))
 *(.init_array)
                0x08000390                PROVIDE (__init_array_end = .)
                0x08000390                . = ALIGN (0x4)
                0x08000390                PROVIDE (__fini_array_start = .)
 *(SORT_BY_NAME(.fini_array.*))
 *(.fini_array)
                0x08000390                PROVIDE (__fini_array_end = .)

.flashtext
 *(.flashtext .flashtext.*)

.text           0x08000390     0x2018
 *(.text .text.*)
 .text.HAL_InitTick
                0x08000390       0x2c ./system/src/stm32f4-hal/stm32f4xx_hal.o
                0x08000390                HAL_InitTick
 .text.HAL_Init
                0x080003bc       0x34 ./system/src/stm32f4-hal/stm32f4xx_hal.o
                0x080003bc                HAL_Init
 .text.HAL_IncTick
                0x080003f0       0x10 ./system/src/stm32f4-hal/stm32f4xx_hal.o
                0x080003f0                HAL_IncTick
 .text.HAL_GetTick
                0x08000400        0xc ./system/src/stm32f4-hal/stm32f4xx_hal.o
                0x08000400                HAL_GetTick
 .text.HAL_NVIC_SetPriorityGrouping
                0x0800040c       0x3c ./system/src/stm32f4-hal/stm32f4xx_hal_cortex.o
                0x0800040c                HAL_NVIC_SetPriorityGrouping
 .text.HAL_NVIC_SetPriority
                0x08000448       0x8c ./system/src/stm32f4-hal/stm32f4xx_hal_cortex.o
                0x08000448                HAL_NVIC_SetPriority
 .text.HAL_NVIC_EnableIRQ
                0x080004d4       0x2c ./system/src/stm32f4-hal/stm32f4xx_hal_cortex.o
                0x080004d4                HAL_NVIC_EnableIRQ
 .text.HAL_SYSTICK_Config
                0x08000500       0x2c ./system/src/stm32f4-hal/stm32f4xx_hal_cortex.o
                0x08000500                HAL_SYSTICK_Config
 .text.HAL_SYSTICK_CLKSourceConfig
                0x0800052c       0x3c ./system/src/stm32f4-hal/stm32f4xx_hal_cortex.o
                0x0800052c                HAL_SYSTICK_CLKSourceConfig
 .text.HAL_DMA_Abort_IT
                0x08000568       0x26 ./system/src/stm32f4-hal/stm32f4xx_hal_dma.o
                0x08000568                HAL_DMA_Abort_IT
 *fill*         0x0800058e        0x2 
 .text.HAL_GPIO_Init
                0x08000590      0x2e4 ./system/src/stm32f4-hal/stm32f4xx_hal_gpio.o
                0x08000590                HAL_GPIO_Init
 .text.HAL_GPIO_WritePin
                0x08000874       0x38 ./system/src/stm32f4-hal/stm32f4xx_hal_gpio.o
                0x08000874                HAL_GPIO_WritePin
 .text.HAL_GPIO_EXTI_IRQHandler
                0x080008ac       0x1c ./system/src/stm32f4-hal/stm32f4xx_hal_gpio.o
                0x080008ac                HAL_GPIO_EXTI_IRQHandler
 .text.HAL_I2C_Init
                0x080008c8      0x1f8 ./system/src/stm32f4-hal/stm32f4xx_hal_i2c.o
                0x080008c8                HAL_I2C_Init
 .text.HAL_RCC_OscConfig
                0x08000ac0      0x43c ./system/src/stm32f4-hal/stm32f4xx_hal_rcc.o
                0x08000ac0                HAL_RCC_OscConfig
 .text.HAL_RCC_GetSysClockFreq
                0x08000efc       0x94 ./system/src/stm32f4-hal/stm32f4xx_hal_rcc.o
                0x08000efc                HAL_RCC_GetSysClockFreq
 .text.HAL_RCC_ClockConfig
                0x08000f90      0x258 ./system/src/stm32f4-hal/stm32f4xx_hal_rcc.o
                0x08000f90                HAL_RCC_ClockConfig
 .text.HAL_RCC_GetHCLKFreq
                0x080011e8        0xc ./system/src/stm32f4-hal/stm32f4xx_hal_rcc.o
                0x080011e8                HAL_RCC_GetHCLKFreq
 .text.HAL_RCC_GetPCLK1Freq
                0x080011f4       0x2c ./system/src/stm32f4-hal/stm32f4xx_hal_rcc.o
                0x080011f4                HAL_RCC_GetPCLK1Freq
 .text.HAL_RCC_GetPCLK2Freq
                0x08001220       0x2c ./system/src/stm32f4-hal/stm32f4xx_hal_rcc.o
                0x08001220                HAL_RCC_GetPCLK2Freq
 .text.HAL_SPI_Init
                0x0800124c      0x1dc ./system/src/stm32f4-hal/stm32f4xx_hal_spi.o
                0x0800124c                HAL_SPI_Init
 .text._exit    0x08001428        0x2 ./system/src/newlib/_exit.o
                0x08001428                _exit
 .text.abort    0x0800142a        0x8 ./system/src/newlib/_exit.o
                0x0800142a                abort
 *fill*         0x08001432        0x2 
 .text.__initialize_args
                0x08001434       0x10 ./system/src/newlib/_syscalls.o
                0x08001434                __initialize_args
 .text.assert_failed
                0x08001444        0x6 ./system/src/newlib/assert.o
                0x08001444                assert_failed
 *fill*         0x0800144a        0x2 
 .text.__initialize_hardware_early
                0x0800144c       0x18 ./system/src/cortexm/_initialize_hardware.o
                0x0800144c                __initialize_hardware_early
 .text.SystemInit
                0x08001464       0x40 ./system/src/cmsis/system_stm32f4xx.o
                0x08001464                SystemInit
 .text.SystemCoreClockUpdate
                0x080014a4       0xa0 ./system/src/cmsis/system_stm32f4xx.o
                0x080014a4                SystemCoreClockUpdate
 .text.blink_led_init
                0x08001544       0x78 ./src/BlinkLed.o
                0x08001544                blink_led_init
 .text.InitI2C  0x080015bc       0x38 ./src/I2C_Handler.o
                0x080015bc                InitI2C
 .text.HAL_I2C_MspInit
                0x080015f4       0x80 ./src/I2C_Handler.o
                0x080015f4                HAL_I2C_MspInit
 .text.EXTI15_10_IRQHandler_Config
                0x08001674       0x54 ./src/Interrupt_Handler.o
                0x08001674                EXTI15_10_IRQHandler_Config
 .text.HAL_GPIO_EXTI_Callback
                0x080016c8       0xbc ./src/Interrupt_Handler.o
                0x080016c8                HAL_GPIO_EXTI_Callback
 .text.EXTI15_10_IRQHandler
                0x08001784        0xc ./src/Interrupt_Handler.o
                0x08001784                EXTI15_10_IRQHandler
 .text.USART3_IRQHandler
                0x08001790       0x10 ./src/Interrupt_Handler.o
                0x08001790                USART3_IRQHandler
 .text.HAL_UART_RxCpltCallback
                0x080017a0        0xc ./src/Interrupt_Handler.o
                0x080017a0                HAL_UART_RxCpltCallback
 .text.HAL_UART_TxCpltCallback
                0x080017ac        0xc ./src/Interrupt_Handler.o
                0x080017ac                HAL_UART_TxCpltCallback
 .text.InitSPI  0x080017b8       0x38 ./src/SPI_Handler.o
                0x080017b8                InitSPI
 .text.HAL_SPI_MspInit
                0x080017f0       0x9c ./src/SPI_Handler.o
                0x080017f0                HAL_SPI_MspInit
 .text.timer_start
                0x0800188c       0x3c ./src/Timer.o
                0x0800188c                timer_start
 .text.timer_tick
                0x080018c8       0x14 ./src/Timer.o
                0x080018c8                timer_tick
 .text.SysTick_Handler
                0x080018dc        0xc ./src/Timer.o
                0x080018dc                SysTick_Handler
 .text.InitUSART3
                0x080018e8       0x2c ./src/USART_Handler.o
                0x080018e8                InitUSART3
 .text.HAL_UART_MspInit
                0x08001914       0x7c ./src/USART_Handler.o
                0x08001914                HAL_UART_MspInit
 .text.ButtonInit
                0x08001990       0x3c ./src/USART_Handler.o
                0x08001990                ButtonInit
 .text.SystemClock_Config
                0x080019cc       0x9c ./src/_initialize_hardware.o
                0x080019cc                SystemClock_Config
 .text.__initialize_hardware
                0x08001a68       0x10 ./src/_initialize_hardware.o
                0x08001a68                __initialize_hardware
 .text.main     0x08001a78       0x28 ./src/main.o
                0x08001a78                main
 .text.HAL_MspInit
                0x08001aa0        0x2 ./src/stm32f4xx_hal_msp.o
                0x08001aa0                HAL_MspInit
 .text.UART_EndRxTransfer
                0x08001aa2       0x1c ./src/stm32f4xx_hal_uart.o
 .text.UART_Transmit_IT
                0x08001abe       0x68 ./src/stm32f4xx_hal_uart.o
 *fill*         0x08001b26        0x2 
 .text.UART_SetConfig
                0x08001b28      0x3a0 ./src/stm32f4xx_hal_uart.o
 .text.HAL_UART_Init
                0x08001ec8      0x128 ./src/stm32f4xx_hal_uart.o
                0x08001ec8                HAL_UART_Init
 .text.HAL_UART_Transmit_IT
                0x08001ff0       0x48 ./src/stm32f4xx_hal_uart.o
                0x08001ff0                HAL_UART_Transmit_IT
 .text.HAL_UART_Receive_IT
                0x08002038       0x52 ./src/stm32f4xx_hal_uart.o
                0x08002038                HAL_UART_Receive_IT
 .text.UART_EndTransmit_IT
                0x0800208a       0x1a ./src/stm32f4xx_hal_uart.o
 .text.UART_Receive_IT
                0x080020a4       0x92 ./src/stm32f4xx_hal_uart.o
 .text.HAL_UART_ErrorCallback
                0x08002136        0x2 ./src/stm32f4xx_hal_uart.o
                0x08002136                HAL_UART_ErrorCallback
 .text.HAL_UART_IRQHandler
                0x08002138      0x120 ./src/stm32f4xx_hal_uart.o
                0x08002138                HAL_UART_IRQHandler
 .text.UART_DMAAbortOnError
                0x08002258       0x10 ./src/stm32f4xx_hal_uart.o
 .text.memset   0x08002268       0x10 c:/gnu tools arm embedded/7 2018-q2-update/bin/../lib/gcc/arm-none-eabi/7.3.1/../../../../arm-none-eabi/lib/thumb/v7e-m\libg_nano.a(lib_a-memset.o)
                0x08002268                memset
 *(.rodata .rodata.* .constdata .constdata.*)
 .rodata.HAL_NVIC_SetPriorityGrouping.str1.4
                0x08002278       0x31 ./system/src/stm32f4-hal/stm32f4xx_hal_cortex.o
 *fill*         0x080022a9        0x3 
 .rodata.HAL_GPIO_Init.str1.4
                0x080022ac       0x2f ./system/src/stm32f4-hal/stm32f4xx_hal_gpio.o
 *fill*         0x080022db        0x1 
 .rodata.HAL_I2C_Init.str1.4
                0x080022dc       0x2e ./system/src/stm32f4-hal/stm32f4xx_hal_i2c.o
 *fill*         0x0800230a        0x2 
 .rodata.APBAHBPrescTable
                0x0800230c       0x10 ./system/src/stm32f4-hal/stm32f4xx_hal_rcc.o
                0x0800230c                APBAHBPrescTable
 .rodata.HAL_RCC_OscConfig.str1.4
                0x0800231c       0x2e ./system/src/stm32f4-hal/stm32f4xx_hal_rcc.o
 *fill*         0x0800234a        0x2 
 .rodata.HAL_SPI_Init.str1.4
                0x0800234c       0x2e ./system/src/stm32f4-hal/stm32f4xx_hal_spi.o
 *fill*         0x0800237a        0x2 
 .rodata.AHBPrescTable
                0x0800237c       0x10 ./system/src/cmsis/system_stm32f4xx.o
                0x0800237c                AHBPrescTable
 .rodata.UART_SetConfig.str1.4
                0x0800238c       0x1c ./src/stm32f4xx_hal_uart.o
 *(vtable)
 *(.eh_frame*)
 *(.glue_7)
 .glue_7        0x080023a8        0x0 linker stubs
 *(.glue_7t)
 .glue_7t       0x080023a8        0x0 linker stubs

.vfp11_veneer   0x080023a8        0x0
 .vfp11_veneer  0x080023a8        0x0 linker stubs

.v4_bx          0x080023a8        0x0
 .v4_bx         0x080023a8        0x0 linker stubs

.iplt           0x080023a8        0x0
 .iplt          0x080023a8        0x0 ./system/src/stm32f4-hal/stm32f4xx_hal.o

.rel.dyn        0x080023a8        0x0
 .rel.iplt      0x080023a8        0x0 ./system/src/stm32f4-hal/stm32f4xx_hal.o

.ARM.extab
 *(.ARM.extab* .gnu.linkonce.armextab.*)
                0x080023a8                . = ALIGN (0x4)
                0x080023a8                __exidx_start = .

.ARM.exidx
 *(.ARM.exidx* .gnu.linkonce.armexidx.*)
                0x080023a8                __exidx_end = .
                0x080023a8                . = ALIGN (0x4)
                0x080023a8                _etext = .
                0x080023a8                __etext = .

.data_CCMRAM    0x10000000        0x0 load address 0x080023a8
 FILL mask 0xff
 *(.data.CCMRAM .data.CCMRAM.*)
                0x10000000                . = ALIGN (0x4)
                0x080023a8                _sidata = LOADADDR (.data)

.data           0x20000000       0x28 load address 0x080023a8
 FILL mask 0xff
                0x20000000                _sdata = .
                0x20000000                __data_start__ = .
 *(.data_begin .data_begin.*)
 .data_begin    0x20000000        0x4 ./system/src/newlib/_startup.o
 *(.data .data.*)
 .data.argv.4310
                0x20000004        0x8 ./system/src/newlib/_syscalls.o
 .data.SystemCoreClock
                0x2000000c        0x4 ./system/src/cmsis/system_stm32f4xx.o
                0x2000000c                SystemCoreClock
 .data.uart_transmit_it_buffer
                0x20000010       0x11 ./src/Interrupt_Handler.o
                0x20000010                uart_transmit_it_buffer
 *(.data_end .data_end.*)
 *fill*         0x20000021        0x3 ff
 .data_end      0x20000024        0x4 ./system/src/newlib/_startup.o
                0x20000028                . = ALIGN (0x4)
                0x20000028                _edata = .
                0x20000028                __data_end__ = .

.igot.plt       0x20000028        0x0 load address 0x080023d0
 .igot.plt      0x20000028        0x0 ./system/src/stm32f4-hal/stm32f4xx_hal.o

.bss_CCMRAM     0x10000000        0x0
 *(.bss.CCMRAM .bss.CCMRAM.*)

.bss            0x20000028      0x154
                0x20000028                __bss_start__ = .
                0x20000028                _sbss = .
 *(.bss_begin .bss_begin.*)
 .bss_begin     0x20000028        0x4 ./system/src/newlib/_startup.o
 *(.bss .bss.*)
 .bss.name.4309
                0x2000002c        0x1 ./system/src/newlib/_syscalls.o
 *fill*         0x2000002d        0x3 
 .bss.UART_RECEIVE_IT_FLAG
                0x20000030        0x4 ./src/Interrupt_Handler.o
                0x20000030                UART_RECEIVE_IT_FLAG
 .bss.UART_TRANSMIT_IT_FLAG
                0x20000034        0x4 ./src/Interrupt_Handler.o
                0x20000034                UART_TRANSMIT_IT_FLAG
 .bss.last_interrupt_time.10548
                0x20000038        0x4 ./src/Interrupt_Handler.o
 .bss.ledPin    0x2000003c        0x4 ./src/main.o
                0x2000003c                ledPin
 *(COMMON)
 COMMON         0x20000040        0x4 ./system/src/stm32f4-hal/stm32f4xx_hal.o
                0x20000040                uwTick
 COMMON         0x20000044       0x54 ./src/I2C_Handler.o
                0x20000044                I2cHandle
 COMMON         0x20000098        0x1 ./src/Interrupt_Handler.o
                0x20000098                uart_receive_it_buffer
 *fill*         0x20000099        0x3 
 COMMON         0x2000009c       0x58 ./src/SPI_Handler.o
                0x2000009c                SpiHandle
 COMMON         0x200000f4        0x4 ./src/Timer.o
                0x200000f4                timer_delayCount
 COMMON         0x200000f8       0x80 ./src/USART_Handler.o
                0x200000f8                UartHandle2
                0x20000138                UartHandle
 *(.bss_end .bss_end.*)
 .bss_end       0x20000178        0x4 ./system/src/newlib/_startup.o
                0x2000017c                . = ALIGN (0x4)
                0x2000017c                __bss_end__ = .
                0x2000017c                _ebss = .

.noinit_CCMRAM
 *(.noinit.CCMRAM .noinit.CCMRAM.*)

.noinit         0x2000017c        0x0
                0x2000017c                _noinit = .
 *(.noinit .noinit.*)
                0x2000017c                . = ALIGN (0x4)
                0x2000017c                _end_noinit = .
                [!provide]                PROVIDE (end = _end_noinit)
                [!provide]                PROVIDE (_end = _end_noinit)
                [!provide]                PROVIDE (__end = _end_noinit)
                [!provide]                PROVIDE (__end__ = _end_noinit)

._check_stack   0x2000017c      0x100
                0x2000027c                . = (. + _Minimum_Stack_Size)
 *fill*         0x2000017c      0x100 

.b1text
 *(.b1text)
 *(.b1rodata)
 *(.b1rodata.*)

.eb0text
 *(.eb0text)
 *(.eb0rodata)
 *(.eb0rodata.*)

.eb1text
 *(.eb1text)
 *(.eb1rodata)
 *(.eb1rodata.*)

.eb2text
 *(.eb2text)
 *(.eb2rodata)
 *(.eb2rodata.*)

.eb3text
 *(.eb3text)
 *(.eb3rodata)
 *(.eb3rodata.*)

.stab
 *(.stab)

.stabstr
 *(.stabstr)

.stab.excl
 *(.stab.excl)

.stab.exclstr
 *(.stab.exclstr)

.stab.index
 *(.stab.index)

.stab.indexstr
 *(.stab.indexstr)

.comment        0x00000000       0x7f
 *(.comment)
 .comment       0x00000000       0x7f ./system/src/stm32f4-hal/stm32f4xx_hal.o
                                 0x80 (size before relaxing)
 .comment       0x0000007f       0x80 ./system/src/stm32f4-hal/stm32f4xx_hal_cortex.o
 .comment       0x0000007f       0x80 ./system/src/stm32f4-hal/stm32f4xx_hal_dma.o
 .comment       0x0000007f       0x80 ./system/src/stm32f4-hal/stm32f4xx_hal_gpio.o
 .comment       0x0000007f       0x80 ./system/src/stm32f4-hal/stm32f4xx_hal_i2c.o
 .comment       0x0000007f       0x80 ./system/src/stm32f4-hal/stm32f4xx_hal_rcc.o
 .comment       0x0000007f       0x80 ./system/src/stm32f4-hal/stm32f4xx_hal_spi.o
 .comment       0x0000007f       0x80 ./system/src/newlib/_exit.o
 .comment       0x0000007f       0x80 ./system/src/newlib/_startup.o
 .comment       0x0000007f       0x80 ./system/src/newlib/_syscalls.o
 .comment       0x0000007f       0x80 ./system/src/newlib/assert.o
 .comment       0x0000007f       0x80 ./system/src/cortexm/_initialize_hardware.o
 .comment       0x0000007f       0x80 ./system/src/cortexm/exception_handlers.o
 .comment       0x0000007f       0x80 ./system/src/cmsis/system_stm32f4xx.o
 .comment       0x0000007f       0x80 ./system/src/cmsis/vectors_stm32f446xx.o
 .comment       0x0000007f       0x80 ./src/BlinkLed.o
 .comment       0x0000007f       0x80 ./src/I2C_Handler.o
 .comment       0x0000007f       0x80 ./src/Interrupt_Handler.o
 .comment       0x0000007f       0x80 ./src/SPI_Handler.o
 .comment       0x0000007f       0x80 ./src/Timer.o
 .comment       0x0000007f       0x80 ./src/USART_Handler.o
 .comment       0x0000007f       0x80 ./src/_initialize_hardware.o
 .comment       0x0000007f       0x80 ./src/main.o
 .comment       0x0000007f       0x80 ./src/stm32f4xx_hal_msp.o
 .comment       0x0000007f       0x80 ./src/stm32f4xx_hal_uart.o

.ARM.attributes
                0x00000000       0x33
 .ARM.attributes
                0x00000000       0x33 ./system/src/stm32f4-hal/stm32f4xx_hal.o
 .ARM.attributes
                0x00000033       0x33 ./system/src/stm32f4-hal/stm32f4xx_hal_cortex.o
 .ARM.attributes
                0x00000066       0x33 ./system/src/stm32f4-hal/stm32f4xx_hal_dma.o
 .ARM.attributes
                0x00000099       0x33 ./system/src/stm32f4-hal/stm32f4xx_hal_gpio.o
 .ARM.attributes
                0x000000cc       0x33 ./system/src/stm32f4-hal/stm32f4xx_hal_i2c.o
 .ARM.attributes
                0x000000ff       0x33 ./system/src/stm32f4-hal/stm32f4xx_hal_rcc.o
 .ARM.attributes
                0x00000132       0x33 ./system/src/stm32f4-hal/stm32f4xx_hal_spi.o
 .ARM.attributes
                0x00000165       0x33 ./system/src/newlib/_exit.o
 .ARM.attributes
                0x00000198       0x33 ./system/src/newlib/_startup.o
 .ARM.attributes
                0x000001cb       0x33 ./system/src/newlib/_syscalls.o
 .ARM.attributes
                0x000001fe       0x33 ./system/src/newlib/assert.o
 .ARM.attributes
                0x00000231       0x33 ./system/src/cortexm/_initialize_hardware.o
 .ARM.attributes
                0x00000264       0x33 ./system/src/cortexm/exception_handlers.o
 .ARM.attributes
                0x00000297       0x33 ./system/src/cmsis/system_stm32f4xx.o
 .ARM.attributes
                0x000002ca       0x33 ./system/src/cmsis/vectors_stm32f446xx.o
 .ARM.attributes
                0x000002fd       0x33 ./src/BlinkLed.o
 .ARM.attributes
                0x00000330       0x33 ./src/I2C_Handler.o
 .ARM.attributes
                0x00000363       0x33 ./src/Interrupt_Handler.o
 .ARM.attributes
                0x00000396       0x33 ./src/SPI_Handler.o
 .ARM.attributes
                0x000003c9       0x33 ./src/Timer.o
 .ARM.attributes
                0x000003fc       0x33 ./src/USART_Handler.o
 .ARM.attributes
                0x0000042f       0x33 ./src/_initialize_hardware.o
 .ARM.attributes
                0x00000462       0x33 ./src/main.o
 .ARM.attributes
                0x00000495       0x33 ./src/stm32f4xx_hal_msp.o
 .ARM.attributes
                0x000004c8       0x33 ./src/stm32f4xx_hal_uart.o
 .ARM.attributes
                0x000004fb       0x2e c:/gnu tools arm embedded/7 2018-q2-update/bin/../lib/gcc/arm-none-eabi/7.3.1/../../../../arm-none-eabi/lib/thumb/v7e-m\libg_nano.a(lib_a-memset.o)

.debug
 *(.debug)

.line
 *(.line)

.debug_srcinfo
 *(.debug_srcinfo)

.debug_sfnames
 *(.debug_sfnames)

.debug_aranges  0x00000000      0xbf0
 *(.debug_aranges)
 .debug_aranges
                0x00000000       0xc0 ./system/src/stm32f4-hal/stm32f4xx_hal.o
 .debug_aranges
                0x000000c0       0x98 ./system/src/stm32f4-hal/stm32f4xx_hal_cortex.o
 .debug_aranges
                0x00000158       0x90 ./system/src/stm32f4-hal/stm32f4xx_hal_dma.o
 .debug_aranges
                0x000001e8       0x58 ./system/src/stm32f4-hal/stm32f4xx_hal_gpio.o
 .debug_aranges
                0x00000240      0x268 ./system/src/stm32f4-hal/stm32f4xx_hal_i2c.o
 .debug_aranges
                0x000004a8       0x88 ./system/src/stm32f4-hal/stm32f4xx_hal_rcc.o
 .debug_aranges
                0x00000530      0x1a0 ./system/src/stm32f4-hal/stm32f4xx_hal_spi.o
 .debug_aranges
                0x000006d0       0x28 ./system/src/newlib/_exit.o
 .debug_aranges
                0x000006f8       0x40 ./system/src/newlib/_startup.o
 .debug_aranges
                0x00000738       0x30 ./system/src/newlib/_syscalls.o
 .debug_aranges
                0x00000768       0x28 ./system/src/newlib/assert.o
 .debug_aranges
                0x00000790       0x28 ./system/src/cortexm/_initialize_hardware.o
 .debug_aranges
                0x000007b8       0x80 ./system/src/cortexm/exception_handlers.o
 .debug_aranges
                0x00000838       0x28 ./system/src/cmsis/system_stm32f4xx.o
 .debug_aranges
                0x00000860       0x20 ./system/src/cmsis/vectors_stm32f446xx.o
 .debug_aranges
                0x00000880       0x20 ./src/BlinkLed.o
 .debug_aranges
                0x000008a0       0x28 ./src/I2C_Handler.o
 .debug_aranges
                0x000008c8       0x48 ./src/Interrupt_Handler.o
 .debug_aranges
                0x00000910       0x28 ./src/SPI_Handler.o
 .debug_aranges
                0x00000938       0x38 ./src/Timer.o
 .debug_aranges
                0x00000970       0x30 ./src/USART_Handler.o
 .debug_aranges
                0x000009a0       0x28 ./src/_initialize_hardware.o
 .debug_aranges
                0x000009c8       0x20 ./src/main.o
 .debug_aranges
                0x000009e8       0x38 ./src/stm32f4xx_hal_msp.o
 .debug_aranges
                0x00000a20      0x1d0 ./src/stm32f4xx_hal_uart.o

.debug_pubnames
 *(.debug_pubnames)

.debug_info     0x00000000    0x1bdef
 *(.debug_info .gnu.linkonce.wi.*)
 .debug_info    0x00000000     0x1142 ./system/src/stm32f4-hal/stm32f4xx_hal.o
 .debug_info    0x00001142     0x1917 ./system/src/stm32f4-hal/stm32f4xx_hal_cortex.o
 .debug_info    0x00002a59     0x1417 ./system/src/stm32f4-hal/stm32f4xx_hal_dma.o
 .debug_info    0x00003e70     0x10dc ./system/src/stm32f4-hal/stm32f4xx_hal_gpio.o
 .debug_info    0x00004f4c     0x3b4d ./system/src/stm32f4-hal/stm32f4xx_hal_i2c.o
 .debug_info    0x00008a99     0x1794 ./system/src/stm32f4-hal/stm32f4xx_hal_rcc.o
 .debug_info    0x0000a22d     0x2377 ./system/src/stm32f4-hal/stm32f4xx_hal_spi.o
 .debug_info    0x0000c5a4      0x94a ./system/src/newlib/_exit.o
 .debug_info    0x0000ceee      0x4bf ./system/src/newlib/_startup.o
 .debug_info    0x0000d3ad      0xa19 ./system/src/newlib/_syscalls.o
 .debug_info    0x0000ddc6      0x9c8 ./system/src/newlib/assert.o
 .debug_info    0x0000e78e      0xade ./system/src/cortexm/_initialize_hardware.o
 .debug_info    0x0000f26c      0xb02 ./system/src/cortexm/exception_handlers.o
 .debug_info    0x0000fd6e      0xd08 ./system/src/cmsis/system_stm32f4xx.o
 .debug_info    0x00010a76       0xca ./system/src/cmsis/vectors_stm32f446xx.o
 .debug_info    0x00010b40      0xcb9 ./src/BlinkLed.o
 .debug_info    0x000117f9     0x11a6 ./src/I2C_Handler.o
 .debug_info    0x0001299f     0x1555 ./src/Interrupt_Handler.o
 .debug_info    0x00013ef4     0x11a7 ./src/SPI_Handler.o
 .debug_info    0x0001509b      0xf5e ./src/Timer.o
 .debug_info    0x00015ff9     0x13e1 ./src/USART_Handler.o
 .debug_info    0x000173da      0xd4a ./src/_initialize_hardware.o
 .debug_info    0x00018124     0x1225 ./src/main.o
 .debug_info    0x00019349      0x90f ./src/stm32f4xx_hal_msp.o
 .debug_info    0x00019c58     0x2197 ./src/stm32f4xx_hal_uart.o

.debug_abbrev   0x00000000     0x3dd7
 *(.debug_abbrev)
 .debug_abbrev  0x00000000      0x32b ./system/src/stm32f4-hal/stm32f4xx_hal.o
 .debug_abbrev  0x0000032b      0x3f1 ./system/src/stm32f4-hal/stm32f4xx_hal_cortex.o
 .debug_abbrev  0x0000071c      0x32c ./system/src/stm32f4-hal/stm32f4xx_hal_dma.o
 .debug_abbrev  0x00000a48      0x2de ./system/src/stm32f4-hal/stm32f4xx_hal_gpio.o
 .debug_abbrev  0x00000d26      0x2fb ./system/src/stm32f4-hal/stm32f4xx_hal_i2c.o
 .debug_abbrev  0x00001021      0x394 ./system/src/stm32f4-hal/stm32f4xx_hal_rcc.o
 .debug_abbrev  0x000013b5      0x2f2 ./system/src/stm32f4-hal/stm32f4xx_hal_spi.o
 .debug_abbrev  0x000016a7      0x1f5 ./system/src/newlib/_exit.o
 .debug_abbrev  0x0000189c      0x1cb ./system/src/newlib/_startup.o
 .debug_abbrev  0x00001a67      0x234 ./system/src/newlib/_syscalls.o
 .debug_abbrev  0x00001c9b      0x201 ./system/src/newlib/assert.o
 .debug_abbrev  0x00001e9c      0x1de ./system/src/cortexm/_initialize_hardware.o
 .debug_abbrev  0x0000207a      0x23a ./system/src/cortexm/exception_handlers.o
 .debug_abbrev  0x000022b4      0x216 ./system/src/cmsis/system_stm32f4xx.o
 .debug_abbrev  0x000024ca       0x9d ./system/src/cmsis/vectors_stm32f446xx.o
 .debug_abbrev  0x00002567      0x255 ./src/BlinkLed.o
 .debug_abbrev  0x000027bc      0x274 ./src/I2C_Handler.o
 .debug_abbrev  0x00002a30      0x2b0 ./src/Interrupt_Handler.o
 .debug_abbrev  0x00002ce0      0x25c ./src/SPI_Handler.o
 .debug_abbrev  0x00002f3c      0x2b2 ./src/Timer.o
 .debug_abbrev  0x000031ee      0x27d ./src/USART_Handler.o
 .debug_abbrev  0x0000346b      0x22d ./src/_initialize_hardware.o
 .debug_abbrev  0x00003698      0x24a ./src/main.o
 .debug_abbrev  0x000038e2      0x1b1 ./src/stm32f4xx_hal_msp.o
 .debug_abbrev  0x00003a93      0x344 ./src/stm32f4xx_hal_uart.o

.debug_line     0x00000000    0x11bfd
 *(.debug_line)
 .debug_line    0x00000000      0xbe2 ./system/src/stm32f4-hal/stm32f4xx_hal.o
 .debug_line    0x00000be2      0xcd9 ./system/src/stm32f4-hal/stm32f4xx_hal_cortex.o
 .debug_line    0x000018bb      0xeb5 ./system/src/stm32f4-hal/stm32f4xx_hal_dma.o
 .debug_line    0x00002770      0xce3 ./system/src/stm32f4-hal/stm32f4xx_hal_gpio.o
 .debug_line    0x00003453     0x2045 ./system/src/stm32f4-hal/stm32f4xx_hal_i2c.o
 .debug_line    0x00005498      0xe64 ./system/src/stm32f4-hal/stm32f4xx_hal_rcc.o
 .debug_line    0x000062fc     0x14c5 ./system/src/stm32f4-hal/stm32f4xx_hal_spi.o
 .debug_line    0x000077c1      0x322 ./system/src/newlib/_exit.o
 .debug_line    0x00007ae3      0x39f ./system/src/newlib/_startup.o
 .debug_line    0x00007e82      0x3e2 ./system/src/newlib/_syscalls.o
 .debug_line    0x00008264      0x34b ./system/src/newlib/assert.o
 .debug_line    0x000085af      0xa7e ./system/src/cortexm/_initialize_hardware.o
 .debug_line    0x0000902d      0xb65 ./system/src/cortexm/exception_handlers.o
 .debug_line    0x00009b92      0xa84 ./system/src/cmsis/system_stm32f4xx.o
 .debug_line    0x0000a616       0xf7 ./system/src/cmsis/vectors_stm32f446xx.o
 .debug_line    0x0000a70d      0xa67 ./src/BlinkLed.o
 .debug_line    0x0000b174      0xa75 ./src/I2C_Handler.o
 .debug_line    0x0000bbe9      0xafa ./src/Interrupt_Handler.o
 .debug_line    0x0000c6e3      0xa7c ./src/SPI_Handler.o
 .debug_line    0x0000d15f      0xad8 ./src/Timer.o
 .debug_line    0x0000dc37      0xa8f ./src/USART_Handler.o
 .debug_line    0x0000e6c6      0xa75 ./src/_initialize_hardware.o
 .debug_line    0x0000f13b      0xb46 ./src/main.o
 .debug_line    0x0000fc81      0xa78 ./src/stm32f4xx_hal_msp.o
 .debug_line    0x000106f9     0x1504 ./src/stm32f4xx_hal_uart.o

.debug_frame    0x00000000     0x1f34
 *(.debug_frame)
 .debug_frame   0x00000000      0x188 ./system/src/stm32f4-hal/stm32f4xx_hal.o
 .debug_frame   0x00000188      0x17c ./system/src/stm32f4-hal/stm32f4xx_hal_cortex.o
 .debug_frame   0x00000304      0x190 ./system/src/stm32f4-hal/stm32f4xx_hal_dma.o
 .debug_frame   0x00000494       0xfc ./system/src/stm32f4-hal/stm32f4xx_hal_gpio.o
 .debug_frame   0x00000590      0x87c ./system/src/stm32f4-hal/stm32f4xx_hal_i2c.o
 .debug_frame   0x00000e0c      0x140 ./system/src/stm32f4-hal/stm32f4xx_hal_rcc.o
 .debug_frame   0x00000f4c      0x51c ./system/src/stm32f4-hal/stm32f4xx_hal_spi.o
 .debug_frame   0x00001468       0x38 ./system/src/newlib/_exit.o
 .debug_frame   0x000014a0       0x7c ./system/src/newlib/_startup.o
 .debug_frame   0x0000151c       0x50 ./system/src/newlib/_syscalls.o
 .debug_frame   0x0000156c       0x40 ./system/src/newlib/assert.o
 .debug_frame   0x000015ac       0x40 ./system/src/cortexm/_initialize_hardware.o
 .debug_frame   0x000015ec       0xe8 ./system/src/cortexm/exception_handlers.o
 .debug_frame   0x000016d4       0x30 ./system/src/cmsis/system_stm32f4xx.o
 .debug_frame   0x00001704       0x20 ./system/src/cmsis/vectors_stm32f446xx.o
 .debug_frame   0x00001724       0x30 ./src/BlinkLed.o
 .debug_frame   0x00001754       0x4c ./src/I2C_Handler.o
 .debug_frame   0x000017a0       0x9c ./src/Interrupt_Handler.o
 .debug_frame   0x0000183c       0x48 ./src/SPI_Handler.o
 .debug_frame   0x00001884       0x58 ./src/Timer.o
 .debug_frame   0x000018dc       0x68 ./src/USART_Handler.o
 .debug_frame   0x00001944       0x48 ./src/_initialize_hardware.o
 .debug_frame   0x0000198c       0x28 ./src/main.o
 .debug_frame   0x000019b4       0x50 ./src/stm32f4xx_hal_msp.o
 .debug_frame   0x00001a04      0x510 ./src/stm32f4xx_hal_uart.o
 .debug_frame   0x00001f14       0x20 c:/gnu tools arm embedded/7 2018-q2-update/bin/../lib/gcc/arm-none-eabi/7.3.1/../../../../arm-none-eabi/lib/thumb/v7e-m\libg_nano.a(lib_a-memset.o)

.debug_str      0x00000000    0xa0bce
 *(.debug_str)
 .debug_str     0x00000000    0x9abc9 ./system/src/stm32f4-hal/stm32f4xx_hal.o
                              0x9b22c (size before relaxing)
 .debug_str     0x0009abc9      0x382 ./system/src/stm32f4-hal/stm32f4xx_hal_cortex.o
                              0x9b083 (size before relaxing)
 .debug_str     0x0009af4b      0xbbf ./system/src/stm32f4-hal/stm32f4xx_hal_dma.o
                              0x9ab1d (size before relaxing)
 .debug_str     0x0009bb0a      0x2d2 ./system/src/stm32f4-hal/stm32f4xx_hal_gpio.o
                              0x9aa7d (size before relaxing)
 .debug_str     0x0009bddc      0xcef ./system/src/stm32f4-hal/stm32f4xx_hal_i2c.o
                              0x9b577 (size before relaxing)
 .debug_str     0x0009cacb      0x383 ./system/src/stm32f4-hal/stm32f4xx_hal_rcc.o
                              0x9ac10 (size before relaxing)
 .debug_str     0x0009ce4e      0x640 ./system/src/stm32f4-hal/stm32f4xx_hal_spi.o
                              0x9aeb6 (size before relaxing)
 .debug_str     0x0009d48e     0x10fa ./system/src/newlib/_exit.o
                               0x7d85 (size before relaxing)
 .debug_str     0x0009e588      0x2c6 ./system/src/newlib/_startup.o
                               0x68d8 (size before relaxing)
 .debug_str     0x0009e84e     0x1311 ./system/src/newlib/_syscalls.o
                               0x8012 (size before relaxing)
 .debug_str     0x0009fb5f       0xd7 ./system/src/newlib/assert.o
                               0x8891 (size before relaxing)
 .debug_str     0x0009fc36       0x77 ./system/src/cortexm/_initialize_hardware.o
                              0x9a707 (size before relaxing)
 .debug_str     0x0009fcad      0x1db ./system/src/cortexm/exception_handlers.o
                              0x9b7e0 (size before relaxing)
 .debug_str     0x0009fe88       0x46 ./system/src/cmsis/system_stm32f4xx.o
                              0x9a7fb (size before relaxing)
 .debug_str     0x0009fece       0x59 ./system/src/cmsis/vectors_stm32f446xx.o
                               0x3858 (size before relaxing)
 .debug_str     0x0009ff27      0x146 ./src/BlinkLed.o
                              0x9a825 (size before relaxing)
 .debug_str     0x000a006d       0x4a ./src/I2C_Handler.o
                              0x9ac1a (size before relaxing)
 .debug_str     0x000a00b7      0x2ba ./src/Interrupt_Handler.o
                              0x9b304 (size before relaxing)
 .debug_str     0x000a0371      0x137 ./src/SPI_Handler.o
                              0x9ac4b (size before relaxing)
 .debug_str     0x000a04a8       0x76 ./src/Timer.o
                              0x9ad32 (size before relaxing)
 .debug_str     0x000a051e       0x5e ./src/USART_Handler.o
                              0x9b098 (size before relaxing)
 .debug_str     0x000a057c       0x31 ./src/_initialize_hardware.o
                              0x9a916 (size before relaxing)
 .debug_str     0x000a05ad      0x161 ./src/main.o
                              0x9c116 (size before relaxing)
 .debug_str     0x000a070e       0x3d ./src/stm32f4xx_hal_msp.o
                              0x9a64f (size before relaxing)
 .debug_str     0x000a074b      0x483 ./src/stm32f4xx_hal_uart.o
                              0x9af50 (size before relaxing)

.debug_loc      0x00000000     0x8307
 *(.debug_loc)
 .debug_loc     0x00000000       0x92 ./system/src/stm32f4-hal/stm32f4xx_hal.o
 .debug_loc     0x00000092      0x73b ./system/src/stm32f4-hal/stm32f4xx_hal_cortex.o
 .debug_loc     0x000007cd      0xaca ./system/src/stm32f4-hal/stm32f4xx_hal_dma.o
 .debug_loc     0x00001297      0x5af ./system/src/stm32f4-hal/stm32f4xx_hal_gpio.o
 .debug_loc     0x00001846     0x3360 ./system/src/stm32f4-hal/stm32f4xx_hal_i2c.o
 .debug_loc     0x00004ba6      0x50a ./system/src/stm32f4-hal/stm32f4xx_hal_rcc.o
 .debug_loc     0x000050b0     0x16dc ./system/src/stm32f4-hal/stm32f4xx_hal_spi.o
 .debug_loc     0x0000678c      0x2cb ./system/src/newlib/_startup.o
 .debug_loc     0x00006a57       0x63 ./system/src/newlib/_syscalls.o
 .debug_loc     0x00006aba       0xc6 ./system/src/newlib/assert.o
 .debug_loc     0x00006b80      0x13e ./system/src/cmsis/system_stm32f4xx.o
 .debug_loc     0x00006cbe       0x21 ./src/I2C_Handler.o
 .debug_loc     0x00006cdf       0x55 ./src/Interrupt_Handler.o
 .debug_loc     0x00006d34       0x21 ./src/SPI_Handler.o
 .debug_loc     0x00006d55       0x59 ./src/Timer.o
 .debug_loc     0x00006dae       0x21 ./src/USART_Handler.o
 .debug_loc     0x00006dcf       0x42 ./src/main.o
 .debug_loc     0x00006e11     0x14f6 ./src/stm32f4xx_hal_uart.o

.debug_macinfo
 *(.debug_macinfo)

.debug_weaknames
 *(.debug_weaknames)

.debug_funcnames
 *(.debug_funcnames)

.debug_typenames
 *(.debug_typenames)

.debug_varnames
 *(.debug_varnames)
OUTPUT(STM32_F446_ZE_Sandbox.elf elf32-littlearm)

.debug_ranges   0x00000000      0xb20
 .debug_ranges  0x00000000       0xb0 ./system/src/stm32f4-hal/stm32f4xx_hal.o
 .debug_ranges  0x000000b0       0xe8 ./system/src/stm32f4-hal/stm32f4xx_hal_cortex.o
 .debug_ranges  0x00000198       0x80 ./system/src/stm32f4-hal/stm32f4xx_hal_dma.o
 .debug_ranges  0x00000218       0x48 ./system/src/stm32f4-hal/stm32f4xx_hal_gpio.o
 .debug_ranges  0x00000260      0x258 ./system/src/stm32f4-hal/stm32f4xx_hal_i2c.o
 .debug_ranges  0x000004b8       0x78 ./system/src/stm32f4-hal/stm32f4xx_hal_rcc.o
 .debug_ranges  0x00000530      0x190 ./system/src/stm32f4-hal/stm32f4xx_hal_spi.o
 .debug_ranges  0x000006c0       0x18 ./system/src/newlib/_exit.o
 .debug_ranges  0x000006d8       0x90 ./system/src/newlib/_startup.o
 .debug_ranges  0x00000768       0x20 ./system/src/newlib/_syscalls.o
 .debug_ranges  0x00000788       0x18 ./system/src/newlib/assert.o
 .debug_ranges  0x000007a0       0x18 ./system/src/cortexm/_initialize_hardware.o
 .debug_ranges  0x000007b8       0x70 ./system/src/cortexm/exception_handlers.o
 .debug_ranges  0x00000828       0x18 ./system/src/cmsis/system_stm32f4xx.o
 .debug_ranges  0x00000840       0x10 ./system/src/cmsis/vectors_stm32f446xx.o
 .debug_ranges  0x00000850       0x10 ./src/BlinkLed.o
 .debug_ranges  0x00000860       0x18 ./src/I2C_Handler.o
 .debug_ranges  0x00000878       0x38 ./src/Interrupt_Handler.o
 .debug_ranges  0x000008b0       0x18 ./src/SPI_Handler.o
 .debug_ranges  0x000008c8       0x28 ./src/Timer.o
 .debug_ranges  0x000008f0       0x20 ./src/USART_Handler.o
 .debug_ranges  0x00000910       0x18 ./src/_initialize_hardware.o
 .debug_ranges  0x00000928       0x10 ./src/main.o
 .debug_ranges  0x00000938       0x28 ./src/stm32f4xx_hal_msp.o
 .debug_ranges  0x00000960      0x1c0 ./src/stm32f4xx_hal_uart.o

.debug_macro    0x00000000    0x1f491
 .debug_macro   0x00000000      0x573 ./system/src/stm32f4-hal/stm32f4xx_hal.o
 .debug_macro   0x00000573      0xa60 ./system/src/stm32f4-hal/stm32f4xx_hal.o
 .debug_macro   0x00000fd3      0x289 ./system/src/stm32f4-hal/stm32f4xx_hal.o
 .debug_macro   0x0000125c       0x31 ./system/src/stm32f4-hal/stm32f4xx_hal.o
 .debug_macro   0x0000128d       0x28 ./system/src/stm32f4-hal/stm32f4xx_hal.o
 .debug_macro   0x000012b5      0x34e ./system/src/stm32f4-hal/stm32f4xx_hal.o
 .debug_macro   0x00001603       0x35 ./system/src/stm32f4-hal/stm32f4xx_hal.o
 .debug_macro   0x00001638       0x50 ./system/src/stm32f4-hal/stm32f4xx_hal.o
 .debug_macro   0x00001688      0xe66 ./system/src/stm32f4-hal/stm32f4xx_hal.o
 .debug_macro   0x000024ee     0x97db ./system/src/stm32f4-hal/stm32f4xx_hal.o
 .debug_macro   0x0000bcc9       0x43 ./system/src/stm32f4-hal/stm32f4xx_hal.o
 .debug_macro   0x0000bd0c     0x347f ./system/src/stm32f4-hal/stm32f4xx_hal.o
 .debug_macro   0x0000f18b       0x22 ./system/src/stm32f4-hal/stm32f4xx_hal.o
 .debug_macro   0x0000f1ad       0x58 ./system/src/stm32f4-hal/stm32f4xx_hal.o
 .debug_macro   0x0000f205       0x18 ./system/src/stm32f4-hal/stm32f4xx_hal.o
 .debug_macro   0x0000f21d       0x94 ./system/src/stm32f4-hal/stm32f4xx_hal.o
 .debug_macro   0x0000f2b1       0x35 ./system/src/stm32f4-hal/stm32f4xx_hal.o
 .debug_macro   0x0000f2e6       0x34 ./system/src/stm32f4-hal/stm32f4xx_hal.o
 .debug_macro   0x0000f31a       0x16 ./system/src/stm32f4-hal/stm32f4xx_hal.o
 .debug_macro   0x0000f330       0x57 ./system/src/stm32f4-hal/stm32f4xx_hal.o
 .debug_macro   0x0000f387       0x97 ./system/src/stm32f4-hal/stm32f4xx_hal.o
 .debug_macro   0x0000f41e      0x330 ./system/src/stm32f4-hal/stm32f4xx_hal.o
 .debug_macro   0x0000f74e       0xfd ./system/src/stm32f4-hal/stm32f4xx_hal.o
 .debug_macro   0x0000f84b       0x10 ./system/src/stm32f4-hal/stm32f4xx_hal.o
 .debug_macro   0x0000f85b       0x58 ./system/src/stm32f4-hal/stm32f4xx_hal.o
 .debug_macro   0x0000f8b3       0x1f ./system/src/stm32f4-hal/stm32f4xx_hal.o
 .debug_macro   0x0000f8d2       0x43 ./system/src/stm32f4-hal/stm32f4xx_hal.o
 .debug_macro   0x0000f915       0x20 ./system/src/stm32f4-hal/stm32f4xx_hal.o
 .debug_macro   0x0000f935      0x18e ./system/src/stm32f4-hal/stm32f4xx_hal.o
 .debug_macro   0x0000fac3       0x10 ./system/src/stm32f4-hal/stm32f4xx_hal.o
 .debug_macro   0x0000fad3       0x6a ./system/src/stm32f4-hal/stm32f4xx_hal.o
 .debug_macro   0x0000fb3d       0x1c ./system/src/stm32f4-hal/stm32f4xx_hal.o
 .debug_macro   0x0000fb59       0x52 ./system/src/stm32f4-hal/stm32f4xx_hal.o
 .debug_macro   0x0000fbab       0x40 ./system/src/stm32f4-hal/stm32f4xx_hal.o
 .debug_macro   0x0000fbeb       0x10 ./system/src/stm32f4-hal/stm32f4xx_hal.o
 .debug_macro   0x0000fbfb       0x40 ./system/src/stm32f4-hal/stm32f4xx_hal.o
 .debug_macro   0x0000fc3b       0xd7 ./system/src/stm32f4-hal/stm32f4xx_hal.o
 .debug_macro   0x0000fd12       0x1c ./system/src/stm32f4-hal/stm32f4xx_hal.o
 .debug_macro   0x0000fd2e       0x3d ./system/src/stm32f4-hal/stm32f4xx_hal.o
 .debug_macro   0x0000fd6b       0x16 ./system/src/stm32f4-hal/stm32f4xx_hal.o
 .debug_macro   0x0000fd81      0x16f ./system/src/stm32f4-hal/stm32f4xx_hal.o
 .debug_macro   0x0000fef0       0x57 ./system/src/stm32f4-hal/stm32f4xx_hal.o
 .debug_macro   0x0000ff47      0xc9e ./system/src/stm32f4-hal/stm32f4xx_hal.o
 .debug_macro   0x00010be5      0x9e1 ./system/src/stm32f4-hal/stm32f4xx_hal.o
 .debug_macro   0x000115c6      0x11e ./system/src/stm32f4-hal/stm32f4xx_hal.o
 .debug_macro   0x000116e4      0x1a0 ./system/src/stm32f4-hal/stm32f4xx_hal.o
 .debug_macro   0x00011884       0x27 ./system/src/stm32f4-hal/stm32f4xx_hal.o
 .debug_macro   0x000118ab      0x287 ./system/src/stm32f4-hal/stm32f4xx_hal.o
 .debug_macro   0x00011b32       0x5f ./system/src/stm32f4-hal/stm32f4xx_hal.o
 .debug_macro   0x00011b91      0x23a ./system/src/stm32f4-hal/stm32f4xx_hal.o
 .debug_macro   0x00011dcb      0x391 ./system/src/stm32f4-hal/stm32f4xx_hal.o
 .debug_macro   0x0001215c      0x176 ./system/src/stm32f4-hal/stm32f4xx_hal.o
 .debug_macro   0x000122d2       0xf9 ./system/src/stm32f4-hal/stm32f4xx_hal.o
 .debug_macro   0x000123cb      0x36e ./system/src/stm32f4-hal/stm32f4xx_hal.o
 .debug_macro   0x00012739       0x23 ./system/src/stm32f4-hal/stm32f4xx_hal.o
 .debug_macro   0x0001275c       0xe6 ./system/src/stm32f4-hal/stm32f4xx_hal.o
 .debug_macro   0x00012842       0xa1 ./system/src/stm32f4-hal/stm32f4xx_hal.o
 .debug_macro   0x000128e3       0x3c ./system/src/stm32f4-hal/stm32f4xx_hal.o
 .debug_macro   0x0001291f       0x81 ./system/src/stm32f4-hal/stm32f4xx_hal.o
 .debug_macro   0x000129a0      0x1cd ./system/src/stm32f4-hal/stm32f4xx_hal.o
 .debug_macro   0x00012b6d      0x13a ./system/src/stm32f4-hal/stm32f4xx_hal.o
 .debug_macro   0x00012ca7      0x29c ./system/src/stm32f4-hal/stm32f4xx_hal.o
 .debug_macro   0x00012f43       0x2e ./system/src/stm32f4-hal/stm32f4xx_hal.o
 .debug_macro   0x00012f71      0x54a ./system/src/stm32f4-hal/stm32f4xx_hal.o
 .debug_macro   0x000134bb       0x88 ./system/src/stm32f4-hal/stm32f4xx_hal.o
 .debug_macro   0x00013543       0xd5 ./system/src/stm32f4-hal/stm32f4xx_hal.o
 .debug_macro   0x00013618       0x10 ./system/src/stm32f4-hal/stm32f4xx_hal.o
 .debug_macro   0x00013628      0x1a7 ./system/src/stm32f4-hal/stm32f4xx_hal.o
 .debug_macro   0x000137cf       0x22 ./system/src/stm32f4-hal/stm32f4xx_hal.o
 .debug_macro   0x000137f1       0xa5 ./system/src/stm32f4-hal/stm32f4xx_hal.o
 .debug_macro   0x00013896      0x18b ./system/src/stm32f4-hal/stm32f4xx_hal.o
 .debug_macro   0x00013a21       0x30 ./system/src/stm32f4-hal/stm32f4xx_hal.o
 .debug_macro   0x00013a51       0x35 ./system/src/stm32f4-hal/stm32f4xx_hal.o
 .debug_macro   0x00013a86       0x79 ./system/src/stm32f4-hal/stm32f4xx_hal.o
 .debug_macro   0x00013aff      0x11e ./system/src/stm32f4-hal/stm32f4xx_hal.o
 .debug_macro   0x00013c1d       0xe8 ./system/src/stm32f4-hal/stm32f4xx_hal.o
 .debug_macro   0x00013d05       0x89 ./system/src/stm32f4-hal/stm32f4xx_hal.o
 .debug_macro   0x00013d8e      0x31a ./system/src/stm32f4-hal/stm32f4xx_hal.o
 .debug_macro   0x000140a8      0x409 ./system/src/stm32f4-hal/stm32f4xx_hal.o
 .debug_macro   0x000144b1       0xe4 ./system/src/stm32f4-hal/stm32f4xx_hal.o
 .debug_macro   0x00014595      0x39f ./system/src/stm32f4-hal/stm32f4xx_hal.o
 .debug_macro   0x00014934       0xcf ./system/src/stm32f4-hal/stm32f4xx_hal.o
 .debug_macro   0x00014a03      0x463 ./system/src/stm32f4-hal/stm32f4xx_hal.o
 .debug_macro   0x00014e66      0x22b ./system/src/stm32f4-hal/stm32f4xx_hal.o
 .debug_macro   0x00015091      0x202 ./system/src/stm32f4-hal/stm32f4xx_hal.o
 .debug_macro   0x00015293      0x6d9 ./system/src/stm32f4-hal/stm32f4xx_hal.o
 .debug_macro   0x0001596c       0x62 ./system/src/stm32f4-hal/stm32f4xx_hal.o
 .debug_macro   0x000159ce      0x14d ./system/src/stm32f4-hal/stm32f4xx_hal.o
 .debug_macro   0x00015b1b      0x287 ./system/src/stm32f4-hal/stm32f4xx_hal.o
 .debug_macro   0x00015da2      0x225 ./system/src/stm32f4-hal/stm32f4xx_hal.o
 .debug_macro   0x00015fc7      0x1b5 ./system/src/stm32f4-hal/stm32f4xx_hal.o
 .debug_macro   0x0001617c      0x2db ./system/src/stm32f4-hal/stm32f4xx_hal.o
 .debug_macro   0x00016457       0x89 ./system/src/stm32f4-hal/stm32f4xx_hal.o
 .debug_macro   0x000164e0      0x1df ./system/src/stm32f4-hal/stm32f4xx_hal.o
 .debug_macro   0x000166bf      0x115 ./system/src/stm32f4-hal/stm32f4xx_hal.o
 .debug_macro   0x000167d4       0x6e ./system/src/stm32f4-hal/stm32f4xx_hal.o
 .debug_macro   0x00016842      0x2e2 ./system/src/stm32f4-hal/stm32f4xx_hal.o
 .debug_macro   0x00016b24      0x2e2 ./system/src/stm32f4-hal/stm32f4xx_hal.o
 .debug_macro   0x00016e06      0x202 ./system/src/stm32f4-hal/stm32f4xx_hal.o
 .debug_macro   0x00017008       0x34 ./system/src/stm32f4-hal/stm32f4xx_hal.o
 .debug_macro   0x0001703c       0x90 ./system/src/stm32f4-hal/stm32f4xx_hal.o
 .debug_macro   0x000170cc      0x1ed ./system/src/stm32f4-hal/stm32f4xx_hal.o
 .debug_macro   0x000172b9      0x11e ./system/src/stm32f4-hal/stm32f4xx_hal.o
 .debug_macro   0x000173d7      0x525 ./system/src/stm32f4-hal/stm32f4xx_hal_cortex.o
 .debug_macro   0x000178fc      0x536 ./system/src/stm32f4-hal/stm32f4xx_hal_dma.o
 .debug_macro   0x00017e32      0x281 ./system/src/stm32f4-hal/stm32f4xx_hal_dma.o
 .debug_macro   0x000180b3      0x55d ./system/src/stm32f4-hal/stm32f4xx_hal_gpio.o
 .debug_macro   0x00018610      0x576 ./system/src/stm32f4-hal/stm32f4xx_hal_i2c.o
 .debug_macro   0x00018b86      0x54f ./system/src/stm32f4-hal/stm32f4xx_hal_rcc.o
 .debug_macro   0x000190d5      0x537 ./system/src/stm32f4-hal/stm32f4xx_hal_spi.o
 .debug_macro   0x0001960c      0x1b4 ./system/src/newlib/_exit.o
 .debug_macro   0x000197c0      0x10e ./system/src/newlib/_exit.o
 .debug_macro   0x000198ce       0x8d ./system/src/newlib/_exit.o
 .debug_macro   0x0001995b       0x35 ./system/src/newlib/_exit.o
 .debug_macro   0x00019990      0x173 ./system/src/newlib/_startup.o
 .debug_macro   0x00019b03      0xa66 ./system/src/newlib/_startup.o
 .debug_macro   0x0001a569      0x217 ./system/src/newlib/_syscalls.o
 .debug_macro   0x0001a780       0x1c ./system/src/newlib/_syscalls.o
 .debug_macro   0x0001a79c       0x10 ./system/src/newlib/_syscalls.o
 .debug_macro   0x0001a7ac       0x10 ./system/src/newlib/_syscalls.o
 .debug_macro   0x0001a7bc       0x10 ./system/src/newlib/_syscalls.o
 .debug_macro   0x0001a7cc       0x35 ./system/src/newlib/_syscalls.o
 .debug_macro   0x0001a801      0x122 ./system/src/newlib/_syscalls.o
 .debug_macro   0x0001a923       0x88 ./system/src/newlib/_syscalls.o
 .debug_macro   0x0001a9ab       0x2b ./system/src/newlib/_syscalls.o
 .debug_macro   0x0001a9d6      0x118 ./system/src/newlib/_syscalls.o
 .debug_macro   0x0001aaee      0x189 ./system/src/newlib/_syscalls.o
 .debug_macro   0x0001ac77       0x16 ./system/src/newlib/_syscalls.o
 .debug_macro   0x0001ac8d      0x1d0 ./system/src/newlib/assert.o
 .debug_macro   0x0001ae5d       0x1c ./system/src/newlib/assert.o
 .debug_macro   0x0001ae79      0x52f ./system/src/cortexm/_initialize_hardware.o
 .debug_macro   0x0001b3a8      0x598 ./system/src/cortexm/exception_handlers.o
 .debug_macro   0x0001b940       0x3b ./system/src/cortexm/exception_handlers.o
 .debug_macro   0x0001b97b       0x22 ./system/src/cortexm/exception_handlers.o
 .debug_macro   0x0001b99d       0x16 ./system/src/cortexm/exception_handlers.o
 .debug_macro   0x0001b9b3      0x52b ./system/src/cmsis/system_stm32f4xx.o
 .debug_macro   0x0001bede       0x34 ./system/src/cmsis/vectors_stm32f446xx.o
 .debug_macro   0x0001bf12      0x53e ./src/BlinkLed.o
 .debug_macro   0x0001c450       0x28 ./src/BlinkLed.o
 .debug_macro   0x0001c478      0x538 ./src/I2C_Handler.o
 .debug_macro   0x0001c9b0       0x10 ./src/I2C_Handler.o
 .debug_macro   0x0001c9c0      0x53c ./src/Interrupt_Handler.o
 .debug_macro   0x0001cefc       0x2e ./src/Interrupt_Handler.o
 .debug_macro   0x0001cf2a      0x538 ./src/SPI_Handler.o
 .debug_macro   0x0001d462       0x22 ./src/SPI_Handler.o
 .debug_macro   0x0001d484      0x548 ./src/Timer.o
 .debug_macro   0x0001d9cc       0x10 ./src/Timer.o
 .debug_macro   0x0001d9dc      0x533 ./src/USART_Handler.o
 .debug_macro   0x0001df0f      0x525 ./src/_initialize_hardware.o
 .debug_macro   0x0001e434      0x608 ./src/main.o
 .debug_macro   0x0001ea3c      0x525 ./src/stm32f4xx_hal_msp.o
 .debug_macro   0x0001ef61      0x530 ./src/stm32f4xx_hal_uart.o
