Archive member included to satisfy reference by file (symbol)

c:/gnu tools arm embedded/7 2018-q2-update/bin/../lib/gcc/arm-none-eabi/7.3.1/../../../../arm-none-eabi/lib/thumb/v7e-m\libm.a(lib_a-w_sqrt.o)
                              ./src/MadgwickAHRS.o (sqrt)
c:/gnu tools arm embedded/7 2018-q2-update/bin/../lib/gcc/arm-none-eabi/7.3.1/../../../../arm-none-eabi/lib/thumb/v7e-m\libm.a(lib_a-e_sqrt.o)
                              c:/gnu tools arm embedded/7 2018-q2-update/bin/../lib/gcc/arm-none-eabi/7.3.1/../../../../arm-none-eabi/lib/thumb/v7e-m\libm.a(lib_a-w_sqrt.o) (__ieee754_sqrt)
c:/gnu tools arm embedded/7 2018-q2-update/bin/../lib/gcc/arm-none-eabi/7.3.1/../../../../arm-none-eabi/lib/thumb/v7e-m\libm.a(lib_a-s_lib_ver.o)
                              c:/gnu tools arm embedded/7 2018-q2-update/bin/../lib/gcc/arm-none-eabi/7.3.1/../../../../arm-none-eabi/lib/thumb/v7e-m\libm.a(lib_a-w_sqrt.o) (__fdlib_version)
c:/gnu tools arm embedded/7 2018-q2-update/bin/../lib/gcc/arm-none-eabi/7.3.1/../../../../arm-none-eabi/lib/thumb/v7e-m\libm.a(lib_a-s_matherr.o)
                              c:/gnu tools arm embedded/7 2018-q2-update/bin/../lib/gcc/arm-none-eabi/7.3.1/../../../../arm-none-eabi/lib/thumb/v7e-m\libm.a(lib_a-w_sqrt.o) (matherr)
c:/gnu tools arm embedded/7 2018-q2-update/bin/../lib/gcc/arm-none-eabi/7.3.1/thumb/v7e-m\libgcc.a(_arm_addsubdf3.o)
                              c:/gnu tools arm embedded/7 2018-q2-update/bin/../lib/gcc/arm-none-eabi/7.3.1/../../../../arm-none-eabi/lib/thumb/v7e-m\libm.a(lib_a-e_sqrt.o) (__aeabi_dsub)
c:/gnu tools arm embedded/7 2018-q2-update/bin/../lib/gcc/arm-none-eabi/7.3.1/thumb/v7e-m\libgcc.a(_arm_muldivdf3.o)
                              ./src/Interrupt_Handler.o (__aeabi_dmul)
c:/gnu tools arm embedded/7 2018-q2-update/bin/../lib/gcc/arm-none-eabi/7.3.1/thumb/v7e-m\libgcc.a(_arm_cmpdf2.o)
                              c:/gnu tools arm embedded/7 2018-q2-update/bin/../lib/gcc/arm-none-eabi/7.3.1/../../../../arm-none-eabi/lib/thumb/v7e-m\libm.a(lib_a-w_sqrt.o) (__aeabi_dcmplt)
c:/gnu tools arm embedded/7 2018-q2-update/bin/../lib/gcc/arm-none-eabi/7.3.1/thumb/v7e-m\libgcc.a(_arm_unorddf2.o)
                              c:/gnu tools arm embedded/7 2018-q2-update/bin/../lib/gcc/arm-none-eabi/7.3.1/../../../../arm-none-eabi/lib/thumb/v7e-m\libm.a(lib_a-w_sqrt.o) (__aeabi_dcmpun)
c:/gnu tools arm embedded/7 2018-q2-update/bin/../lib/gcc/arm-none-eabi/7.3.1/thumb/v7e-m\libgcc.a(_arm_truncdfsf2.o)
                              ./src/MPU_Handler.o (__aeabi_d2f)
c:/gnu tools arm embedded/7 2018-q2-update/bin/../lib/gcc/arm-none-eabi/7.3.1/thumb/v7e-m\libgcc.a(_arm_addsubsf3.o)
                              ./src/MadgwickAHRS.o (__aeabi_fsub)
c:/gnu tools arm embedded/7 2018-q2-update/bin/../lib/gcc/arm-none-eabi/7.3.1/thumb/v7e-m\libgcc.a(_arm_muldivsf3.o)
                              ./src/MPU_Handler.o (__aeabi_fmul)
c:/gnu tools arm embedded/7 2018-q2-update/bin/../lib/gcc/arm-none-eabi/7.3.1/thumb/v7e-m\libgcc.a(_arm_cmpsf2.o)
                              ./src/MadgwickAHRS.o (__aeabi_fcmpeq)
c:/gnu tools arm embedded/7 2018-q2-update/bin/../lib/gcc/arm-none-eabi/7.3.1/../../../../arm-none-eabi/lib/thumb/v7e-m\libg_nano.a(lib_a-errno.o)
                              ./system/src/newlib/_sbrk.o (__errno)
c:/gnu tools arm embedded/7 2018-q2-update/bin/../lib/gcc/arm-none-eabi/7.3.1/../../../../arm-none-eabi/lib/thumb/v7e-m\libg_nano.a(lib_a-impure.o)
                              c:/gnu tools arm embedded/7 2018-q2-update/bin/../lib/gcc/arm-none-eabi/7.3.1/../../../../arm-none-eabi/lib/thumb/v7e-m\libg_nano.a(lib_a-errno.o) (_impure_ptr)
c:/gnu tools arm embedded/7 2018-q2-update/bin/../lib/gcc/arm-none-eabi/7.3.1/../../../../arm-none-eabi/lib/thumb/v7e-m\libg_nano.a(lib_a-memset.o)
                              ./src/BlinkLed.o (memset)
c:/gnu tools arm embedded/7 2018-q2-update/bin/../lib/gcc/arm-none-eabi/7.3.1/../../../../arm-none-eabi/lib/thumb/v7e-m\libg_nano.a(lib_a-nano-vfprintf_float.o)
                              (_printf_float)
c:/gnu tools arm embedded/7 2018-q2-update/bin/../lib/gcc/arm-none-eabi/7.3.1/../../../../arm-none-eabi/lib/thumb/v7e-m\libg_nano.a(lib_a-nano-vfprintf_i.o)
                              c:/gnu tools arm embedded/7 2018-q2-update/bin/../lib/gcc/arm-none-eabi/7.3.1/../../../../arm-none-eabi/lib/thumb/v7e-m\libg_nano.a(lib_a-nano-vfprintf_float.o) (_printf_common)
c:/gnu tools arm embedded/7 2018-q2-update/bin/../lib/gcc/arm-none-eabi/7.3.1/../../../../arm-none-eabi/lib/thumb/v7e-m\libg_nano.a(lib_a-snprintf.o)
                              ./src/Interrupt_Handler.o (snprintf)
c:/gnu tools arm embedded/7 2018-q2-update/bin/../lib/gcc/arm-none-eabi/7.3.1/../../../../arm-none-eabi/lib/thumb/v7e-m\libg_nano.a(lib_a-strlen.o)
                              c:/gnu tools arm embedded/7 2018-q2-update/bin/../lib/gcc/arm-none-eabi/7.3.1/../../../../arm-none-eabi/lib/thumb/v7e-m\libg_nano.a(lib_a-nano-vfprintf_float.o) (strlen)
[...]
Memory Configuration

Name             Origin             Length             Attributes
RAM              0x20000000         0x00020000         xrw
CCMRAM           0x10000000         0x00010000         xrw
FLASH            0x08000000         0x00080000         xr
FLASHB1          0x00000000         0x00000000         xr
EXTMEMB0         0x00000000         0x00000000         xr
EXTMEMB1         0x00000000         0x00000000         xr
EXTMEMB2         0x00000000         0x00000000         xr
EXTMEMB3         0x00000000         0x00000000         xr
MEMORY_ARRAY     0x20002000         0x00000020         xrw
*default*        0x00000000         0xffffffff

Linker script and memory map

LOAD ./system/src/stm32f4-hal/stm32f4xx_hal.o
LOAD ./system/src/stm32f4-hal/stm32f4xx_hal_cortex.o
LOAD ./system/src/stm32f4-hal/stm32f4xx_hal_dfsdm.o
LOAD ./system/src/stm32f4-hal/stm32f4xx_hal_dma.o
LOAD ./system/src/stm32f4-hal/stm32f4xx_hal_flash.o
LOAD ./system/src/stm32f4-hal/stm32f4xx_hal_gpio.o
LOAD ./system/src/stm32f4-hal/stm32f4xx_hal_i2c.o
LOAD ./system/src/stm32f4-hal/stm32f4xx_hal_iwdg.o
LOAD ./system/src/stm32f4-hal/stm32f4xx_hal_pwr.o
LOAD ./system/src/stm32f4-hal/stm32f4xx_hal_rcc.o
LOAD ./system/src/stm32f4-hal/stm32f4xx_hal_spi.o
LOAD ./system/src/stm32f4-hal/stm32f4xx_hal_tim.o
LOAD ./system/src/stm32f4-hal/stm32f4xx_hal_tim_ex.o
LOAD ./system/src/newlib/_cxx.o
LOAD ./system/src/newlib/_exit.o
LOAD ./system/src/newlib/_sbrk.o
LOAD ./system/src/newlib/_startup.o
LOAD ./system/src/newlib/_syscalls.o
LOAD ./system/src/newlib/assert.o
LOAD ./system/src/diag/Trace.o
LOAD ./system/src/diag/trace_impl.o
LOAD ./system/src/cortexm/_initialize_hardware.o
LOAD ./system/src/cortexm/_reset_hardware.o
LOAD ./system/src/cortexm/exception_handlers.o
LOAD ./system/src/cmsis/system_stm32f4xx.o
LOAD ./system/src/cmsis/vectors_stm32f446xx.o
LOAD ./src/BlinkLed.o
LOAD ./src/I2C_Handler.o
LOAD ./src/Interrupt_Handler.o
LOAD ./src/MPU_Handler.o
LOAD ./src/MadgwickAHRS.o
LOAD ./src/SPI_Handler.o
LOAD ./src/Timer.o
LOAD ./src/Timer_Handler.o
LOAD ./src/USART_Handler.o
LOAD ./src/_initialize_hardware.o
LOAD ./src/_write.o
LOAD ./src/main.o
LOAD ./src/stm32f4xx_hal_msp.o
LOAD ./src/stm32f4xx_hal_uart.o
LOAD c:/gnu tools arm embedded/7 2018-q2-update/bin/../lib/gcc/arm-none-eabi/7.3.1/../../../../arm-none-eabi/lib/thumb/v7e-m\libstdc++_nano.a
LOAD c:/gnu tools arm embedded/7 2018-q2-update/bin/../lib/gcc/arm-none-eabi/7.3.1/../../../../arm-none-eabi/lib/thumb/v7e-m\libm.a
START GROUP
LOAD c:/gnu tools arm embedded/7 2018-q2-update/bin/../lib/gcc/arm-none-eabi/7.3.1/thumb/v7e-m\libgcc.a
LOAD c:/gnu tools arm embedded/7 2018-q2-update/bin/../lib/gcc/arm-none-eabi/7.3.1/../../../../arm-none-eabi/lib/thumb/v7e-m\libg_nano.a
LOAD c:/gnu tools arm embedded/7 2018-q2-update/bin/../lib/gcc/arm-none-eabi/7.3.1/../../../../arm-none-eabi/lib/thumb/v7e-m\libc_nano.a
END GROUP
START GROUP
LOAD c:/gnu tools arm embedded/7 2018-q2-update/bin/../lib/gcc/arm-none-eabi/7.3.1/thumb/v7e-m\libgcc.a
LOAD c:/gnu tools arm embedded/7 2018-q2-update/bin/../lib/gcc/arm-none-eabi/7.3.1/../../../../arm-none-eabi/lib/thumb/v7e-m\libc_nano.a
END GROUP
                0x20020000                __stack = (ORIGIN (RAM) + LENGTH (RAM))
                0x20020000                _estack = __stack
                0x00000400                __Main_Stack_Size = 0x400
                [!provide]                PROVIDE (_Main_Stack_Size = __Main_Stack_Size)
                0x2001fc00                __Main_Stack_Limit = (__stack - __Main_Stack_Size)
                [!provide]                PROVIDE (_Main_Stack_Limit = __Main_Stack_Limit)
                0x00000100                _Minimum_Stack_Size = 0x100
                0x20000420                PROVIDE (_Heap_Begin = _end_noinit)
                0x2001fc00                PROVIDE (_Heap_Limit = (__stack - __Main_Stack_Size))

.isr_vector     0x08000000      0x368
 FILL mask 0xff
                0x08000000                __vectors_start = ABSOLUTE (.)
                0x08000000                __vectors_start__ = ABSOLUTE (.)
 *(.isr_vector)
 .isr_vector    0x08000000      0x1c4 ./system/src/cmsis/vectors_stm32f446xx.o
                0x08000000                __isr_vectors
 *(.cfmconfig)
 *(.after_vectors .after_vectors.*)
 .after_vectors
                0x080001c4      0x130 ./system/src/newlib/_startup.o
                0x080001c4                _start
 .after_vectors
                0x080002f4       0x70 ./system/src/cortexm/exception_handlers.o
                0x080002f4                Reset_Handler
                0x080002fa                NMI_Handler
                0x080002fe                HardFault_Handler
                0x08000312                HardFault_Handler_C
                0x08000316                MemManage_Handler
                0x0800031a                BusFault_Handler
                0x0800032e                BusFault_Handler_C
                0x08000332                UsageFault_Handler
                0x08000346                UsageFault_Handler_C
                0x0800034a                SVC_Handler
                0x0800034e                DebugMon_Handler
                0x08000352                PendSV_Handler
 .after_vectors
                0x08000364        0x4 ./system/src/cmsis/vectors_stm32f446xx.o
                0x08000364                RTC_Alarm_IRQHandler
                0x08000364                EXTI2_IRQHandler
                0x08000364                TIM8_CC_IRQHandler
                0x08000364                SPI4_IRQHandler
                0x08000364                TIM1_CC_IRQHandler
                0x08000364                DMA2_Stream5_IRQHandler
                0x08000364                DMA1_Stream5_IRQHandler
                0x08000364                PVD_IRQHandler
                0x08000364                SDIO_IRQHandler
                0x08000364                TAMP_STAMP_IRQHandler
                0x08000364                CAN2_RX1_IRQHandler
                0x08000364                EXTI3_IRQHandler
                0x08000364                TIM8_TRG_COM_TIM14_IRQHandler
                0x08000364                TIM1_UP_TIM10_IRQHandler
                0x08000364                TIM8_UP_TIM13_IRQHandler
                0x08000364                I2C3_ER_IRQHandler
                0x08000364                EXTI0_IRQHandler
                0x08000364                I2C2_EV_IRQHandler
                0x08000364                DMA1_Stream2_IRQHandler
                0x08000364                CAN1_RX0_IRQHandler
                0x08000364                FPU_IRQHandler
                0x08000364                OTG_HS_WKUP_IRQHandler
                0x08000364                CAN2_SCE_IRQHandler
                0x08000364                DMA2_Stream2_IRQHandler
                0x08000364                SPI1_IRQHandler
                0x08000364                TIM6_DAC_IRQHandler
                0x08000364                TIM1_BRK_TIM9_IRQHandler
                0x08000364                DCMI_IRQHandler
                0x08000364                CAN2_RX0_IRQHandler
                0x08000364                DMA2_Stream3_IRQHandler
                0x08000364                SAI2_IRQHandler
                0x08000364                USART6_IRQHandler
                0x08000364                CAN1_RX1_IRQHandler
                0x08000364                UART5_IRQHandler
                0x08000364                DMA2_Stream0_IRQHandler
                0x08000364                I2C4_Error_IRQHandler
                0x08000364                TIM4_IRQHandler
                0x08000364                QUADSPI_IRQHandler
                0x08000364                I2C1_EV_IRQHandler
                0x08000364                DMA1_Stream6_IRQHandler
                0x08000364                DMA1_Stream1_IRQHandler
                0x08000364                UART4_IRQHandler
                0x08000364                RCC_IRQHandler
                0x08000364                TIM8_BRK_TIM12_IRQHandler
                0x08000364                Default_Handler
                0x08000364                CEC_IRQHandler
                0x08000364                ADC_IRQHandler
                0x08000364                DMA1_Stream7_IRQHandler
                0x08000364                TIM7_IRQHandler
                0x08000364                CAN2_TX_IRQHandler
                0x08000364                TIM5_IRQHandler
                0x08000364                DMA2_Stream7_IRQHandler
                0x08000364                I2C3_EV_IRQHandler
                0x08000364                EXTI9_5_IRQHandler
                0x08000364                RTC_WKUP_IRQHandler
                0x08000364                SPDIF_RX_IRQHandler
                0x08000364                SPI2_IRQHandler
                0x08000364                OTG_HS_EP1_IN_IRQHandler
                0x08000364                DMA1_Stream0_IRQHandler
                0x08000364                CAN1_TX_IRQHandler
                0x08000364                EXTI4_IRQHandler
                0x08000364                OTG_HS_EP1_OUT_IRQHandler
                0x08000364                WWDG_IRQHandler
                0x08000364                TIM2_IRQHandler
                0x08000364                OTG_FS_WKUP_IRQHandler
                0x08000364                TIM1_TRG_COM_TIM11_IRQHandler
                0x08000364                OTG_HS_IRQHandler
                0x08000364                EXTI1_IRQHandler
                0x08000364                USART2_IRQHandler
                0x08000364                I2C2_ER_IRQHandler
                0x08000364                DMA2_Stream1_IRQHandler
                0x08000364                CAN1_SCE_IRQHandler
                0x08000364                FLASH_IRQHandler
                0x08000364                DMA2_Stream4_IRQHandler
                0x08000364                USART1_IRQHandler
                0x08000364                OTG_FS_IRQHandler
                0x08000364                SPI3_IRQHandler
                0x08000364                DMA1_Stream4_IRQHandler
                0x08000364                I2C1_ER_IRQHandler
                0x08000364                FMC_IRQHandler
                0x08000364                I2C4_Event_IRQHandler
                0x08000364                DMA2_Stream6_IRQHandler
                0x08000364                SAI1_IRQHandler
                0x08000364                DMA1_Stream3_IRQHandler

.inits          0x08000368       0x28
                0x08000368                __data_regions_array_start = .
                0x08000368        0x4 LONG 0x8007b38 LOADADDR (.data)
                0x0800036c        0x4 LONG 0x20000000 ADDR (.data)
                0x08000370        0x4 LONG 0x20000208 (ADDR (.data) + SIZEOF (.data))
                0x08000374        0x4 LONG 0x8007b38 LOADADDR (.data_CCMRAM)
                0x08000378        0x4 LONG 0x10000000 ADDR (.data_CCMRAM)
                0x0800037c        0x4 LONG 0x10000000 (ADDR (.data_CCMRAM) + SIZEOF (.data_CCMRAM))
                0x08000380                __data_regions_array_end = .
                0x08000380                __bss_regions_array_start = .
                0x08000380        0x4 LONG 0x20000208 ADDR (.bss)
                0x08000384        0x4 LONG 0x20000420 (ADDR (.bss) + SIZEOF (.bss))
                0x08000388        0x4 LONG 0x10000000 ADDR (.bss_CCMRAM)
                0x0800038c        0x4 LONG 0x10000000 (ADDR (.bss_CCMRAM) + SIZEOF (.bss_CCMRAM))
                0x08000390                __bss_regions_array_end = .
 *(.init)
 *(.fini)
                0x08000390                . = ALIGN (0x4)
                0x08000390                PROVIDE (__preinit_array_start = .)
 *(.preinit_array_sysinit .preinit_array_sysinit.*)
 *(.preinit_array_platform .preinit_array_platform.*)
 *(.preinit_array .preinit_array.*)
                0x08000390                PROVIDE (__preinit_array_end = .)
                0x08000390                . = ALIGN (0x4)
                0x08000390                PROVIDE (__init_array_start = .)
 *(SORT_BY_NAME(.init_array.*))
 *(.init_array)
                0x08000390                PROVIDE (__init_array_end = .)
                0x08000390                . = ALIGN (0x4)
                0x08000390                PROVIDE (__fini_array_start = .)
 *(SORT_BY_NAME(.fini_array.*))
 *(.fini_array)
                0x08000390                PROVIDE (__fini_array_end = .)

.flashtext
 *(.flashtext .flashtext.*)

.text           0x08000390     0x77a8
 *(.text .text.*)
 .text.HAL_InitTick
                0x08000390       0x2c ./system/src/stm32f4-hal/stm32f4xx_hal.o
                0x08000390                HAL_InitTick
 .text.HAL_Init
                0x080003bc       0x34 ./system/src/stm32f4-hal/stm32f4xx_hal.o
                0x080003bc                HAL_Init
 .text.HAL_IncTick
                0x080003f0       0x10 ./system/src/stm32f4-hal/stm32f4xx_hal.o
                0x080003f0                HAL_IncTick
 .text.HAL_GetTick
                0x08000400        0xc ./system/src/stm32f4-hal/stm32f4xx_hal.o
                0x08000400                HAL_GetTick
 .text.HAL_NVIC_SetPriorityGrouping
                0x0800040c       0x3c ./system/src/stm32f4-hal/stm32f4xx_hal_cortex.o
                0x0800040c                HAL_NVIC_SetPriorityGrouping
 .text.HAL_NVIC_SetPriority
                0x08000448       0x8c ./system/src/stm32f4-hal/stm32f4xx_hal_cortex.o
                0x08000448                HAL_NVIC_SetPriority
 .text.HAL_NVIC_EnableIRQ
                0x080004d4       0x2c ./system/src/stm32f4-hal/stm32f4xx_hal_cortex.o
                0x080004d4                HAL_NVIC_EnableIRQ
 .text.HAL_SYSTICK_Config
                0x08000500       0x2c ./system/src/stm32f4-hal/stm32f4xx_hal_cortex.o
                0x08000500                HAL_SYSTICK_Config
 .text.HAL_SYSTICK_CLKSourceConfig
                0x0800052c       0x3c ./system/src/stm32f4-hal/stm32f4xx_hal_cortex.o
                0x0800052c                HAL_SYSTICK_CLKSourceConfig
 .text.HAL_DMA_Abort_IT
                0x08000568       0x26 ./system/src/stm32f4-hal/stm32f4xx_hal_dma.o
                0x08000568                HAL_DMA_Abort_IT
 *fill*         0x0800058e        0x2 
 .text.HAL_GPIO_Init
                0x08000590      0x2e4 ./system/src/stm32f4-hal/stm32f4xx_hal_gpio.o
                0x08000590                HAL_GPIO_Init
 .text.HAL_GPIO_WritePin
                0x08000874       0x38 ./system/src/stm32f4-hal/stm32f4xx_hal_gpio.o
                0x08000874                HAL_GPIO_WritePin
 .text.HAL_GPIO_TogglePin
                0x080008ac       0x20 ./system/src/stm32f4-hal/stm32f4xx_hal_gpio.o
                0x080008ac                HAL_GPIO_TogglePin
 .text.HAL_GPIO_EXTI_IRQHandler
                0x080008cc       0x1c ./system/src/stm32f4-hal/stm32f4xx_hal_gpio.o
                0x080008cc                HAL_GPIO_EXTI_IRQHandler
 .text.I2C_IsAcknowledgeFailed
                0x080008e8       0x2a ./system/src/stm32f4-hal/stm32f4xx_hal_i2c.o
 .text.I2C_WaitOnFlagUntilTimeout
                0x08000912       0x64 ./system/src/stm32f4-hal/stm32f4xx_hal_i2c.o
 .text.I2C_WaitOnMasterAddressFlagUntilTimeout
                0x08000976       0x90 ./system/src/stm32f4-hal/stm32f4xx_hal_i2c.o
 .text.I2C_WaitOnTXEFlagUntilTimeout
                0x08000a06       0x4e ./system/src/stm32f4-hal/stm32f4xx_hal_i2c.o
 .text.I2C_RequestMemoryWrite
                0x08000a54       0xd8 ./system/src/stm32f4-hal/stm32f4xx_hal_i2c.o
 .text.I2C_RequestMemoryRead
                0x08000b2c      0x148 ./system/src/stm32f4-hal/stm32f4xx_hal_i2c.o
 .text.I2C_WaitOnBTFFlagUntilTimeout
                0x08000c74       0x4e ./system/src/stm32f4-hal/stm32f4xx_hal_i2c.o
 .text.I2C_WaitOnRXNEFlagUntilTimeout
                0x08000cc2       0x5c ./system/src/stm32f4-hal/stm32f4xx_hal_i2c.o
 *fill*         0x08000d1e        0x2 
 .text.HAL_I2C_Init
                0x08000d20      0x1f8 ./system/src/stm32f4-hal/stm32f4xx_hal_i2c.o
                0x08000d20                HAL_I2C_Init
 .text.HAL_I2C_Mem_Write
                0x08000f18      0x158 ./system/src/stm32f4-hal/stm32f4xx_hal_i2c.o
                0x08000f18                HAL_I2C_Mem_Write
 .text.HAL_I2C_Mem_Read
                0x08001070      0x284 ./system/src/stm32f4-hal/stm32f4xx_hal_i2c.o
                0x08001070                HAL_I2C_Mem_Read
 .text.HAL_RCC_OscConfig
                0x080012f4      0x43c ./system/src/stm32f4-hal/stm32f4xx_hal_rcc.o
                0x080012f4                HAL_RCC_OscConfig
 .text.HAL_RCC_GetSysClockFreq
                0x08001730       0x94 ./system/src/stm32f4-hal/stm32f4xx_hal_rcc.o
                0x08001730                HAL_RCC_GetSysClockFreq
 .text.HAL_RCC_ClockConfig
                0x080017c4      0x258 ./system/src/stm32f4-hal/stm32f4xx_hal_rcc.o
                0x080017c4                HAL_RCC_ClockConfig
 .text.HAL_RCC_GetHCLKFreq
                0x08001a1c        0xc ./system/src/stm32f4-hal/stm32f4xx_hal_rcc.o
                0x08001a1c                HAL_RCC_GetHCLKFreq
 .text.HAL_RCC_GetPCLK1Freq
                0x08001a28       0x2c ./system/src/stm32f4-hal/stm32f4xx_hal_rcc.o
                0x08001a28                HAL_RCC_GetPCLK1Freq
 .text.HAL_RCC_GetPCLK2Freq
                0x08001a54       0x2c ./system/src/stm32f4-hal/stm32f4xx_hal_rcc.o
                0x08001a54                HAL_RCC_GetPCLK2Freq
 .text.HAL_SPI_Init
                0x08001a80      0x1dc ./system/src/stm32f4-hal/stm32f4xx_hal_spi.o
                0x08001a80                HAL_SPI_Init
 .text.HAL_TIM_OC_DelayElapsedCallback
                0x08001c5c        0x2 ./system/src/stm32f4-hal/stm32f4xx_hal_tim.o
                0x08001c5c                HAL_TIM_OC_DelayElapsedCallback
 .text.HAL_TIM_IC_CaptureCallback
                0x08001c5e        0x2 ./system/src/stm32f4-hal/stm32f4xx_hal_tim.o
                0x08001c5e                HAL_TIM_IC_CaptureCallback
 .text.HAL_TIM_PWM_PulseFinishedCallback
                0x08001c60        0x2 ./system/src/stm32f4-hal/stm32f4xx_hal_tim.o
                0x08001c60                HAL_TIM_PWM_PulseFinishedCallback
 .text.HAL_TIM_TriggerCallback
                0x08001c62        0x2 ./system/src/stm32f4-hal/stm32f4xx_hal_tim.o
                0x08001c62                HAL_TIM_TriggerCallback
 .text.HAL_TIM_IRQHandler
                0x08001c64      0x17a ./system/src/stm32f4-hal/stm32f4xx_hal_tim.o
                0x08001c64                HAL_TIM_IRQHandler
 .text.HAL_TIMEx_CommutationCallback
                0x08001dde        0x2 ./system/src/stm32f4-hal/stm32f4xx_hal_tim_ex.o
                0x08001dde                HAL_TIMEx_CommutationCallback
 .text.HAL_TIMEx_BreakCallback
                0x08001de0        0x2 ./system/src/stm32f4-hal/stm32f4xx_hal_tim_ex.o
                0x08001de0                HAL_TIMEx_BreakCallback
 .text._exit    0x08001de2        0x2 ./system/src/newlib/_exit.o
                0x08001de2                _exit
 .text.abort    0x08001de4        0x8 ./system/src/newlib/_exit.o
                0x08001de4                abort
 .text._sbrk    0x08001dec       0x44 ./system/src/newlib/_sbrk.o
                0x08001dec                _sbrk
 .text.__initialize_args
                0x08001e30       0x10 ./system/src/newlib/_syscalls.o
                0x08001e30                __initialize_args
 .text.assert_failed
                0x08001e40        0x6 ./system/src/newlib/assert.o
                0x08001e40                assert_failed
 *fill*         0x08001e46        0x2 
 .text.__initialize_hardware_early
                0x08001e48       0x18 ./system/src/cortexm/_initialize_hardware.o
                0x08001e48                __initialize_hardware_early
 .text.SystemInit
                0x08001e60       0x40 ./system/src/cmsis/system_stm32f4xx.o
                0x08001e60                SystemInit
 .text.SystemCoreClockUpdate
                0x08001ea0       0xa0 ./system/src/cmsis/system_stm32f4xx.o
                0x08001ea0                SystemCoreClockUpdate
 .text.blink_led_init
                0x08001f40       0x78 ./src/BlinkLed.o
                0x08001f40                blink_led_init
 .text.InitI2C  0x08001fb8       0x38 ./src/I2C_Handler.o
                0x08001fb8                InitI2C
 .text.HAL_I2C_MspInit
                0x08001ff0       0x80 ./src/I2C_Handler.o
                0x08001ff0                HAL_I2C_MspInit
 .text.HAL_GPIO_EXTI_Callback
                0x08002070       0xbc ./src/Interrupt_Handler.o
                0x08002070                HAL_GPIO_EXTI_Callback
 .text.EXTI15_10_IRQHandler
                0x0800212c        0xc ./src/Interrupt_Handler.o
                0x0800212c                EXTI15_10_IRQHandler
 .text.USART3_IRQHandler
                0x08002138       0x10 ./src/Interrupt_Handler.o
                0x08002138                USART3_IRQHandler
 .text.TIM3_IRQHandler
                0x08002148       0x10 ./src/Interrupt_Handler.o
                0x08002148                TIM3_IRQHandler
 .text.HAL_UART_RxCpltCallback
                0x08002158        0xc ./src/Interrupt_Handler.o
                0x08002158                HAL_UART_RxCpltCallback
 .text.HAL_UART_TxCpltCallback
                0x08002164        0xc ./src/Interrupt_Handler.o
                0x08002164                HAL_UART_TxCpltCallback
 .text.HAL_TIM_PeriodElapsedCallback
                0x08002170      0x120 ./src/Interrupt_Handler.o
                0x08002170                HAL_TIM_PeriodElapsedCallback
 .text.readingTheGyroscope
                0x08002290       0xbc ./src/MPU_Handler.o
                0x08002290                readingTheGyroscope
 .text.readingTheAccel
                0x0800234c      0x108 ./src/MPU_Handler.o
                0x0800234c                readingTheAccel
 .text.readingTheMagnetometer
                0x08002454       0xbc ./src/MPU_Handler.o
                0x08002454                readingTheMagnetometer
 .text.invSqrt  0x08002510       0x3c ./src/MadgwickAHRS.o
                0x08002510                invSqrt
 .text.MadgwickAHRSupdateIMU
                0x0800254c      0x550 ./src/MadgwickAHRS.o
                0x0800254c                MadgwickAHRSupdateIMU
 .text.MadgwickAHRSupdate
                0x08002a9c      0xa58 ./src/MadgwickAHRS.o
                0x08002a9c                MadgwickAHRSupdate
 .text.InitSPI  0x080034f4       0x38 ./src/SPI_Handler.o
                0x080034f4                InitSPI
 .text.HAL_SPI_MspInit
                0x0800352c       0x9c ./src/SPI_Handler.o
                0x0800352c                HAL_SPI_MspInit
 .text.timer_sleep
                0x080035c8       0x14 ./src/Timer.o
                0x080035c8                timer_sleep
 .text.timer_tick
                0x080035dc       0x14 ./src/Timer.o
                0x080035dc                timer_tick
 .text.SysTick_Handler
                0x080035f0        0xc ./src/Timer.o
                0x080035f0                SysTick_Handler
 .text.InitUSART3
                0x080035fc       0x2c ./src/USART_Handler.o
                0x080035fc                InitUSART3
 .text.HAL_UART_MspInit
                0x08003628       0x7c ./src/USART_Handler.o
                0x08003628                HAL_UART_MspInit
 .text.ButtonInit
                0x080036a4       0x3c ./src/USART_Handler.o
                0x080036a4                ButtonInit
 .text.SystemClock_Config
                0x080036e0       0x9c ./src/_initialize_hardware.o
                0x080036e0                SystemClock_Config
 .text.__initialize_hardware
                0x0800377c       0x10 ./src/_initialize_hardware.o
                0x0800377c                __initialize_hardware
 .text.main     0x0800378c      0x368 ./src/main.o
                0x0800378c                main
 .text.HAL_MspInit
                0x08003af4        0x2 ./src/stm32f4xx_hal_msp.o
                0x08003af4                HAL_MspInit
 .text.UART_EndRxTransfer
                0x08003af6       0x1c ./src/stm32f4xx_hal_uart.o
 .text.UART_Transmit_IT
                0x08003b12       0x68 ./src/stm32f4xx_hal_uart.o
 *fill*         0x08003b7a        0x2 
 .text.UART_SetConfig
                0x08003b7c      0x3a0 ./src/stm32f4xx_hal_uart.o
 .text.UART_WaitOnFlagUntilTimeout
                0x08003f1c       0x62 ./src/stm32f4xx_hal_uart.o
 *fill*         0x08003f7e        0x2 
 .text.HAL_UART_Init
                0x08003f80      0x128 ./src/stm32f4xx_hal_uart.o
                0x08003f80                HAL_UART_Init
 .text.HAL_UART_Transmit
                0x080040a8       0xe0 ./src/stm32f4xx_hal_uart.o
                0x080040a8                HAL_UART_Transmit
 .text.HAL_UART_Transmit_IT
                0x08004188       0x48 ./src/stm32f4xx_hal_uart.o
                0x08004188                HAL_UART_Transmit_IT
 .text.HAL_UART_Receive_IT
                0x080041d0       0x52 ./src/stm32f4xx_hal_uart.o
                0x080041d0                HAL_UART_Receive_IT
 .text.UART_EndTransmit_IT
                0x08004222       0x1a ./src/stm32f4xx_hal_uart.o
 .text.UART_Receive_IT
                0x0800423c       0x92 ./src/stm32f4xx_hal_uart.o
 .text.HAL_UART_ErrorCallback
                0x080042ce        0x2 ./src/stm32f4xx_hal_uart.o
                0x080042ce                HAL_UART_ErrorCallback
 .text.HAL_UART_IRQHandler
                0x080042d0      0x120 ./src/stm32f4xx_hal_uart.o
                0x080042d0                HAL_UART_IRQHandler
 .text.UART_DMAAbortOnError
                0x080043f0       0x10 ./src/stm32f4xx_hal_uart.o
 .text.sqrt     0x08004400       0xbc c:/gnu tools arm embedded/7 2018-q2-update/bin/../lib/gcc/arm-none-eabi/7.3.1/../../../../arm-none-eabi/lib/thumb/v7e-m\libm.a(lib_a-w_sqrt.o)
                0x08004400                sqrt
 .text.__ieee754_sqrt
                0x080044bc      0x184 c:/gnu tools arm embedded/7 2018-q2-update/bin/../lib/gcc/arm-none-eabi/7.3.1/../../../../arm-none-eabi/lib/thumb/v7e-m\libm.a(lib_a-e_sqrt.o)
                0x080044bc                __ieee754_sqrt
 .text.matherr  0x08004640        0x4 c:/gnu tools arm embedded/7 2018-q2-update/bin/../lib/gcc/arm-none-eabi/7.3.1/../../../../arm-none-eabi/lib/thumb/v7e-m\libm.a(lib_a-s_matherr.o)
                0x08004640                matherr
 .text          0x08004644      0x378 c:/gnu tools arm embedded/7 2018-q2-update/bin/../lib/gcc/arm-none-eabi/7.3.1/thumb/v7e-m\libgcc.a(_arm_addsubdf3.o)
                0x08004644                __aeabi_drsub
                0x0800464c                __aeabi_dsub
                0x0800464c                __subdf3
                0x08004650                __aeabi_dadd
                0x08004650                __adddf3
                0x080048c8                __floatunsidf
                0x080048c8                __aeabi_ui2d
                0x080048e8                __floatsidf
                0x080048e8                __aeabi_i2d
                0x0800490c                __aeabi_f2d
                0x0800490c                __extendsfdf2
                0x08004950                __floatundidf
                0x08004950                __aeabi_ul2d
                0x08004960                __floatdidf
                0x08004960                __aeabi_l2d
 .text          0x080049bc      0x424 c:/gnu tools arm embedded/7 2018-q2-update/bin/../lib/gcc/arm-none-eabi/7.3.1/thumb/v7e-m\libgcc.a(_arm_muldivdf3.o)
                0x080049bc                __aeabi_dmul
                0x080049bc                __muldf3
                0x08004c10                __divdf3
                0x08004c10                __aeabi_ddiv
 .text          0x08004de0      0x110 c:/gnu tools arm embedded/7 2018-q2-update/bin/../lib/gcc/arm-none-eabi/7.3.1/thumb/v7e-m\libgcc.a(_arm_cmpdf2.o)
                0x08004de0                __gtdf2
                0x08004de0                __gedf2
                0x08004de8                __ltdf2
                0x08004de8                __ledf2
                0x08004df0                __nedf2
                0x08004df0                __eqdf2
                0x08004df0                __cmpdf2
                0x08004e6c                __aeabi_cdrcmple
                0x08004e7c                __aeabi_cdcmpeq
                0x08004e7c                __aeabi_cdcmple
                0x08004e8c                __aeabi_dcmpeq
                0x08004ea0                __aeabi_dcmplt
                0x08004eb4                __aeabi_dcmple
                0x08004ec8                __aeabi_dcmpge
                0x08004edc                __aeabi_dcmpgt
 .text          0x08004ef0       0x2c c:/gnu tools arm embedded/7 2018-q2-update/bin/../lib/gcc/arm-none-eabi/7.3.1/thumb/v7e-m\libgcc.a(_arm_unorddf2.o)
                0x08004ef0                __unorddf2
                0x08004ef0                __aeabi_dcmpun
 .text          0x08004f1c       0xa0 c:/gnu tools arm embedded/7 2018-q2-update/bin/../lib/gcc/arm-none-eabi/7.3.1/thumb/v7e-m\libgcc.a(_arm_truncdfsf2.o)
                0x08004f1c                __truncdfsf2
                0x08004f1c                __aeabi_d2f
 .text          0x08004fbc      0x21c c:/gnu tools arm embedded/7 2018-q2-update/bin/../lib/gcc/arm-none-eabi/7.3.1/thumb/v7e-m\libgcc.a(_arm_addsubsf3.o)
                0x08004fbc                __aeabi_frsub
                0x08004fc4                __subsf3
                0x08004fc4                __aeabi_fsub
                0x08004fc8                __aeabi_fadd
                0x08004fc8                __addsf3
                0x08005128                __aeabi_ui2f
                0x08005128                __floatunsisf
                0x08005130                __aeabi_i2f
                0x08005130                __floatsisf
                0x0800514c                __aeabi_ul2f
                0x0800514c                __floatundisf
                0x0800515c                __aeabi_l2f
                0x0800515c                __floatdisf
 .text          0x080051d8      0x2a0 c:/gnu tools arm embedded/7 2018-q2-update/bin/../lib/gcc/arm-none-eabi/7.3.1/thumb/v7e-m\libgcc.a(_arm_muldivsf3.o)
                0x080051d8                __mulsf3
                0x080051d8                __aeabi_fmul
                0x08005340                __aeabi_fdiv
                0x08005340                __divsf3
 .text          0x08005478       0xec c:/gnu tools arm embedded/7 2018-q2-update/bin/../lib/gcc/arm-none-eabi/7.3.1/thumb/v7e-m\libgcc.a(_arm_cmpsf2.o)
                0x08005478                __gesf2
                0x08005478                __gtsf2
                0x08005480                __lesf2
                0x08005480                __ltsf2
                0x08005488                __nesf2
                0x08005488                __eqsf2
                0x08005488                __cmpsf2
                0x080054e8                __aeabi_cfrcmple
                0x080054f0                __aeabi_cfcmpeq
                0x080054f0                __aeabi_cfcmple
                0x08005500                __aeabi_fcmpeq
                0x08005514                __aeabi_fcmplt
                0x08005528                __aeabi_fcmple
                0x0800553c                __aeabi_fcmpge
                0x08005550                __aeabi_fcmpgt
 .text.__errno  0x08005564        0xc c:/gnu tools arm embedded/7 2018-q2-update/bin/../lib/gcc/arm-none-eabi/7.3.1/../../../../arm-none-eabi/lib/thumb/v7e-m\libg_nano.a(lib_a-errno.o)
                0x08005564                __errno
 .text.memset   0x08005570       0x10 c:/gnu tools arm embedded/7 2018-q2-update/bin/../lib/gcc/arm-none-eabi/7.3.1/../../../../arm-none-eabi/lib/thumb/v7e-m\libg_nano.a(lib_a-memset.o)
                0x08005570                memset
 .text.__cvt    0x08005580       0xb8 c:/gnu tools arm embedded/7 2018-q2-update/bin/../lib/gcc/arm-none-eabi/7.3.1/../../../../arm-none-eabi/lib/thumb/v7e-m\libg_nano.a(lib_a-nano-vfprintf_float.o)
                0x08005580                __cvt
 .text.__exponent
                0x08005638       0x66 c:/gnu tools arm embedded/7 2018-q2-update/bin/../lib/gcc/arm-none-eabi/7.3.1/../../../../arm-none-eabi/lib/thumb/v7e-m\libg_nano.a(lib_a-nano-vfprintf_float.o)
                0x08005638                __exponent
 *fill*         0x0800569e        0x2 
 .text._printf_float
                0x080056a0      0x46c c:/gnu tools arm embedded/7 2018-q2-update/bin/../lib/gcc/arm-none-eabi/7.3.1/../../../../arm-none-eabi/lib/thumb/v7e-m\libg_nano.a(lib_a-nano-vfprintf_float.o)
                0x080056a0                _printf_float
 .text._printf_common
                0x08005b0c       0xea c:/gnu tools arm embedded/7 2018-q2-update/bin/../lib/gcc/arm-none-eabi/7.3.1/../../../../arm-none-eabi/lib/thumb/v7e-m\libg_nano.a(lib_a-nano-vfprintf_i.o)
                0x08005b0c                _printf_common
 *fill*         0x08005bf6        0x2 
 .text._printf_i
                0x08005bf8      0x224 c:/gnu tools arm embedded/7 2018-q2-update/bin/../lib/gcc/arm-none-eabi/7.3.1/../../../../arm-none-eabi/lib/thumb/v7e-m\libg_nano.a(lib_a-nano-vfprintf_i.o)
                0x08005bf8                _printf_i
 .text.snprintf
                0x08005e1c       0x68 c:/gnu tools arm embedded/7 2018-q2-update/bin/../lib/gcc/arm-none-eabi/7.3.1/../../../../arm-none-eabi/lib/thumb/v7e-m\libg_nano.a(lib_a-snprintf.o)
                0x08005e1c                sniprintf
                0x08005e1c                snprintf
 .text          0x08005e84       0x10 c:/gnu tools arm embedded/7 2018-q2-update/bin/../lib/gcc/arm-none-eabi/7.3.1/../../../../arm-none-eabi/lib/thumb/v7e-m\libg_nano.a(lib_a-strlen.o)
                0x08005e84                strlen
 .text.quorem   0x08005e94      0x118 c:/gnu tools arm embedded/7 2018-q2-update/bin/../lib/gcc/arm-none-eabi/7.3.1/../../../../arm-none-eabi/lib/thumb/v7e-m\libg_nano.a(lib_a-dtoa.o)
 *fill*         0x08005fac        0x4 
 .text._dtoa_r  0x08005fb0      0xb74 c:/gnu tools arm embedded/7 2018-q2-update/bin/../lib/gcc/arm-none-eabi/7.3.1/../../../../arm-none-eabi/lib/thumb/v7e-m\libg_nano.a(lib_a-dtoa.o)
                0x08005fb0                _dtoa_r
 .text._localeconv_r
                0x08006b24       0x1c c:/gnu tools arm embedded/7 2018-q2-update/bin/../lib/gcc/arm-none-eabi/7.3.1/../../../../arm-none-eabi/lib/thumb/v7e-m\libg_nano.a(lib_a-localeconv.o)
                0x08006b24                _localeconv_r
 .text.malloc   0x08006b40       0x10 c:/gnu tools arm embedded/7 2018-q2-update/bin/../lib/gcc/arm-none-eabi/7.3.1/../../../../arm-none-eabi/lib/thumb/v7e-m\libg_nano.a(lib_a-malloc.o)
                0x08006b40                malloc
 .text          0x08006b50       0xa0 c:/gnu tools arm embedded/7 2018-q2-update/bin/../lib/gcc/arm-none-eabi/7.3.1/../../../../arm-none-eabi/lib/thumb/v7e-m\libg_nano.a(lib_a-memchr.o)
                0x08006b50                memchr
 .text.memcpy   0x08006bf0       0x16 c:/gnu tools arm embedded/7 2018-q2-update/bin/../lib/gcc/arm-none-eabi/7.3.1/../../../../arm-none-eabi/lib/thumb/v7e-m\libg_nano.a(lib_a-memcpy-stub.o)
                0x08006bf0                memcpy
 .text._Balloc  0x08006c06       0x68 c:/gnu tools arm embedded/7 2018-q2-update/bin/../lib/gcc/arm-none-eabi/7.3.1/../../../../arm-none-eabi/lib/thumb/v7e-m\libg_nano.a(lib_a-mprec.o)
                0x08006c06                _Balloc
 .text._Bfree   0x08006c6e       0x2e c:/gnu tools arm embedded/7 2018-q2-update/bin/../lib/gcc/arm-none-eabi/7.3.1/../../../../arm-none-eabi/lib/thumb/v7e-m\libg_nano.a(lib_a-mprec.o)
                0x08006c6e                _Bfree
 .text.__multadd
                0x08006c9c       0x76 c:/gnu tools arm embedded/7 2018-q2-update/bin/../lib/gcc/arm-none-eabi/7.3.1/../../../../arm-none-eabi/lib/thumb/v7e-m\libg_nano.a(lib_a-mprec.o)
                0x08006c9c                __multadd
 .text.__hi0bits
                0x08006d12       0x3e c:/gnu tools arm embedded/7 2018-q2-update/bin/../lib/gcc/arm-none-eabi/7.3.1/../../../../arm-none-eabi/lib/thumb/v7e-m\libg_nano.a(lib_a-mprec.o)
                0x08006d12                __hi0bits
 .text.__lo0bits
                0x08006d50       0x5e c:/gnu tools arm embedded/7 2018-q2-update/bin/../lib/gcc/arm-none-eabi/7.3.1/../../../../arm-none-eabi/lib/thumb/v7e-m\libg_nano.a(lib_a-mprec.o)
                0x08006d50                __lo0bits
 .text.__i2b    0x08006dae       0x12 c:/gnu tools arm embedded/7 2018-q2-update/bin/../lib/gcc/arm-none-eabi/7.3.1/../../../../arm-none-eabi/lib/thumb/v7e-m\libg_nano.a(lib_a-mprec.o)
                0x08006dae                __i2b
 .text.__multiply
                0x08006dc0      0x12c c:/gnu tools arm embedded/7 2018-q2-update/bin/../lib/gcc/arm-none-eabi/7.3.1/../../../../arm-none-eabi/lib/thumb/v7e-m\libg_nano.a(lib_a-mprec.o)
                0x08006dc0                __multiply
 .text.__pow5mult
                0x08006eec       0x9c c:/gnu tools arm embedded/7 2018-q2-update/bin/../lib/gcc/arm-none-eabi/7.3.1/../../../../arm-none-eabi/lib/thumb/v7e-m\libg_nano.a(lib_a-mprec.o)
                0x08006eec                __pow5mult
 .text.__lshift
                0x08006f88       0xa8 c:/gnu tools arm embedded/7 2018-q2-update/bin/../lib/gcc/arm-none-eabi/7.3.1/../../../../arm-none-eabi/lib/thumb/v7e-m\libg_nano.a(lib_a-mprec.o)
                0x08006f88                __lshift
 .text.__mcmp   0x08007030       0x34 c:/gnu tools arm embedded/7 2018-q2-update/bin/../lib/gcc/arm-none-eabi/7.3.1/../../../../arm-none-eabi/lib/thumb/v7e-m\libg_nano.a(lib_a-mprec.o)
                0x08007030                __mcmp
 .text.__mdiff  0x08007064       0xba c:/gnu tools arm embedded/7 2018-q2-update/bin/../lib/gcc/arm-none-eabi/7.3.1/../../../../arm-none-eabi/lib/thumb/v7e-m\libg_nano.a(lib_a-mprec.o)
                0x08007064                __mdiff
 .text.__d2b    0x0800711e       0x9e c:/gnu tools arm embedded/7 2018-q2-update/bin/../lib/gcc/arm-none-eabi/7.3.1/../../../../arm-none-eabi/lib/thumb/v7e-m\libg_nano.a(lib_a-mprec.o)
                0x0800711e                __d2b
 .text._calloc_r
                0x080071bc       0x1c c:/gnu tools arm embedded/7 2018-q2-update/bin/../lib/gcc/arm-none-eabi/7.3.1/../../../../arm-none-eabi/lib/thumb/v7e-m\libg_nano.a(lib_a-nano-callocr.o)
                0x080071bc                _calloc_r
 .text._free_r  0x080071d8       0x9c c:/gnu tools arm embedded/7 2018-q2-update/bin/../lib/gcc/arm-none-eabi/7.3.1/../../../../arm-none-eabi/lib/thumb/v7e-m\libg_nano.a(lib_a-nano-freer.o)
                0x080071d8                _free_r
 .text._malloc_r
                0x08007274       0xb4 c:/gnu tools arm embedded/7 2018-q2-update/bin/../lib/gcc/arm-none-eabi/7.3.1/../../../../arm-none-eabi/lib/thumb/v7e-m\libg_nano.a(lib_a-nano-mallocr.o)
                0x08007274                _malloc_r
 .text.__ssputs_r
                0x08007328       0xb4 c:/gnu tools arm embedded/7 2018-q2-update/bin/../lib/gcc/arm-none-eabi/7.3.1/../../../../arm-none-eabi/lib/thumb/v7e-m\libg_nano.a(lib_a-nano-svfprintf.o)
                0x08007328                __ssputs_r
 .text._svfprintf_r
                0x080073dc      0x1f0 c:/gnu tools arm embedded/7 2018-q2-update/bin/../lib/gcc/arm-none-eabi/7.3.1/../../../../arm-none-eabi/lib/thumb/v7e-m\libg_nano.a(lib_a-nano-svfprintf.o)
                0x080073dc                _svfiprintf_r
                0x080073dc                _svfprintf_r
 .text._sbrk_r  0x080075cc       0x20 c:/gnu tools arm embedded/7 2018-q2-update/bin/../lib/gcc/arm-none-eabi/7.3.1/../../../../arm-none-eabi/lib/thumb/v7e-m\libg_nano.a(lib_a-sbrkr.o)
                0x080075cc                _sbrk_r
 .text.__ascii_mbtowc
                0x080075ec       0x24 c:/gnu tools arm embedded/7 2018-q2-update/bin/../lib/gcc/arm-none-eabi/7.3.1/../../../../arm-none-eabi/lib/thumb/v7e-m\libg_nano.a(lib_a-mbtowc_r.o)
                0x080075ec                __ascii_mbtowc
 .text.memmove  0x08007610       0x32 c:/gnu tools arm embedded/7 2018-q2-update/bin/../lib/gcc/arm-none-eabi/7.3.1/../../../../arm-none-eabi/lib/thumb/v7e-m\libg_nano.a(lib_a-memmove.o)
                0x08007610                memmove
 .text.__malloc_lock
                0x08007642        0x2 c:/gnu tools arm embedded/7 2018-q2-update/bin/../lib/gcc/arm-none-eabi/7.3.1/../../../../arm-none-eabi/lib/thumb/v7e-m\libg_nano.a(lib_a-mlock.o)
                0x08007642                __malloc_lock
 .text.__malloc_unlock
                0x08007644        0x2 c:/gnu tools arm embedded/7 2018-q2-update/bin/../lib/gcc/arm-none-eabi/7.3.1/../../../../arm-none-eabi/lib/thumb/v7e-m\libg_nano.a(lib_a-mlock.o)
                0x08007644                __malloc_unlock
 .text._realloc_r
                0x08007646       0x4c c:/gnu tools arm embedded/7 2018-q2-update/bin/../lib/gcc/arm-none-eabi/7.3.1/../../../../arm-none-eabi/lib/thumb/v7e-m\libg_nano.a(lib_a-nano-reallocr.o)
                0x08007646                _realloc_r
 .text.__ascii_wctomb
                0x08007692       0x1a c:/gnu tools arm embedded/7 2018-q2-update/bin/../lib/gcc/arm-none-eabi/7.3.1/../../../../arm-none-eabi/lib/thumb/v7e-m\libg_nano.a(lib_a-wctomb_r.o)
                0x08007692                __ascii_wctomb
 .text._malloc_usable_size_r
                0x080076ac       0x10 c:/gnu tools arm embedded/7 2018-q2-update/bin/../lib/gcc/arm-none-eabi/7.3.1/../../../../arm-none-eabi/lib/thumb/v7e-m\libg_nano.a(lib_a-nano-msizer.o)
                0x080076ac                _malloc_usable_size_r
 .text          0x080076bc       0x50 c:/gnu tools arm embedded/7 2018-q2-update/bin/../lib/gcc/arm-none-eabi/7.3.1/thumb/v7e-m\libgcc.a(_arm_fixdfsi.o)
                0x080076bc                __aeabi_d2iz
                0x080076bc                __fixdfsi
 *(.rodata .rodata.* .constdata .constdata.*)
 .rodata.HAL_NVIC_SetPriorityGrouping.str1.4
                0x0800770c       0x31 ./system/src/stm32f4-hal/stm32f4xx_hal_cortex.o
 *fill*         0x0800773d        0x3 
 .rodata.HAL_GPIO_Init.str1.4
                0x08007740       0x2f ./system/src/stm32f4-hal/stm32f4xx_hal_gpio.o
 *fill*         0x0800776f        0x1 
 .rodata.HAL_I2C_Init.str1.4
                0x08007770       0x2e ./system/src/stm32f4-hal/stm32f4xx_hal_i2c.o
 *fill*         0x0800779e        0x2 
 .rodata.APBAHBPrescTable
                0x080077a0       0x10 ./system/src/stm32f4-hal/stm32f4xx_hal_rcc.o
                0x080077a0                APBAHBPrescTable
 .rodata.HAL_RCC_OscConfig.str1.4
                0x080077b0       0x2e ./system/src/stm32f4-hal/stm32f4xx_hal_rcc.o
 *fill*         0x080077de        0x2 
 .rodata.HAL_SPI_Init.str1.4
                0x080077e0       0x2e ./system/src/stm32f4-hal/stm32f4xx_hal_spi.o
 *fill*         0x0800780e        0x2 
 .rodata.AHBPrescTable
                0x08007810       0x10 ./system/src/cmsis/system_stm32f4xx.o
                0x08007810                AHBPrescTable
 .rodata.HAL_TIM_PeriodElapsedCallback.str1.4
                0x08007820       0x2e ./src/Interrupt_Handler.o
                                 0x19 (size before relaxing)
 .rodata.readingTheAccel.str1.4
                0x08007820       0x29 ./src/MPU_Handler.o
 *fill*         0x08007849        0x3 
 .rodata.readingTheGyroscope.str1.4
                0x0800784c       0x26 ./src/MPU_Handler.o
 *fill*         0x08007872        0x2 
 .rodata.readingTheMagnetometer.str1.4
                0x08007874       0x29 ./src/MPU_Handler.o
 *fill*         0x0800789d        0x3 
 .rodata.main.str1.4
                0x080078a0       0x15 ./src/main.o
 *fill*         0x080078b5        0x3 
 .rodata.UART_SetConfig.str1.4
                0x080078b8       0x1c ./src/stm32f4xx_hal_uart.o
 .rodata.sqrt.str1.4
                0x080078d4        0x8 c:/gnu tools arm embedded/7 2018-q2-update/bin/../lib/gcc/arm-none-eabi/7.3.1/../../../../arm-none-eabi/lib/thumb/v7e-m\libm.a(lib_a-w_sqrt.o)
                                  0x5 (size before relaxing)
 .rodata._printf_float.str1.1
                0x080078dc       0x12 c:/gnu tools arm embedded/7 2018-q2-update/bin/../lib/gcc/arm-none-eabi/7.3.1/../../../../arm-none-eabi/lib/thumb/v7e-m\libg_nano.a(lib_a-nano-vfprintf_float.o)
 .rodata._printf_i.str1.1
                0x080078ee       0x22 c:/gnu tools arm embedded/7 2018-q2-update/bin/../lib/gcc/arm-none-eabi/7.3.1/../../../../arm-none-eabi/lib/thumb/v7e-m\libg_nano.a(lib_a-nano-vfprintf_i.o)
 .rodata._dtoa_r.str1.1
                0x08007910        0xd c:/gnu tools arm embedded/7 2018-q2-update/bin/../lib/gcc/arm-none-eabi/7.3.1/../../../../arm-none-eabi/lib/thumb/v7e-m\libg_nano.a(lib_a-dtoa.o)
                                  0xf (size before relaxing)
 *fill*         0x0800791d        0x3 
 .rodata.__mprec_bigtens
                0x08007920       0x28 c:/gnu tools arm embedded/7 2018-q2-update/bin/../lib/gcc/arm-none-eabi/7.3.1/../../../../arm-none-eabi/lib/thumb/v7e-m\libg_nano.a(lib_a-mprec.o)
                0x08007920                __mprec_bigtens
 .rodata.__mprec_tens
                0x08007948       0xc8 c:/gnu tools arm embedded/7 2018-q2-update/bin/../lib/gcc/arm-none-eabi/7.3.1/../../../../arm-none-eabi/lib/thumb/v7e-m\libg_nano.a(lib_a-mprec.o)
                0x08007948                __mprec_tens
 .rodata.p05.6084
                0x08007a10        0xc c:/gnu tools arm embedded/7 2018-q2-update/bin/../lib/gcc/arm-none-eabi/7.3.1/../../../../arm-none-eabi/lib/thumb/v7e-m\libg_nano.a(lib_a-mprec.o)
 .rodata._svfprintf_r.str1.1
                0x08007a1c       0x11 c:/gnu tools arm embedded/7 2018-q2-update/bin/../lib/gcc/arm-none-eabi/7.3.1/../../../../arm-none-eabi/lib/thumb/v7e-m\libg_nano.a(lib_a-nano-svfprintf.o)
 .rodata._setlocale_r.str1.1
                0x08007a2d        0x8 c:/gnu tools arm embedded/7 2018-q2-update/bin/../lib/gcc/arm-none-eabi/7.3.1/../../../../arm-none-eabi/lib/thumb/v7e-m\libg_nano.a(lib_a-locale.o)
                                  0x9 (size before relaxing)
 .rodata.str1.1
                0x08007a35        0x2 c:/gnu tools arm embedded/7 2018-q2-update/bin/../lib/gcc/arm-none-eabi/7.3.1/../../../../arm-none-eabi/lib/thumb/v7e-m\libg_nano.a(lib_a-locale.o)
 .rodata._ctype_
                0x08007a37      0x101 c:/gnu tools arm embedded/7 2018-q2-update/bin/../lib/gcc/arm-none-eabi/7.3.1/../../../../arm-none-eabi/lib/thumb/v7e-m\libg_nano.a(lib_a-ctype_.o)
                0x08007a37                _ctype_
 *(vtable)
 *(.eh_frame*)
 *(.glue_7)
 .glue_7        0x08007b38        0x0 linker stubs
 *(.glue_7t)
 .glue_7t       0x08007b38        0x0 linker stubs

.vfp11_veneer   0x08007b38        0x0
 .vfp11_veneer  0x08007b38        0x0 linker stubs

.v4_bx          0x08007b38        0x0
 .v4_bx         0x08007b38        0x0 linker stubs

.iplt           0x08007b38        0x0
 .iplt          0x08007b38        0x0 ./system/src/stm32f4-hal/stm32f4xx_hal.o

.rel.dyn        0x08007b38        0x0
 .rel.iplt      0x08007b38        0x0 ./system/src/stm32f4-hal/stm32f4xx_hal.o

.ARM.extab
 *(.ARM.extab* .gnu.linkonce.armextab.*)
                0x08007b38                . = ALIGN (0x4)
                0x08007b38                __exidx_start = .

.ARM.exidx
 *(.ARM.exidx* .gnu.linkonce.armexidx.*)
                0x08007b38                __exidx_end = .
                0x08007b38                . = ALIGN (0x4)
                0x08007b38                _etext = .
                0x08007b38                __etext = .

.data_CCMRAM    0x10000000        0x0 load address 0x08007b38
 FILL mask 0xff
 *(.data.CCMRAM .data.CCMRAM.*)
                0x10000000                . = ALIGN (0x4)
                0x08007b38                _sidata = LOADADDR (.data)

.data           0x20000000      0x208 load address 0x08007b38
 FILL mask 0xff
                0x20000000                _sdata = .
                0x20000000                __data_start__ = .
 *(.data_begin .data_begin.*)
 .data_begin    0x20000000        0x4 ./system/src/newlib/_startup.o
 *(.data .data.*)
 .data.argv.4310
                0x20000004        0x8 ./system/src/newlib/_syscalls.o
 .data.SystemCoreClock
                0x2000000c        0x4 ./system/src/cmsis/system_stm32f4xx.o
                0x2000000c                SystemCoreClock
 .data.period_counter.10585
                0x20000010        0x4 ./src/Interrupt_Handler.o
 .data.uart_transmit_it_buffer
                0x20000014       0x11 ./src/Interrupt_Handler.o
                0x20000014                uart_transmit_it_buffer
 *fill*         0x20000025        0x3 ff
 .data.beta     0x20000028        0x4 ./src/MadgwickAHRS.o
                0x20000028                beta
 .data.q0       0x2000002c        0x4 ./src/MadgwickAHRS.o
                0x2000002c                q0
 .data.__fdlib_version
                0x20000030        0x1 c:/gnu tools arm embedded/7 2018-q2-update/bin/../lib/gcc/arm-none-eabi/7.3.1/../../../../arm-none-eabi/lib/thumb/v7e-m\libm.a(lib_a-s_lib_ver.o)
                0x20000030                __fdlib_version
 *fill*         0x20000031        0x3 ff
 .data._impure_ptr
                0x20000034        0x4 c:/gnu tools arm embedded/7 2018-q2-update/bin/../lib/gcc/arm-none-eabi/7.3.1/../../../../arm-none-eabi/lib/thumb/v7e-m\libg_nano.a(lib_a-impure.o)
                0x20000034                _impure_ptr
 .data.impure_data
                0x20000038       0x60 c:/gnu tools arm embedded/7 2018-q2-update/bin/../lib/gcc/arm-none-eabi/7.3.1/../../../../arm-none-eabi/lib/thumb/v7e-m\libg_nano.a(lib_a-impure.o)
 .data.__global_locale
                0x20000098      0x16c c:/gnu tools arm embedded/7 2018-q2-update/bin/../lib/gcc/arm-none-eabi/7.3.1/../../../../arm-none-eabi/lib/thumb/v7e-m\libg_nano.a(lib_a-locale.o)
                0x20000098                __global_locale
 *(.data_end .data_end.*)
 .data_end      0x20000204        0x4 ./system/src/newlib/_startup.o
                0x20000208                . = ALIGN (0x4)
                0x20000208                _edata = .
                0x20000208                __data_end__ = .

.igot.plt       0x20000208        0x0 load address 0x08007d40
 .igot.plt      0x20000208        0x0 ./system/src/stm32f4-hal/stm32f4xx_hal.o

.bss_CCMRAM     0x10000000        0x0
 *(.bss.CCMRAM .bss.CCMRAM.*)

.bss            0x20000208      0x218
                0x20000208                __bss_start__ = .
                0x20000208                _sbss = .
 *(.bss_begin .bss_begin.*)
 .bss_begin     0x20000208        0x4 ./system/src/newlib/_startup.o
 *(.bss .bss.*)
 .bss.current_heap_end.3961
                0x2000020c        0x4 ./system/src/newlib/_sbrk.o
 .bss.name.4309
                0x20000210        0x1 ./system/src/newlib/_syscalls.o
 *fill*         0x20000211        0x3 
 .bss.UART_RECEIVE_IT_FLAG
                0x20000214        0x4 ./src/Interrupt_Handler.o
                0x20000214                UART_RECEIVE_IT_FLAG
 .bss.UART_TRANSMIT_IT_FLAG
                0x20000218        0x4 ./src/Interrupt_Handler.o
                0x20000218                UART_TRANSMIT_IT_FLAG
 .bss.accel_sum_x
                0x2000021c        0x4 ./src/Interrupt_Handler.o
                0x2000021c                accel_sum_x
 .bss.accel_sum_y
                0x20000220        0x4 ./src/Interrupt_Handler.o
                0x20000220                accel_sum_y
 .bss.accel_sum_z
                0x20000224        0x4 ./src/Interrupt_Handler.o
                0x20000224                accel_sum_z
 .bss.i2c_mpu_accel_buffer
                0x20000228        0x6 ./src/Interrupt_Handler.o
 *fill*         0x2000022e        0x2 
 .bss.i2c_mpu_accel_write_buffer
                0x20000230       0x32 ./src/Interrupt_Handler.o
 *fill*         0x20000262        0x2 
 .bss.last_interrupt_time.10559
                0x20000264        0x4 ./src/Interrupt_Handler.o
 .bss.realAccelX
                0x20000268        0x4 ./src/MPU_Handler.o
                0x20000268                realAccelX
 .bss.realAccelY
                0x2000026c        0x4 ./src/MPU_Handler.o
                0x2000026c                realAccelY
 .bss.realAccelZ
                0x20000270        0x4 ./src/MPU_Handler.o
                0x20000270                realAccelZ
 .bss.realGyroX
                0x20000274        0x4 ./src/MPU_Handler.o
                0x20000274                realGyroX
 .bss.realGyroY
                0x20000278        0x4 ./src/MPU_Handler.o
                0x20000278                realGyroY
 .bss.realGyroZ
                0x2000027c        0x4 ./src/MPU_Handler.o
                0x2000027c                realGyroZ
 .bss.realMagX  0x20000280        0x4 ./src/MPU_Handler.o
                0x20000280                realMagX
 .bss.realMagY  0x20000284        0x4 ./src/MPU_Handler.o
                0x20000284                realMagY
 .bss.realMagZ  0x20000288        0x4 ./src/MPU_Handler.o
                0x20000288                realMagZ
 .bss.q1        0x2000028c        0x4 ./src/MadgwickAHRS.o
                0x2000028c                q1
 .bss.q2        0x20000290        0x4 ./src/MadgwickAHRS.o
                0x20000290                q2
 .bss.q3        0x20000294        0x4 ./src/MadgwickAHRS.o
                0x20000294                q3
 .bss.ledPin    0x20000298        0x4 ./src/main.o
                0x20000298                ledPin
 .bss.__malloc_free_list
                0x2000029c        0x4 c:/gnu tools arm embedded/7 2018-q2-update/bin/../lib/gcc/arm-none-eabi/7.3.1/../../../../arm-none-eabi/lib/thumb/v7e-m\libg_nano.a(lib_a-nano-mallocr.o)
                0x2000029c                __malloc_free_list
 .bss.__malloc_sbrk_start
                0x200002a0        0x4 c:/gnu tools arm embedded/7 2018-q2-update/bin/../lib/gcc/arm-none-eabi/7.3.1/../../../../arm-none-eabi/lib/thumb/v7e-m\libg_nano.a(lib_a-nano-mallocr.o)
                0x200002a0                __malloc_sbrk_start
 *(COMMON)
 COMMON         0x200002a4        0x4 ./system/src/stm32f4-hal/stm32f4xx_hal.o
                0x200002a4                uwTick
 COMMON         0x200002a8        0x4 ./system/src/newlib/_syscalls.o
                0x200002a8                errno
 COMMON         0x200002ac       0x54 ./src/I2C_Handler.o
                0x200002ac                I2cHandle
 COMMON         0x20000300        0x1 ./src/Interrupt_Handler.o
                0x20000300                uart_receive_it_buffer
 *fill*         0x20000301        0x3 
 COMMON         0x20000304       0x58 ./src/SPI_Handler.o
                0x20000304                SpiHandle
 COMMON         0x2000035c        0x4 ./src/Timer.o
                0x2000035c                timer_delayCount
 COMMON         0x20000360       0x3c ./src/Timer_Handler.o
                0x20000360                TimHandle
 COMMON         0x2000039c       0x80 ./src/USART_Handler.o
                0x2000039c                UartHandle2
                0x200003dc                UartHandle
 *(.bss_end .bss_end.*)
 .bss_end       0x2000041c        0x4 ./system/src/newlib/_startup.o
                0x20000420                . = ALIGN (0x4)
                0x20000420                __bss_end__ = .
                0x20000420                _ebss = .

.noinit_CCMRAM
 *(.noinit.CCMRAM .noinit.CCMRAM.*)

.noinit         0x20000420        0x0
                0x20000420                _noinit = .
 *(.noinit .noinit.*)
                0x20000420                . = ALIGN (0x4)
                0x20000420                _end_noinit = .
                [!provide]                PROVIDE (end = _end_noinit)
                [!provide]                PROVIDE (_end = _end_noinit)
                [!provide]                PROVIDE (__end = _end_noinit)
                [!provide]                PROVIDE (__end__ = _end_noinit)

._check_stack   0x20000420      0x100
                0x20000520                . = (. + _Minimum_Stack_Size)
 *fill*         0x20000420      0x100 

.b1text
 *(.b1text)
 *(.b1rodata)
 *(.b1rodata.*)

.eb0text
 *(.eb0text)
 *(.eb0rodata)
 *(.eb0rodata.*)

.eb1text
 *(.eb1text)
 *(.eb1rodata)
 *(.eb1rodata.*)

.eb2text
 *(.eb2text)
 *(.eb2rodata)
 *(.eb2rodata.*)

.eb3text
 *(.eb3text)
 *(.eb3rodata)
 *(.eb3rodata.*)

.stab
 *(.stab)

.stabstr
 *(.stabstr)

.stab.excl
 *(.stab.excl)

.stab.exclstr
 *(.stab.exclstr)

.stab.index
 *(.stab.index)

.stab.indexstr
 *(.stab.indexstr)

.comment        0x00000000       0x7f
 *(.comment)
 .comment       0x00000000       0x7f ./system/src/stm32f4-hal/stm32f4xx_hal.o
                                 0x80 (size before relaxing)
 .comment       0x0000007f       0x80 ./system/src/stm32f4-hal/stm32f4xx_hal_cortex.o
 .comment       0x0000007f       0x80 ./system/src/stm32f4-hal/stm32f4xx_hal_dma.o
 .comment       0x0000007f       0x80 ./system/src/stm32f4-hal/stm32f4xx_hal_gpio.o
 .comment       0x0000007f       0x80 ./system/src/stm32f4-hal/stm32f4xx_hal_i2c.o
 .comment       0x0000007f       0x80 ./system/src/stm32f4-hal/stm32f4xx_hal_rcc.o
 .comment       0x0000007f       0x80 ./system/src/stm32f4-hal/stm32f4xx_hal_spi.o
 .comment       0x0000007f       0x80 ./system/src/stm32f4-hal/stm32f4xx_hal_tim.o
 .comment       0x0000007f       0x80 ./system/src/stm32f4-hal/stm32f4xx_hal_tim_ex.o
 .comment       0x0000007f       0x80 ./system/src/newlib/_exit.o
 .comment       0x0000007f       0x80 ./system/src/newlib/_sbrk.o
 .comment       0x0000007f       0x80 ./system/src/newlib/_startup.o
 .comment       0x0000007f       0x80 ./system/src/newlib/_syscalls.o
 .comment       0x0000007f       0x80 ./system/src/newlib/assert.o
 .comment       0x0000007f       0x80 ./system/src/cortexm/_initialize_hardware.o
 .comment       0x0000007f       0x80 ./system/src/cortexm/exception_handlers.o
 .comment       0x0000007f       0x80 ./system/src/cmsis/system_stm32f4xx.o
 .comment       0x0000007f       0x80 ./system/src/cmsis/vectors_stm32f446xx.o
 .comment       0x0000007f       0x80 ./src/BlinkLed.o
 .comment       0x0000007f       0x80 ./src/I2C_Handler.o
 .comment       0x0000007f       0x80 ./src/Interrupt_Handler.o
 .comment       0x0000007f       0x80 ./src/MPU_Handler.o
 .comment       0x0000007f       0x80 ./src/MadgwickAHRS.o
 .comment       0x0000007f       0x80 ./src/SPI_Handler.o
 .comment       0x0000007f       0x80 ./src/Timer.o
 .comment       0x0000007f       0x80 ./src/Timer_Handler.o
 .comment       0x0000007f       0x80 ./src/USART_Handler.o
 .comment       0x0000007f       0x80 ./src/_initialize_hardware.o
 .comment       0x0000007f       0x80 ./src/main.o
 .comment       0x0000007f       0x80 ./src/stm32f4xx_hal_msp.o
 .comment       0x0000007f       0x80 ./src/stm32f4xx_hal_uart.o

.ARM.attributes
                0x00000000       0x31
 .ARM.attributes
                0x00000000       0x33 ./system/src/stm32f4-hal/stm32f4xx_hal.o
 .ARM.attributes
                0x00000033       0x33 ./system/src/stm32f4-hal/stm32f4xx_hal_cortex.o
 .ARM.attributes
                0x00000066       0x33 ./system/src/stm32f4-hal/stm32f4xx_hal_dma.o
 .ARM.attributes
                0x00000099       0x33 ./system/src/stm32f4-hal/stm32f4xx_hal_gpio.o
 .ARM.attributes
                0x000000cc       0x33 ./system/src/stm32f4-hal/stm32f4xx_hal_i2c.o
 .ARM.attributes
                0x000000ff       0x33 ./system/src/stm32f4-hal/stm32f4xx_hal_rcc.o
 .ARM.attributes
                0x00000132       0x33 ./system/src/stm32f4-hal/stm32f4xx_hal_spi.o
 .ARM.attributes
                0x00000165       0x33 ./system/src/stm32f4-hal/stm32f4xx_hal_tim.o
 .ARM.attributes
                0x00000198       0x33 ./system/src/stm32f4-hal/stm32f4xx_hal_tim_ex.o
 .ARM.attributes
                0x000001cb       0x33 ./system/src/newlib/_exit.o
 .ARM.attributes
                0x000001fe       0x33 ./system/src/newlib/_sbrk.o
 .ARM.attributes
                0x00000231       0x33 ./system/src/newlib/_startup.o
 .ARM.attributes
                0x00000264       0x33 ./system/src/newlib/_syscalls.o
 .ARM.attributes
                0x00000297       0x33 ./system/src/newlib/assert.o
 .ARM.attributes
                0x000002ca       0x33 ./system/src/cortexm/_initialize_hardware.o
 .ARM.attributes
                0x000002fd       0x33 ./system/src/cortexm/exception_handlers.o
 .ARM.attributes
                0x00000330       0x33 ./system/src/cmsis/system_stm32f4xx.o
 .ARM.attributes
                0x00000363       0x33 ./system/src/cmsis/vectors_stm32f446xx.o
 .ARM.attributes
                0x00000396       0x33 ./src/BlinkLed.o
 .ARM.attributes
                0x000003c9       0x33 ./src/I2C_Handler.o
 .ARM.attributes
                0x000003fc       0x33 ./src/Interrupt_Handler.o
 .ARM.attributes
                0x0000042f       0x33 ./src/MPU_Handler.o
 .ARM.attributes
                0x00000462       0x33 ./src/MadgwickAHRS.o
 .ARM.attributes
                0x00000495       0x33 ./src/SPI_Handler.o
 .ARM.attributes
                0x000004c8       0x33 ./src/Timer.o
 .ARM.attributes
                0x000004fb       0x33 ./src/Timer_Handler.o
 .ARM.attributes
                0x0000052e       0x33 ./src/USART_Handler.o
 .ARM.attributes
                0x00000561       0x33 ./src/_initialize_hardware.o
 .ARM.attributes
                0x00000594       0x33 ./src/main.o
 .ARM.attributes
                0x000005c7       0x33 ./src/stm32f4xx_hal_msp.o
 .ARM.attributes
                0x000005fa       0x33 ./src/stm32f4xx_hal_uart.o
 .ARM.attributes
                0x0000062d       0x2e c:/gnu tools arm embedded/7 2018-q2-update/bin/../lib/gcc/arm-none-eabi/7.3.1/../../../../arm-none-eabi/lib/thumb/v7e-m\libm.a(lib_a-w_sqrt.o)
 .ARM.attributes
                0x0000065b       0x2e c:/gnu tools arm embedded/7 2018-q2-update/bin/../lib/gcc/arm-none-eabi/7.3.1/../../../../arm-none-eabi/lib/thumb/v7e-m\libm.a(lib_a-e_sqrt.o)
 .ARM.attributes
                0x00000689       0x2e c:/gnu tools arm embedded/7 2018-q2-update/bin/../lib/gcc/arm-none-eabi/7.3.1/../../../../arm-none-eabi/lib/thumb/v7e-m\libm.a(lib_a-s_lib_ver.o)
 .ARM.attributes
                0x000006b7       0x2e c:/gnu tools arm embedded/7 2018-q2-update/bin/../lib/gcc/arm-none-eabi/7.3.1/../../../../arm-none-eabi/lib/thumb/v7e-m\libm.a(lib_a-s_matherr.o)
 .ARM.attributes
                0x000006e5       0x1e c:/gnu tools arm embedded/7 2018-q2-update/bin/../lib/gcc/arm-none-eabi/7.3.1/thumb/v7e-m\libgcc.a(_arm_addsubdf3.o)
 .ARM.attributes
                0x00000703       0x1e c:/gnu tools arm embedded/7 2018-q2-update/bin/../lib/gcc/arm-none-eabi/7.3.1/thumb/v7e-m\libgcc.a(_arm_muldivdf3.o)
 .ARM.attributes
                0x00000721       0x1e c:/gnu tools arm embedded/7 2018-q2-update/bin/../lib/gcc/arm-none-eabi/7.3.1/thumb/v7e-m\libgcc.a(_arm_cmpdf2.o)
 .ARM.attributes
                0x0000073f       0x1e c:/gnu tools arm embedded/7 2018-q2-update/bin/../lib/gcc/arm-none-eabi/7.3.1/thumb/v7e-m\libgcc.a(_arm_unorddf2.o)
 .ARM.attributes
                0x0000075d       0x1e c:/gnu tools arm embedded/7 2018-q2-update/bin/../lib/gcc/arm-none-eabi/7.3.1/thumb/v7e-m\libgcc.a(_arm_truncdfsf2.o)
 .ARM.attributes
                0x0000077b       0x1e c:/gnu tools arm embedded/7 2018-q2-update/bin/../lib/gcc/arm-none-eabi/7.3.1/thumb/v7e-m\libgcc.a(_arm_addsubsf3.o)
 .ARM.attributes
                0x00000799       0x1e c:/gnu tools arm embedded/7 2018-q2-update/bin/../lib/gcc/arm-none-eabi/7.3.1/thumb/v7e-m\libgcc.a(_arm_muldivsf3.o)
 .ARM.attributes
                0x000007b7       0x1e c:/gnu tools arm embedded/7 2018-q2-update/bin/../lib/gcc/arm-none-eabi/7.3.1/thumb/v7e-m\libgcc.a(_arm_cmpsf2.o)
 .ARM.attributes
                0x000007d5       0x2e c:/gnu tools arm embedded/7 2018-q2-update/bin/../lib/gcc/arm-none-eabi/7.3.1/../../../../arm-none-eabi/lib/thumb/v7e-m\libg_nano.a(lib_a-errno.o)
 .ARM.attributes
                0x00000803       0x2e c:/gnu tools arm embedded/7 2018-q2-update/bin/../lib/gcc/arm-none-eabi/7.3.1/../../../../arm-none-eabi/lib/thumb/v7e-m\libg_nano.a(lib_a-impure.o)
 .ARM.attributes
                0x00000831       0x2e c:/gnu tools arm embedded/7 2018-q2-update/bin/../lib/gcc/arm-none-eabi/7.3.1/../../../../arm-none-eabi/lib/thumb/v7e-m\libg_nano.a(lib_a-memset.o)
 .ARM.attributes
                0x0000085f       0x2e c:/gnu tools arm embedded/7 2018-q2-update/bin/../lib/gcc/arm-none-eabi/7.3.1/../../../../arm-none-eabi/lib/thumb/v7e-m\libg_nano.a(lib_a-nano-vfprintf_float.o)
 .ARM.attributes
                0x0000088d       0x2e c:/gnu tools arm embedded/7 2018-q2-update/bin/../lib/gcc/arm-none-eabi/7.3.1/../../../../arm-none-eabi/lib/thumb/v7e-m\libg_nano.a(lib_a-nano-vfprintf_i.o)
 .ARM.attributes
                0x000008bb       0x2e c:/gnu tools arm embedded/7 2018-q2-update/bin/../lib/gcc/arm-none-eabi/7.3.1/../../../../arm-none-eabi/lib/thumb/v7e-m\libg_nano.a(lib_a-snprintf.o)
 .ARM.attributes
                0x000008e9       0x17 c:/gnu tools arm embedded/7 2018-q2-update/bin/../lib/gcc/arm-none-eabi/7.3.1/../../../../arm-none-eabi/lib/thumb/v7e-m\libg_nano.a(lib_a-strlen.o)
 .ARM.attributes
                0x00000900       0x2e c:/gnu tools arm embedded/7 2018-q2-update/bin/../lib/gcc/arm-none-eabi/7.3.1/../../../../arm-none-eabi/lib/thumb/v7e-m\libg_nano.a(lib_a-dtoa.o)
 .ARM.attributes
                0x0000092e       0x2e c:/gnu tools arm embedded/7 2018-q2-update/bin/../lib/gcc/arm-none-eabi/7.3.1/../../../../arm-none-eabi/lib/thumb/v7e-m\libg_nano.a(lib_a-localeconv.o)
 .ARM.attributes
                0x0000095c       0x2e c:/gnu tools arm embedded/7 2018-q2-update/bin/../lib/gcc/arm-none-eabi/7.3.1/../../../../arm-none-eabi/lib/thumb/v7e-m\libg_nano.a(lib_a-malloc.o)
 .ARM.attributes
                0x0000098a       0x1c c:/gnu tools arm embedded/7 2018-q2-update/bin/../lib/gcc/arm-none-eabi/7.3.1/../../../../arm-none-eabi/lib/thumb/v7e-m\libg_nano.a(lib_a-memchr.o)
 .ARM.attributes
                0x000009a6       0x2e c:/gnu tools arm embedded/7 2018-q2-update/bin/../lib/gcc/arm-none-eabi/7.3.1/../../../../arm-none-eabi/lib/thumb/v7e-m\libg_nano.a(lib_a-memcpy-stub.o)
 .ARM.attributes
                0x000009d4       0x2e c:/gnu tools arm embedded/7 2018-q2-update/bin/../lib/gcc/arm-none-eabi/7.3.1/../../../../arm-none-eabi/lib/thumb/v7e-m\libg_nano.a(lib_a-mprec.o)
 .ARM.attributes
                0x00000a02       0x2e c:/gnu tools arm embedded/7 2018-q2-update/bin/../lib/gcc/arm-none-eabi/7.3.1/../../../../arm-none-eabi/lib/thumb/v7e-m\libg_nano.a(lib_a-nano-callocr.o)
 .ARM.attributes
                0x00000a30       0x2e c:/gnu tools arm embedded/7 2018-q2-update/bin/../lib/gcc/arm-none-eabi/7.3.1/../../../../arm-none-eabi/lib/thumb/v7e-m\libg_nano.a(lib_a-nano-freer.o)
 .ARM.attributes
                0x00000a5e       0x2e c:/gnu tools arm embedded/7 2018-q2-update/bin/../lib/gcc/arm-none-eabi/7.3.1/../../../../arm-none-eabi/lib/thumb/v7e-m\libg_nano.a(lib_a-nano-mallocr.o)
 .ARM.attributes
                0x00000a8c       0x2e c:/gnu tools arm embedded/7 2018-q2-update/bin/../lib/gcc/arm-none-eabi/7.3.1/../../../../arm-none-eabi/lib/thumb/v7e-m\libg_nano.a(lib_a-nano-svfprintf.o)
 .ARM.attributes
                0x00000aba       0x2e c:/gnu tools arm embedded/7 2018-q2-update/bin/../lib/gcc/arm-none-eabi/7.3.1/../../../../arm-none-eabi/lib/thumb/v7e-m\libg_nano.a(lib_a-sbrkr.o)
 .ARM.attributes
                0x00000ae8       0x2e c:/gnu tools arm embedded/7 2018-q2-update/bin/../lib/gcc/arm-none-eabi/7.3.1/../../../../arm-none-eabi/lib/thumb/v7e-m\libg_nano.a(lib_a-locale.o)
 .ARM.attributes
                0x00000b16       0x2e c:/gnu tools arm embedded/7 2018-q2-update/bin/../lib/gcc/arm-none-eabi/7.3.1/../../../../arm-none-eabi/lib/thumb/v7e-m\libg_nano.a(lib_a-mbtowc_r.o)
 .ARM.attributes
                0x00000b44       0x2e c:/gnu tools arm embedded/7 2018-q2-update/bin/../lib/gcc/arm-none-eabi/7.3.1/../../../../arm-none-eabi/lib/thumb/v7e-m\libg_nano.a(lib_a-memmove.o)
 .ARM.attributes
                0x00000b72       0x2e c:/gnu tools arm embedded/7 2018-q2-update/bin/../lib/gcc/arm-none-eabi/7.3.1/../../../../arm-none-eabi/lib/thumb/v7e-m\libg_nano.a(lib_a-mlock.o)
 .ARM.attributes
                0x00000ba0       0x2e c:/gnu tools arm embedded/7 2018-q2-update/bin/../lib/gcc/arm-none-eabi/7.3.1/../../../../arm-none-eabi/lib/thumb/v7e-m\libg_nano.a(lib_a-nano-reallocr.o)
 .ARM.attributes
                0x00000bce       0x2e c:/gnu tools arm embedded/7 2018-q2-update/bin/../lib/gcc/arm-none-eabi/7.3.1/../../../../arm-none-eabi/lib/thumb/v7e-m\libg_nano.a(lib_a-wctomb_r.o)
 .ARM.attributes
                0x00000bfc       0x2e c:/gnu tools arm embedded/7 2018-q2-update/bin/../lib/gcc/arm-none-eabi/7.3.1/../../../../arm-none-eabi/lib/thumb/v7e-m\libg_nano.a(lib_a-ctype_.o)
 .ARM.attributes
                0x00000c2a       0x2e c:/gnu tools arm embedded/7 2018-q2-update/bin/../lib/gcc/arm-none-eabi/7.3.1/../../../../arm-none-eabi/lib/thumb/v7e-m\libg_nano.a(lib_a-nano-msizer.o)
 .ARM.attributes
                0x00000c58       0x1e c:/gnu tools arm embedded/7 2018-q2-update/bin/../lib/gcc/arm-none-eabi/7.3.1/thumb/v7e-m\libgcc.a(_arm_fixdfsi.o)

.debug
 *(.debug)

.line
 *(.line)

.debug_srcinfo
 *(.debug_srcinfo)

.debug_sfnames
 *(.debug_sfnames)

.debug_aranges  0x00000000     0x1158
 *(.debug_aranges)
 .debug_aranges
                0x00000000       0xc0 ./system/src/stm32f4-hal/stm32f4xx_hal.o
 .debug_aranges
                0x000000c0       0x98 ./system/src/stm32f4-hal/stm32f4xx_hal_cortex.o
 .debug_aranges
                0x00000158       0x90 ./system/src/stm32f4-hal/stm32f4xx_hal_dma.o
 .debug_aranges
                0x000001e8       0x58 ./system/src/stm32f4-hal/stm32f4xx_hal_gpio.o
 .debug_aranges
                0x00000240      0x268 ./system/src/stm32f4-hal/stm32f4xx_hal_i2c.o
 .debug_aranges
                0x000004a8       0x88 ./system/src/stm32f4-hal/stm32f4xx_hal_rcc.o
 .debug_aranges
                0x00000530      0x1a0 ./system/src/stm32f4-hal/stm32f4xx_hal_spi.o
 .debug_aranges
                0x000006d0      0x368 ./system/src/stm32f4-hal/stm32f4xx_hal_tim.o
 .debug_aranges
                0x00000a38      0x140 ./system/src/stm32f4-hal/stm32f4xx_hal_tim_ex.o
 .debug_aranges
                0x00000b78       0x28 ./system/src/newlib/_exit.o
 .debug_aranges
                0x00000ba0       0x20 ./system/src/newlib/_sbrk.o
 .debug_aranges
                0x00000bc0       0x40 ./system/src/newlib/_startup.o
 .debug_aranges
                0x00000c00       0x30 ./system/src/newlib/_syscalls.o
 .debug_aranges
                0x00000c30       0x28 ./system/src/newlib/assert.o
 .debug_aranges
                0x00000c58       0x28 ./system/src/cortexm/_initialize_hardware.o
 .debug_aranges
                0x00000c80       0x80 ./system/src/cortexm/exception_handlers.o
 .debug_aranges
                0x00000d00       0x28 ./system/src/cmsis/system_stm32f4xx.o
 .debug_aranges
                0x00000d28       0x20 ./system/src/cmsis/vectors_stm32f446xx.o
 .debug_aranges
                0x00000d48       0x20 ./src/BlinkLed.o
 .debug_aranges
                0x00000d68       0x28 ./src/I2C_Handler.o
 .debug_aranges
                0x00000d90       0x58 ./src/Interrupt_Handler.o
 .debug_aranges
                0x00000de8       0x40 ./src/MPU_Handler.o
 .debug_aranges
                0x00000e28       0x30 ./src/MadgwickAHRS.o
 .debug_aranges
                0x00000e58       0x28 ./src/SPI_Handler.o
 .debug_aranges
                0x00000e80       0x38 ./src/Timer.o
 .debug_aranges
                0x00000eb8       0x20 ./src/Timer_Handler.o
 .debug_aranges
                0x00000ed8       0x30 ./src/USART_Handler.o
 .debug_aranges
                0x00000f08       0x28 ./src/_initialize_hardware.o
 .debug_aranges
                0x00000f30       0x20 ./src/main.o
 .debug_aranges
                0x00000f50       0x38 ./src/stm32f4xx_hal_msp.o
 .debug_aranges
                0x00000f88      0x1d0 ./src/stm32f4xx_hal_uart.o

.debug_pubnames
 *(.debug_pubnames)

.debug_info     0x00000000    0x2764e
 *(.debug_info .gnu.linkonce.wi.*)
 .debug_info    0x00000000     0x1142 ./system/src/stm32f4-hal/stm32f4xx_hal.o
 .debug_info    0x00001142     0x1917 ./system/src/stm32f4-hal/stm32f4xx_hal_cortex.o
 .debug_info    0x00002a59     0x1417 ./system/src/stm32f4-hal/stm32f4xx_hal_dma.o
 .debug_info    0x00003e70     0x10dc ./system/src/stm32f4-hal/stm32f4xx_hal_gpio.o
 .debug_info    0x00004f4c     0x3b4d ./system/src/stm32f4-hal/stm32f4xx_hal_i2c.o
 .debug_info    0x00008a99     0x1794 ./system/src/stm32f4-hal/stm32f4xx_hal_rcc.o
 .debug_info    0x0000a22d     0x2377 ./system/src/stm32f4-hal/stm32f4xx_hal_spi.o
 .debug_info    0x0000c5a4     0x4b32 ./system/src/stm32f4-hal/stm32f4xx_hal_tim.o
 .debug_info    0x000110d6     0x20bd ./system/src/stm32f4-hal/stm32f4xx_hal_tim_ex.o
 .debug_info    0x00013193      0x94a ./system/src/newlib/_exit.o
 .debug_info    0x00013add      0x942 ./system/src/newlib/_sbrk.o
 .debug_info    0x0001441f      0x4bf ./system/src/newlib/_startup.o
 .debug_info    0x000148de      0xa19 ./system/src/newlib/_syscalls.o
 .debug_info    0x000152f7      0x9c8 ./system/src/newlib/assert.o
 .debug_info    0x00015cbf      0xade ./system/src/cortexm/_initialize_hardware.o
 .debug_info    0x0001679d      0xb02 ./system/src/cortexm/exception_handlers.o
 .debug_info    0x0001729f      0xd08 ./system/src/cmsis/system_stm32f4xx.o
 .debug_info    0x00017fa7       0xca ./system/src/cmsis/vectors_stm32f446xx.o
 .debug_info    0x00018071      0xcb9 ./src/BlinkLed.o
 .debug_info    0x00018d2a     0x11a6 ./src/I2C_Handler.o
 .debug_info    0x00019ed0     0x1c31 ./src/Interrupt_Handler.o
 .debug_info    0x0001bb01     0x12f8 ./src/MPU_Handler.o
 .debug_info    0x0001cdf9      0xe82 ./src/MadgwickAHRS.o
 .debug_info    0x0001dc7b     0x11a7 ./src/SPI_Handler.o
 .debug_info    0x0001ee22      0xf5e ./src/Timer.o
 .debug_info    0x0001fd80     0x128b ./src/Timer_Handler.o
 .debug_info    0x0002100b     0x13e1 ./src/USART_Handler.o
 .debug_info    0x000223ec      0xd4a ./src/_initialize_hardware.o
 .debug_info    0x00023136     0x1a72 ./src/main.o
 .debug_info    0x00024ba8      0x90f ./src/stm32f4xx_hal_msp.o
 .debug_info    0x000254b7     0x2197 ./src/stm32f4xx_hal_uart.o

.debug_abbrev   0x00000000     0x4de3
 *(.debug_abbrev)
 .debug_abbrev  0x00000000      0x32b ./system/src/stm32f4-hal/stm32f4xx_hal.o
 .debug_abbrev  0x0000032b      0x3f1 ./system/src/stm32f4-hal/stm32f4xx_hal_cortex.o
 .debug_abbrev  0x0000071c      0x32c ./system/src/stm32f4-hal/stm32f4xx_hal_dma.o
 .debug_abbrev  0x00000a48      0x2de ./system/src/stm32f4-hal/stm32f4xx_hal_gpio.o
 .debug_abbrev  0x00000d26      0x2fb ./system/src/stm32f4-hal/stm32f4xx_hal_i2c.o
 .debug_abbrev  0x00001021      0x394 ./system/src/stm32f4-hal/stm32f4xx_hal_rcc.o
 .debug_abbrev  0x000013b5      0x2f2 ./system/src/stm32f4-hal/stm32f4xx_hal_spi.o
 .debug_abbrev  0x000016a7      0x2e0 ./system/src/stm32f4-hal/stm32f4xx_hal_tim.o
 .debug_abbrev  0x00001987      0x2e0 ./system/src/stm32f4-hal/stm32f4xx_hal_tim_ex.o
 .debug_abbrev  0x00001c67      0x1f5 ./system/src/newlib/_exit.o
 .debug_abbrev  0x00001e5c      0x1fc ./system/src/newlib/_sbrk.o
 .debug_abbrev  0x00002058      0x1cb ./system/src/newlib/_startup.o
 .debug_abbrev  0x00002223      0x234 ./system/src/newlib/_syscalls.o
 .debug_abbrev  0x00002457      0x201 ./system/src/newlib/assert.o
 .debug_abbrev  0x00002658      0x1de ./system/src/cortexm/_initialize_hardware.o
 .debug_abbrev  0x00002836      0x23a ./system/src/cortexm/exception_handlers.o
 .debug_abbrev  0x00002a70      0x216 ./system/src/cmsis/system_stm32f4xx.o
 .debug_abbrev  0x00002c86       0x9d ./system/src/cmsis/vectors_stm32f446xx.o
 .debug_abbrev  0x00002d23      0x255 ./src/BlinkLed.o
 .debug_abbrev  0x00002f78      0x274 ./src/I2C_Handler.o
 .debug_abbrev  0x000031ec      0x2f3 ./src/Interrupt_Handler.o
 .debug_abbrev  0x000034df      0x283 ./src/MPU_Handler.o
 .debug_abbrev  0x00003762      0x272 ./src/MadgwickAHRS.o
 .debug_abbrev  0x000039d4      0x25c ./src/SPI_Handler.o
 .debug_abbrev  0x00003c30      0x2b2 ./src/Timer.o
 .debug_abbrev  0x00003ee2      0x254 ./src/Timer_Handler.o
 .debug_abbrev  0x00004136      0x27d ./src/USART_Handler.o
 .debug_abbrev  0x000043b3      0x22d ./src/_initialize_hardware.o
 .debug_abbrev  0x000045e0      0x30e ./src/main.o
 .debug_abbrev  0x000048ee      0x1b1 ./src/stm32f4xx_hal_msp.o
 .debug_abbrev  0x00004a9f      0x344 ./src/stm32f4xx_hal_uart.o

.debug_line     0x00000000    0x185d9
 *(.debug_line)
 .debug_line    0x00000000      0xbe2 ./system/src/stm32f4-hal/stm32f4xx_hal.o
 .debug_line    0x00000be2      0xcd9 ./system/src/stm32f4-hal/stm32f4xx_hal_cortex.o
 .debug_line    0x000018bb      0xeb5 ./system/src/stm32f4-hal/stm32f4xx_hal_dma.o
 .debug_line    0x00002770      0xce3 ./system/src/stm32f4-hal/stm32f4xx_hal_gpio.o
 .debug_line    0x00003453     0x2045 ./system/src/stm32f4-hal/stm32f4xx_hal_i2c.o
 .debug_line    0x00005498      0xe64 ./system/src/stm32f4-hal/stm32f4xx_hal_rcc.o
 .debug_line    0x000062fc     0x14c5 ./system/src/stm32f4-hal/stm32f4xx_hal_spi.o
 .debug_line    0x000077c1     0x3824 ./system/src/stm32f4-hal/stm32f4xx_hal_tim.o
 .debug_line    0x0000afe5     0x1548 ./system/src/stm32f4-hal/stm32f4xx_hal_tim_ex.o
 .debug_line    0x0000c52d      0x322 ./system/src/newlib/_exit.o
 .debug_line    0x0000c84f      0x2d7 ./system/src/newlib/_sbrk.o
 .debug_line    0x0000cb26      0x39f ./system/src/newlib/_startup.o
 .debug_line    0x0000cec5      0x3e2 ./system/src/newlib/_syscalls.o
 .debug_line    0x0000d2a7      0x34b ./system/src/newlib/assert.o
 .debug_line    0x0000d5f2      0xa7e ./system/src/cortexm/_initialize_hardware.o
 .debug_line    0x0000e070      0xb65 ./system/src/cortexm/exception_handlers.o
 .debug_line    0x0000ebd5      0xa84 ./system/src/cmsis/system_stm32f4xx.o
 .debug_line    0x0000f659       0xf7 ./system/src/cmsis/vectors_stm32f446xx.o
 .debug_line    0x0000f750      0xa67 ./src/BlinkLed.o
 .debug_line    0x000101b7      0xa75 ./src/I2C_Handler.o
 .debug_line    0x00010c2c      0xb29 ./src/Interrupt_Handler.o
 .debug_line    0x00011755      0xb12 ./src/MPU_Handler.o
 .debug_line    0x00012267      0x31b ./src/MadgwickAHRS.o
 .debug_line    0x00012582      0xa7c ./src/SPI_Handler.o
 .debug_line    0x00012ffe      0xad8 ./src/Timer.o
 .debug_line    0x00013ad6      0xa5e ./src/Timer_Handler.o
 .debug_line    0x00014534      0xa8f ./src/USART_Handler.o
 .debug_line    0x00014fc3      0xa75 ./src/_initialize_hardware.o
 .debug_line    0x00015a38      0xc25 ./src/main.o
 .debug_line    0x0001665d      0xa78 ./src/stm32f4xx_hal_msp.o
 .debug_line    0x000170d5     0x1504 ./src/stm32f4xx_hal_uart.o

.debug_frame    0x00000000     0x3b64
 *(.debug_frame)
 .debug_frame   0x00000000      0x188 ./system/src/stm32f4-hal/stm32f4xx_hal.o
 .debug_frame   0x00000188      0x17c ./system/src/stm32f4-hal/stm32f4xx_hal_cortex.o
 .debug_frame   0x00000304      0x190 ./system/src/stm32f4-hal/stm32f4xx_hal_dma.o
 .debug_frame   0x00000494       0xfc ./system/src/stm32f4-hal/stm32f4xx_hal_gpio.o
 .debug_frame   0x00000590      0x87c ./system/src/stm32f4-hal/stm32f4xx_hal_i2c.o
 .debug_frame   0x00000e0c      0x140 ./system/src/stm32f4-hal/stm32f4xx_hal_rcc.o
 .debug_frame   0x00000f4c      0x51c ./system/src/stm32f4-hal/stm32f4xx_hal_spi.o
 .debug_frame   0x00001468      0xa8c ./system/src/stm32f4-hal/stm32f4xx_hal_tim.o
 .debug_frame   0x00001ef4      0x3dc ./system/src/stm32f4-hal/stm32f4xx_hal_tim_ex.o
 .debug_frame   0x000022d0       0x38 ./system/src/newlib/_exit.o
 .debug_frame   0x00002308       0x28 ./system/src/newlib/_sbrk.o
 .debug_frame   0x00002330       0x7c ./system/src/newlib/_startup.o
 .debug_frame   0x000023ac       0x50 ./system/src/newlib/_syscalls.o
 .debug_frame   0x000023fc       0x40 ./system/src/newlib/assert.o
 .debug_frame   0x0000243c       0x40 ./system/src/cortexm/_initialize_hardware.o
 .debug_frame   0x0000247c       0xe8 ./system/src/cortexm/exception_handlers.o
 .debug_frame   0x00002564       0x30 ./system/src/cmsis/system_stm32f4xx.o
 .debug_frame   0x00002594       0x20 ./system/src/cmsis/vectors_stm32f446xx.o
 .debug_frame   0x000025b4       0x30 ./src/BlinkLed.o
 .debug_frame   0x000025e4       0x4c ./src/I2C_Handler.o
 .debug_frame   0x00002630       0xe4 ./src/Interrupt_Handler.o
 .debug_frame   0x00002714       0xc4 ./src/MPU_Handler.o
 .debug_frame   0x000027d8       0x8c ./src/MadgwickAHRS.o
 .debug_frame   0x00002864       0x48 ./src/SPI_Handler.o
 .debug_frame   0x000028ac       0x58 ./src/Timer.o
 .debug_frame   0x00002904       0x30 ./src/Timer_Handler.o
 .debug_frame   0x00002934       0x68 ./src/USART_Handler.o
 .debug_frame   0x0000299c       0x48 ./src/_initialize_hardware.o
 .debug_frame   0x000029e4       0x34 ./src/main.o
 .debug_frame   0x00002a18       0x50 ./src/stm32f4xx_hal_msp.o
 .debug_frame   0x00002a68      0x510 ./src/stm32f4xx_hal_uart.o
 .debug_frame   0x00002f78       0x44 c:/gnu tools arm embedded/7 2018-q2-update/bin/../lib/gcc/arm-none-eabi/7.3.1/../../../../arm-none-eabi/lib/thumb/v7e-m\libm.a(lib_a-w_sqrt.o)
 .debug_frame   0x00002fbc       0x30 c:/gnu tools arm embedded/7 2018-q2-update/bin/../lib/gcc/arm-none-eabi/7.3.1/../../../../arm-none-eabi/lib/thumb/v7e-m\libm.a(lib_a-e_sqrt.o)
 .debug_frame   0x00002fec       0x20 c:/gnu tools arm embedded/7 2018-q2-update/bin/../lib/gcc/arm-none-eabi/7.3.1/../../../../arm-none-eabi/lib/thumb/v7e-m\libm.a(lib_a-s_matherr.o)
 .debug_frame   0x0000300c       0xac c:/gnu tools arm embedded/7 2018-q2-update/bin/../lib/gcc/arm-none-eabi/7.3.1/thumb/v7e-m\libgcc.a(_arm_addsubdf3.o)
 .debug_frame   0x000030b8       0x50 c:/gnu tools arm embedded/7 2018-q2-update/bin/../lib/gcc/arm-none-eabi/7.3.1/thumb/v7e-m\libgcc.a(_arm_muldivdf3.o)
 .debug_frame   0x00003108       0xc4 c:/gnu tools arm embedded/7 2018-q2-update/bin/../lib/gcc/arm-none-eabi/7.3.1/thumb/v7e-m\libgcc.a(_arm_cmpdf2.o)
 .debug_frame   0x000031cc       0x20 c:/gnu tools arm embedded/7 2018-q2-update/bin/../lib/gcc/arm-none-eabi/7.3.1/thumb/v7e-m\libgcc.a(_arm_unorddf2.o)
 .debug_frame   0x000031ec       0x24 c:/gnu tools arm embedded/7 2018-q2-update/bin/../lib/gcc/arm-none-eabi/7.3.1/thumb/v7e-m\libgcc.a(_arm_truncdfsf2.o)
 .debug_frame   0x00003210       0x4c c:/gnu tools arm embedded/7 2018-q2-update/bin/../lib/gcc/arm-none-eabi/7.3.1/thumb/v7e-m\libgcc.a(_arm_addsubsf3.o)
 .debug_frame   0x0000325c       0x38 c:/gnu tools arm embedded/7 2018-q2-update/bin/../lib/gcc/arm-none-eabi/7.3.1/thumb/v7e-m\libgcc.a(_arm_muldivsf3.o)
 .debug_frame   0x00003294       0xc8 c:/gnu tools arm embedded/7 2018-q2-update/bin/../lib/gcc/arm-none-eabi/7.3.1/thumb/v7e-m\libgcc.a(_arm_cmpsf2.o)
 .debug_frame   0x0000335c       0x20 c:/gnu tools arm embedded/7 2018-q2-update/bin/../lib/gcc/arm-none-eabi/7.3.1/../../../../arm-none-eabi/lib/thumb/v7e-m\libg_nano.a(lib_a-errno.o)
 .debug_frame   0x0000337c       0x20 c:/gnu tools arm embedded/7 2018-q2-update/bin/../lib/gcc/arm-none-eabi/7.3.1/../../../../arm-none-eabi/lib/thumb/v7e-m\libg_nano.a(lib_a-memset.o)
 .debug_frame   0x0000339c       0x90 c:/gnu tools arm embedded/7 2018-q2-update/bin/../lib/gcc/arm-none-eabi/7.3.1/../../../../arm-none-eabi/lib/thumb/v7e-m\libg_nano.a(lib_a-nano-vfprintf_float.o)
 .debug_frame   0x0000342c       0x60 c:/gnu tools arm embedded/7 2018-q2-update/bin/../lib/gcc/arm-none-eabi/7.3.1/../../../../arm-none-eabi/lib/thumb/v7e-m\libg_nano.a(lib_a-nano-vfprintf_i.o)
 .debug_frame   0x0000348c       0x7c c:/gnu tools arm embedded/7 2018-q2-update/bin/../lib/gcc/arm-none-eabi/7.3.1/../../../../arm-none-eabi/lib/thumb/v7e-m\libg_nano.a(lib_a-snprintf.o)
 .debug_frame   0x00003508       0x6c c:/gnu tools arm embedded/7 2018-q2-update/bin/../lib/gcc/arm-none-eabi/7.3.1/../../../../arm-none-eabi/lib/thumb/v7e-m\libg_nano.a(lib_a-dtoa.o)
 .debug_frame   0x00003574       0x40 c:/gnu tools arm embedded/7 2018-q2-update/bin/../lib/gcc/arm-none-eabi/7.3.1/../../../../arm-none-eabi/lib/thumb/v7e-m\libg_nano.a(lib_a-localeconv.o)
 .debug_frame   0x000035b4       0x30 c:/gnu tools arm embedded/7 2018-q2-update/bin/../lib/gcc/arm-none-eabi/7.3.1/../../../../arm-none-eabi/lib/thumb/v7e-m\libg_nano.a(lib_a-malloc.o)
 .debug_frame   0x000035e4       0x28 c:/gnu tools arm embedded/7 2018-q2-update/bin/../lib/gcc/arm-none-eabi/7.3.1/../../../../arm-none-eabi/lib/thumb/v7e-m\libg_nano.a(lib_a-memcpy-stub.o)
 .debug_frame   0x0000360c      0x248 c:/gnu tools arm embedded/7 2018-q2-update/bin/../lib/gcc/arm-none-eabi/7.3.1/../../../../arm-none-eabi/lib/thumb/v7e-m\libg_nano.a(lib_a-mprec.o)
 .debug_frame   0x00003854       0x2c c:/gnu tools arm embedded/7 2018-q2-update/bin/../lib/gcc/arm-none-eabi/7.3.1/../../../../arm-none-eabi/lib/thumb/v7e-m\libg_nano.a(lib_a-nano-callocr.o)
 .debug_frame   0x00003880       0x38 c:/gnu tools arm embedded/7 2018-q2-update/bin/../lib/gcc/arm-none-eabi/7.3.1/../../../../arm-none-eabi/lib/thumb/v7e-m\libg_nano.a(lib_a-nano-freer.o)
 .debug_frame   0x000038b8       0x2c c:/gnu tools arm embedded/7 2018-q2-update/bin/../lib/gcc/arm-none-eabi/7.3.1/../../../../arm-none-eabi/lib/thumb/v7e-m\libg_nano.a(lib_a-nano-mallocr.o)
 .debug_frame   0x000038e4       0x90 c:/gnu tools arm embedded/7 2018-q2-update/bin/../lib/gcc/arm-none-eabi/7.3.1/../../../../arm-none-eabi/lib/thumb/v7e-m\libg_nano.a(lib_a-nano-svfprintf.o)
 .debug_frame   0x00003974       0x2c c:/gnu tools arm embedded/7 2018-q2-update/bin/../lib/gcc/arm-none-eabi/7.3.1/../../../../arm-none-eabi/lib/thumb/v7e-m\libg_nano.a(lib_a-sbrkr.o)
 .debug_frame   0x000039a0       0x68 c:/gnu tools arm embedded/7 2018-q2-update/bin/../lib/gcc/arm-none-eabi/7.3.1/../../../../arm-none-eabi/lib/thumb/v7e-m\libg_nano.a(lib_a-locale.o)
 .debug_frame   0x00003a08       0x48 c:/gnu tools arm embedded/7 2018-q2-update/bin/../lib/gcc/arm-none-eabi/7.3.1/../../../../arm-none-eabi/lib/thumb/v7e-m\libg_nano.a(lib_a-mbtowc_r.o)
 .debug_frame   0x00003a50       0x28 c:/gnu tools arm embedded/7 2018-q2-update/bin/../lib/gcc/arm-none-eabi/7.3.1/../../../../arm-none-eabi/lib/thumb/v7e-m\libg_nano.a(lib_a-memmove.o)
 .debug_frame   0x00003a78       0x30 c:/gnu tools arm embedded/7 2018-q2-update/bin/../lib/gcc/arm-none-eabi/7.3.1/../../../../arm-none-eabi/lib/thumb/v7e-m\libg_nano.a(lib_a-mlock.o)
 .debug_frame   0x00003aa8       0x3c c:/gnu tools arm embedded/7 2018-q2-update/bin/../lib/gcc/arm-none-eabi/7.3.1/../../../../arm-none-eabi/lib/thumb/v7e-m\libg_nano.a(lib_a-nano-reallocr.o)
 .debug_frame   0x00003ae4       0x3c c:/gnu tools arm embedded/7 2018-q2-update/bin/../lib/gcc/arm-none-eabi/7.3.1/../../../../arm-none-eabi/lib/thumb/v7e-m\libg_nano.a(lib_a-wctomb_r.o)
 .debug_frame   0x00003b20       0x20 c:/gnu tools arm embedded/7 2018-q2-update/bin/../lib/gcc/arm-none-eabi/7.3.1/../../../../arm-none-eabi/lib/thumb/v7e-m\libg_nano.a(lib_a-nano-msizer.o)
 .debug_frame   0x00003b40       0x24 c:/gnu tools arm embedded/7 2018-q2-update/bin/../lib/gcc/arm-none-eabi/7.3.1/thumb/v7e-m\libgcc.a(_arm_fixdfsi.o)

.debug_str      0x00000000    0xa3010
 *(.debug_str)
 .debug_str     0x00000000    0x9abc9 ./system/src/stm32f4-hal/stm32f4xx_hal.o
                              0x9b22c (size before relaxing)
 .debug_str     0x0009abc9      0x382 ./system/src/stm32f4-hal/stm32f4xx_hal_cortex.o
                              0x9b083 (size before relaxing)
 .debug_str     0x0009af4b      0xbb7 ./system/src/stm32f4-hal/stm32f4xx_hal_dma.o
                              0x9ab1d (size before relaxing)
 .debug_str     0x0009bb02      0x2d2 ./system/src/stm32f4-hal/stm32f4xx_hal_gpio.o
                              0x9aa7d (size before relaxing)
 .debug_str     0x0009bdd4      0xcef ./system/src/stm32f4-hal/stm32f4xx_hal_i2c.o
                              0x9b577 (size before relaxing)
 .debug_str     0x0009cac3      0x383 ./system/src/stm32f4-hal/stm32f4xx_hal_rcc.o
                              0x9ac10 (size before relaxing)
 .debug_str     0x0009ce46      0x640 ./system/src/stm32f4-hal/stm32f4xx_hal_spi.o
                              0x9aeb6 (size before relaxing)
 .debug_str     0x0009d486      0xe6e ./system/src/stm32f4-hal/stm32f4xx_hal_tim.o
                              0x9b737 (size before relaxing)
 .debug_str     0x0009e2f4      0x4e2 ./system/src/stm32f4-hal/stm32f4xx_hal_tim_ex.o
                              0x9afef (size before relaxing)
 .debug_str     0x0009e7d6     0x10fa ./system/src/newlib/_exit.o
                               0x7d85 (size before relaxing)
 .debug_str     0x0009f8d0      0x4f5 ./system/src/newlib/_sbrk.o
                               0x7137 (size before relaxing)
 .debug_str     0x0009fdc5      0x2c6 ./system/src/newlib/_startup.o
                               0x68d8 (size before relaxing)
 .debug_str     0x000a008b      0xe8b ./system/src/newlib/_syscalls.o
                               0x8012 (size before relaxing)
 .debug_str     0x000a0f16       0xd7 ./system/src/newlib/assert.o
                               0x8891 (size before relaxing)
 .debug_str     0x000a0fed       0x77 ./system/src/cortexm/_initialize_hardware.o
                              0x9a707 (size before relaxing)
 .debug_str     0x000a1064      0x1db ./system/src/cortexm/exception_handlers.o
                              0x9b7e0 (size before relaxing)
 .debug_str     0x000a123f       0x46 ./system/src/cmsis/system_stm32f4xx.o
                              0x9a7fb (size before relaxing)
 .debug_str     0x000a1285       0x59 ./system/src/cmsis/vectors_stm32f446xx.o
                               0x3858 (size before relaxing)
 .debug_str     0x000a12de      0x146 ./src/BlinkLed.o
                              0x9a825 (size before relaxing)
 .debug_str     0x000a1424       0x4a ./src/I2C_Handler.o
                              0x9ac1a (size before relaxing)
 .debug_str     0x000a146e      0x368 ./src/Interrupt_Handler.o
                              0x9b84d (size before relaxing)
 .debug_str     0x000a17d6      0x588 ./src/MPU_Handler.o
                              0x9b039 (size before relaxing)
 .debug_str     0x000a1d5e      0x9a2 ./src/MadgwickAHRS.o
                               0x6977 (size before relaxing)
 .debug_str     0x000a2700      0x137 ./src/SPI_Handler.o
                              0x9ac4b (size before relaxing)
 .debug_str     0x000a2837       0x76 ./src/Timer.o
                              0x9ad32 (size before relaxing)
 .debug_str     0x000a28ad       0x32 ./src/Timer_Handler.o
                              0x9b028 (size before relaxing)
 .debug_str     0x000a28df       0x5e ./src/USART_Handler.o
                              0x9b098 (size before relaxing)
 .debug_str     0x000a293d       0x31 ./src/_initialize_hardware.o
                              0x9a916 (size before relaxing)
 .debug_str     0x000a296e      0x1fa ./src/main.o
                              0x9c6b0 (size before relaxing)
 .debug_str     0x000a2b68       0x3d ./src/stm32f4xx_hal_msp.o
                              0x9a64f (size before relaxing)
 .debug_str     0x000a2ba5      0x46b ./src/stm32f4xx_hal_uart.o
                              0x9af50 (size before relaxing)

.debug_loc      0x00000000     0xc922
 *(.debug_loc)
 .debug_loc     0x00000000       0x92 ./system/src/stm32f4-hal/stm32f4xx_hal.o
 .debug_loc     0x00000092      0x73b ./system/src/stm32f4-hal/stm32f4xx_hal_cortex.o
 .debug_loc     0x000007cd      0xaca ./system/src/stm32f4-hal/stm32f4xx_hal_dma.o
 .debug_loc     0x00001297      0x5af ./system/src/stm32f4-hal/stm32f4xx_hal_gpio.o
 .debug_loc     0x00001846     0x3360 ./system/src/stm32f4-hal/stm32f4xx_hal_i2c.o
 .debug_loc     0x00004ba6      0x50a ./system/src/stm32f4-hal/stm32f4xx_hal_rcc.o
 .debug_loc     0x000050b0     0x16dc ./system/src/stm32f4-hal/stm32f4xx_hal_spi.o
 .debug_loc     0x0000678c     0x25e7 ./system/src/stm32f4-hal/stm32f4xx_hal_tim.o
 .debug_loc     0x00008d73      0xb6e ./system/src/stm32f4-hal/stm32f4xx_hal_tim_ex.o
 .debug_loc     0x000098e1       0x85 ./system/src/newlib/_sbrk.o
 .debug_loc     0x00009966      0x2cb ./system/src/newlib/_startup.o
 .debug_loc     0x00009c31       0x63 ./system/src/newlib/_syscalls.o
 .debug_loc     0x00009c94       0xc6 ./system/src/newlib/assert.o
 .debug_loc     0x00009d5a      0x13e ./system/src/cmsis/system_stm32f4xx.o
 .debug_loc     0x00009e98       0x21 ./src/I2C_Handler.o
 .debug_loc     0x00009eb9       0x76 ./src/Interrupt_Handler.o
 .debug_loc     0x00009f2f      0x619 ./src/MPU_Handler.o
 .debug_loc     0x0000a548      0xd59 ./src/MadgwickAHRS.o
 .debug_loc     0x0000b2a1       0x21 ./src/SPI_Handler.o
 .debug_loc     0x0000b2c2       0x59 ./src/Timer.o
 .debug_loc     0x0000b31b       0x21 ./src/USART_Handler.o
 .debug_loc     0x0000b33c       0xf0 ./src/main.o
 .debug_loc     0x0000b42c     0x14f6 ./src/stm32f4xx_hal_uart.o

.debug_macinfo
 *(.debug_macinfo)

.debug_weaknames
 *(.debug_weaknames)

.debug_funcnames
 *(.debug_funcnames)

.debug_typenames
 *(.debug_typenames)

.debug_varnames
 *(.debug_varnames)
OUTPUT(STM32_F446_ZE_Sandbox.elf elf32-littlearm)

.debug_ranges   0x00000000     0x1040
 .debug_ranges  0x00000000       0xb0 ./system/src/stm32f4-hal/stm32f4xx_hal.o
 .debug_ranges  0x000000b0       0xe8 ./system/src/stm32f4-hal/stm32f4xx_hal_cortex.o
 .debug_ranges  0x00000198       0x80 ./system/src/stm32f4-hal/stm32f4xx_hal_dma.o
 .debug_ranges  0x00000218       0x48 ./system/src/stm32f4-hal/stm32f4xx_hal_gpio.o
 .debug_ranges  0x00000260      0x258 ./system/src/stm32f4-hal/stm32f4xx_hal_i2c.o
 .debug_ranges  0x000004b8       0x78 ./system/src/stm32f4-hal/stm32f4xx_hal_rcc.o
 .debug_ranges  0x00000530      0x190 ./system/src/stm32f4-hal/stm32f4xx_hal_spi.o
 .debug_ranges  0x000006c0      0x358 ./system/src/stm32f4-hal/stm32f4xx_hal_tim.o
 .debug_ranges  0x00000a18      0x130 ./system/src/stm32f4-hal/stm32f4xx_hal_tim_ex.o
 .debug_ranges  0x00000b48       0x18 ./system/src/newlib/_exit.o
 .debug_ranges  0x00000b60       0x10 ./system/src/newlib/_sbrk.o
 .debug_ranges  0x00000b70       0x90 ./system/src/newlib/_startup.o
 .debug_ranges  0x00000c00       0x20 ./system/src/newlib/_syscalls.o
 .debug_ranges  0x00000c20       0x18 ./system/src/newlib/assert.o
 .debug_ranges  0x00000c38       0x18 ./system/src/cortexm/_initialize_hardware.o
 .debug_ranges  0x00000c50       0x70 ./system/src/cortexm/exception_handlers.o
 .debug_ranges  0x00000cc0       0x18 ./system/src/cmsis/system_stm32f4xx.o
 .debug_ranges  0x00000cd8       0x10 ./system/src/cmsis/vectors_stm32f446xx.o
 .debug_ranges  0x00000ce8       0x10 ./src/BlinkLed.o
 .debug_ranges  0x00000cf8       0x18 ./src/I2C_Handler.o
 .debug_ranges  0x00000d10       0x48 ./src/Interrupt_Handler.o
 .debug_ranges  0x00000d58       0x30 ./src/MPU_Handler.o
 .debug_ranges  0x00000d88       0x20 ./src/MadgwickAHRS.o
 .debug_ranges  0x00000da8       0x18 ./src/SPI_Handler.o