Archive member included to satisfy reference by file (symbol)

c:/gnu tools arm embedded/7 2018-q2-update/bin/../lib/gcc/arm-none-eabi/7.3.1/../../../../arm-none-eabi/lib/thumb/v7e-m\libg_nano.a(lib_a-errno.o)
                              ./system/src/newlib/_sbrk.o (__errno)
c:/gnu tools arm embedded/7 2018-q2-update/bin/../lib/gcc/arm-none-eabi/7.3.1/../../../../arm-none-eabi/lib/thumb/v7e-m\libg_nano.a(lib_a-impure.o)
                              c:/gnu tools arm embedded/7 2018-q2-update/bin/../lib/gcc/arm-none-eabi/7.3.1/../../../../arm-none-eabi/lib/thumb/v7e-m\libg_nano.a(lib_a-errno.o) (_impure_ptr)
c:/gnu tools arm embedded/7 2018-q2-update/bin/../lib/gcc/arm-none-eabi/7.3.1/../../../../arm-none-eabi/lib/thumb/v7e-m\libg_nano.a(lib_a-memset.o)
                              ./src/BlinkLed.o (memset)

Allocating common symbols
Common symbol       size              file

timer_delayCount    0x4               ./src/Timer.o
errno               0x4               ./system/src/newlib/_syscalls.o
UartHandle2         0x40              ./src/USART3_Print.o
UartHandle          0x40              ./src/USART3_Print.o
uwTick              0x4               ./system/src/stm32f4-hal/stm32f4xx_hal.o
pFlash              0x20              ./system/src/stm32f4-hal/stm32f4xx_hal_flash.o
SpiHandle           0x58              ./src/SPI_Handler.o

Discarded input sections

 .group         0x00000000        0xc ./system/src/stm32f4-hal/stm32f4xx_hal.o
 .group         0x00000000        0xc ./system/src/stm32f4-hal/stm32f4xx_hal.o
 .group         0x00000000        0xc ./system/src/stm32f4-hal/stm32f4xx_hal.o
 .group         0x00000000        0xc ./system/src/stm32f4-hal/stm32f4xx_hal.o
 .group         0x00000000        0xc ./system/src/stm32f4-hal/stm32f4xx_hal.o
 .group         0x00000000        0xc ./system/src/stm32f4-hal/stm32f4xx_hal.o
 .group         0x00000000        0xc ./system/src/stm32f4-hal/stm32f4xx_hal.o
 .group         0x00000000        0xc ./system/src/stm32f4-hal/stm32f4xx_hal.o
 .group         0x00000000        0xc ./system/src/stm32f4-hal/stm32f4xx_hal.o
 .group         0x00000000        0xc ./system/src/stm32f4-hal/stm32f4xx_hal.o
 .group         0x00000000        0xc ./system/src/stm32f4-hal/stm32f4xx_hal.o
 .group         0x00000000        0xc ./system/src/stm32f4-hal/stm32f4xx_hal.o
 .group         0x00000000        0xc ./system/src/stm32f4-hal/stm32f4xx_hal.o
 .group         0x00000000        0xc ./system/src/stm32f4-hal/stm32f4xx_hal.o
 .group         0x00000000        0xc ./system/src/stm32f4-hal/stm32f4xx_hal.o
 .group         0x00000000        0xc ./system/src/stm32f4-hal/stm32f4xx_hal.o
 .group         0x00000000        0xc ./system/src/stm32f4-hal/stm32f4xx_hal.o
 .group         0x00000000        0xc ./system/src/stm32f4-hal/stm32f4xx_hal.o
 .group         0x00000000        0xc ./system/src/stm32f4-hal/stm32f4xx_hal.o
 .group         0x00000000        0xc ./system/src/stm32f4-hal/stm32f4xx_hal.o
 .group         0x00000000        0xc ./system/src/stm32f4-hal/stm32f4xx_hal.o
 .group         0x00000000        0xc ./system/src/stm32f4-hal/stm32f4xx_hal.o
 .group         0x00000000        0xc ./system/src/stm32f4-hal/stm32f4xx_hal.o
 .group         0x00000000        0xc ./system/src/stm32f4-hal/stm32f4xx_hal.o
 .group         0x00000000        0xc ./system/src/stm32f4-hal/stm32f4xx_hal.o
 .group         0x00000000        0xc ./system/src/stm32f4-hal/stm32f4xx_hal.o
 .group         0x00000000        0xc ./system/src/stm32f4-hal/stm32f4xx_hal.o
 .group         0x00000000        0xc ./system/src/stm32f4-hal/stm32f4xx_hal.o
 .group         0x00000000        0xc ./system/src/stm32f4-hal/stm32f4xx_hal.o
 .group         0x00000000        0xc ./system/src/stm32f4-hal/stm32f4xx_hal.o
 .group         0x00000000        0xc ./system/src/stm32f4-hal/stm32f4xx_hal.o
 .group         0x00000000        0xc ./system/src/stm32f4-hal/stm32f4xx_hal.o
 .group         0x00000000        0xc ./system/src/stm32f4-hal/stm32f4xx_hal.o
 .group         0x00000000        0xc ./system/src/stm32f4-hal/stm32f4xx_hal.o
 .group         0x00000000        0xc ./system/src/stm32f4-hal/stm32f4xx_hal.o
 .group         0x00000000        0xc ./system/src/stm32f4-hal/stm32f4xx_hal.o
 .group         0x00000000        0xc ./system/src/stm32f4-hal/stm32f4xx_hal.o
 .group         0x00000000        0xc ./system/src/stm32f4-hal/stm32f4xx_hal.o
 .group         0x00000000        0xc ./system/src/stm32f4-hal/stm32f4xx_hal.o
 .group         0x00000000        0xc ./system/src/stm32f4-hal/stm32f4xx_hal.o
 .group         0x00000000        0xc ./system/src/stm32f4-hal/stm32f4xx_hal.o
 .group         0x00000000        0xc ./system/src/stm32f4-hal/stm32f4xx_hal.o
 .group         0x00000000        0xc ./system/src/stm32f4-hal/stm32f4xx_hal.o
 .group         0x00000000        0xc ./system/src/stm32f4-hal/stm32f4xx_hal.o
 .group         0x00000000        0xc ./system/src/stm32f4-hal/stm32f4xx_hal.o
[...]
Memory Configuration

Name             Origin             Length             Attributes
RAM              0x20000000         0x00020000         xrw
CCMRAM           0x10000000         0x00010000         xrw
FLASH            0x08000000         0x00080000         xr
FLASHB1          0x00000000         0x00000000         xr
EXTMEMB0         0x00000000         0x00000000         xr
EXTMEMB1         0x00000000         0x00000000         xr
EXTMEMB2         0x00000000         0x00000000         xr
EXTMEMB3         0x00000000         0x00000000         xr
MEMORY_ARRAY     0x20002000         0x00000020         xrw
*default*        0x00000000         0xffffffff

Linker script and memory map

LOAD ./system/src/stm32f4-hal/stm32f4xx_hal.o
LOAD ./system/src/stm32f4-hal/stm32f4xx_hal_cortex.o
LOAD ./system/src/stm32f4-hal/stm32f4xx_hal_dfsdm.o
LOAD ./system/src/stm32f4-hal/stm32f4xx_hal_flash.o
LOAD ./system/src/stm32f4-hal/stm32f4xx_hal_gpio.o
LOAD ./system/src/stm32f4-hal/stm32f4xx_hal_iwdg.o
LOAD ./system/src/stm32f4-hal/stm32f4xx_hal_pwr.o
LOAD ./system/src/stm32f4-hal/stm32f4xx_hal_rcc.o
LOAD ./system/src/stm32f4-hal/stm32f4xx_hal_spi.o
LOAD ./system/src/newlib/_cxx.o
LOAD ./system/src/newlib/_exit.o
LOAD ./system/src/newlib/_sbrk.o
LOAD ./system/src/newlib/_startup.o
LOAD ./system/src/newlib/_syscalls.o
LOAD ./system/src/newlib/assert.o
LOAD ./system/src/diag/Trace.o
LOAD ./system/src/diag/trace_impl.o
LOAD ./system/src/cortexm/_initialize_hardware.o
LOAD ./system/src/cortexm/_reset_hardware.o
LOAD ./system/src/cortexm/exception_handlers.o
LOAD ./system/src/cmsis/system_stm32f4xx.o
LOAD ./system/src/cmsis/vectors_stm32f446xx.o
LOAD ./src/BlinkLed.o
LOAD ./src/SPI_Handler.o
LOAD ./src/Timer.o
LOAD ./src/USART3_Print.o
LOAD ./src/_initialize_hardware.o
LOAD ./src/_write.o
LOAD ./src/main.o
LOAD ./src/stm32f4xx_hal_msp.o
LOAD ./src/stm32f4xx_hal_uart.o
LOAD c:/gnu tools arm embedded/7 2018-q2-update/bin/../lib/gcc/arm-none-eabi/7.3.1/../../../../arm-none-eabi/lib/thumb/v7e-m\libstdc++_nano.a
LOAD c:/gnu tools arm embedded/7 2018-q2-update/bin/../lib/gcc/arm-none-eabi/7.3.1/../../../../arm-none-eabi/lib/thumb/v7e-m\libm.a
START GROUP
LOAD c:/gnu tools arm embedded/7 2018-q2-update/bin/../lib/gcc/arm-none-eabi/7.3.1/thumb/v7e-m\libgcc.a
LOAD c:/gnu tools arm embedded/7 2018-q2-update/bin/../lib/gcc/arm-none-eabi/7.3.1/../../../../arm-none-eabi/lib/thumb/v7e-m\libg_nano.a
LOAD c:/gnu tools arm embedded/7 2018-q2-update/bin/../lib/gcc/arm-none-eabi/7.3.1/../../../../arm-none-eabi/lib/thumb/v7e-m\libc_nano.a
END GROUP
START GROUP
LOAD c:/gnu tools arm embedded/7 2018-q2-update/bin/../lib/gcc/arm-none-eabi/7.3.1/thumb/v7e-m\libgcc.a
LOAD c:/gnu tools arm embedded/7 2018-q2-update/bin/../lib/gcc/arm-none-eabi/7.3.1/../../../../arm-none-eabi/lib/thumb/v7e-m\libc_nano.a
END GROUP
                0x20020000                __stack = (ORIGIN (RAM) + LENGTH (RAM))
                0x20020000                _estack = __stack
                0x00000400                __Main_Stack_Size = 0x400
                [!provide]                PROVIDE (_Main_Stack_Size = __Main_Stack_Size)
                0x2001fc00                __Main_Stack_Limit = (__stack - __Main_Stack_Size)
                [!provide]                PROVIDE (_Main_Stack_Limit = __Main_Stack_Limit)
                0x00000100                _Minimum_Stack_Size = 0x100
                0x20000104                PROVIDE (_Heap_Begin = _end_noinit)
                0x2001fc00                PROVIDE (_Heap_Limit = (__stack - __Main_Stack_Size))

.isr_vector     0x08000000      0x368
 FILL mask 0xff
                0x08000000                __vectors_start = ABSOLUTE (.)
                0x08000000                __vectors_start__ = ABSOLUTE (.)
 *(.isr_vector)
 .isr_vector    0x08000000      0x1c4 ./system/src/cmsis/vectors_stm32f446xx.o
                0x08000000                __isr_vectors
 *(.cfmconfig)
 *(.after_vectors .after_vectors.*)
 .after_vectors
                0x080001c4      0x130 ./system/src/newlib/_startup.o
                0x080001c4                _start
 .after_vectors
                0x080002f4       0x70 ./system/src/cortexm/exception_handlers.o
                0x080002f4                Reset_Handler
                0x080002fa                NMI_Handler
                0x080002fe                HardFault_Handler
                0x08000312                HardFault_Handler_C
                0x08000316                MemManage_Handler
                0x0800031a                BusFault_Handler
                0x0800032e                BusFault_Handler_C
                0x08000332                UsageFault_Handler
                0x08000346                UsageFault_Handler_C
                0x0800034a                SVC_Handler
                0x0800034e                DebugMon_Handler
                0x08000352                PendSV_Handler
 .after_vectors
                0x08000364        0x4 ./system/src/cmsis/vectors_stm32f446xx.o
                0x08000364                RTC_Alarm_IRQHandler
                0x08000364                EXTI2_IRQHandler
                0x08000364                TIM8_CC_IRQHandler
                0x08000364                SPI4_IRQHandler
                0x08000364                TIM1_CC_IRQHandler
                0x08000364                DMA2_Stream5_IRQHandler
                0x08000364                DMA1_Stream5_IRQHandler
                0x08000364                PVD_IRQHandler
                0x08000364                SDIO_IRQHandler
                0x08000364                TAMP_STAMP_IRQHandler
                0x08000364                CAN2_RX1_IRQHandler
                0x08000364                EXTI3_IRQHandler
                0x08000364                TIM8_TRG_COM_TIM14_IRQHandler
                0x08000364                TIM1_UP_TIM10_IRQHandler
                0x08000364                TIM8_UP_TIM13_IRQHandler
                0x08000364                I2C3_ER_IRQHandler
                0x08000364                EXTI0_IRQHandler
                0x08000364                I2C2_EV_IRQHandler
                0x08000364                DMA1_Stream2_IRQHandler
                0x08000364                CAN1_RX0_IRQHandler
                0x08000364                FPU_IRQHandler
                0x08000364                OTG_HS_WKUP_IRQHandler
                0x08000364                CAN2_SCE_IRQHandler
                0x08000364                DMA2_Stream2_IRQHandler
                0x08000364                SPI1_IRQHandler
                0x08000364                TIM6_DAC_IRQHandler
                0x08000364                TIM1_BRK_TIM9_IRQHandler
                0x08000364                DCMI_IRQHandler
                0x08000364                CAN2_RX0_IRQHandler
                0x08000364                DMA2_Stream3_IRQHandler
                0x08000364                SAI2_IRQHandler
                0x08000364                USART6_IRQHandler
                0x08000364                USART3_IRQHandler
                0x08000364                CAN1_RX1_IRQHandler
                0x08000364                UART5_IRQHandler
                0x08000364                DMA2_Stream0_IRQHandler
                0x08000364                I2C4_Error_IRQHandler
                0x08000364                TIM4_IRQHandler
                0x08000364                QUADSPI_IRQHandler
                0x08000364                I2C1_EV_IRQHandler
                0x08000364                DMA1_Stream6_IRQHandler
                0x08000364                DMA1_Stream1_IRQHandler
                0x08000364                UART4_IRQHandler
                0x08000364                TIM3_IRQHandler
                0x08000364                RCC_IRQHandler
                0x08000364                TIM8_BRK_TIM12_IRQHandler
                0x08000364                Default_Handler
                0x08000364                CEC_IRQHandler
                0x08000364                EXTI15_10_IRQHandler
                0x08000364                ADC_IRQHandler
                0x08000364                DMA1_Stream7_IRQHandler
                0x08000364                TIM7_IRQHandler
                0x08000364                CAN2_TX_IRQHandler
                0x08000364                TIM5_IRQHandler
                0x08000364                DMA2_Stream7_IRQHandler
                0x08000364                I2C3_EV_IRQHandler
                0x08000364                EXTI9_5_IRQHandler
                0x08000364                RTC_WKUP_IRQHandler
                0x08000364                SPDIF_RX_IRQHandler
                0x08000364                SPI2_IRQHandler
                0x08000364                OTG_HS_EP1_IN_IRQHandler
                0x08000364                DMA1_Stream0_IRQHandler
                0x08000364                CAN1_TX_IRQHandler
                0x08000364                EXTI4_IRQHandler
                0x08000364                OTG_HS_EP1_OUT_IRQHandler
                0x08000364                WWDG_IRQHandler
                0x08000364                TIM2_IRQHandler
                0x08000364                OTG_FS_WKUP_IRQHandler
                0x08000364                TIM1_TRG_COM_TIM11_IRQHandler
                0x08000364                OTG_HS_IRQHandler
                0x08000364                EXTI1_IRQHandler
                0x08000364                USART2_IRQHandler
                0x08000364                I2C2_ER_IRQHandler
                0x08000364                DMA2_Stream1_IRQHandler
                0x08000364                CAN1_SCE_IRQHandler
                0x08000364                FLASH_IRQHandler
                0x08000364                DMA2_Stream4_IRQHandler
                0x08000364                USART1_IRQHandler
                0x08000364                OTG_FS_IRQHandler
                0x08000364                SPI3_IRQHandler
                0x08000364                DMA1_Stream4_IRQHandler
                0x08000364                I2C1_ER_IRQHandler
                0x08000364                FMC_IRQHandler
                0x08000364                I2C4_Event_IRQHandler
                0x08000364                DMA2_Stream6_IRQHandler
                0x08000364                SAI1_IRQHandler
                0x08000364                DMA1_Stream3_IRQHandler

.inits          0x08000368       0x28
                0x08000368                __data_regions_array_start = .
                0x08000368        0x4 LONG 0x8002258 LOADADDR (.data)
                0x0800036c        0x4 LONG 0x20000000 ADDR (.data)
                0x08000370        0x4 LONG 0x20000014 (ADDR (.data) + SIZEOF (.data))
                0x08000374        0x4 LONG 0x8002258 LOADADDR (.data_CCMRAM)
                0x08000378        0x4 LONG 0x10000000 ADDR (.data_CCMRAM)
                0x0800037c        0x4 LONG 0x10000000 (ADDR (.data_CCMRAM) + SIZEOF (.data_CCMRAM))
                0x08000380                __data_regions_array_end = .
                0x08000380                __bss_regions_array_start = .
                0x08000380        0x4 LONG 0x20000014 ADDR (.bss)
                0x08000384        0x4 LONG 0x20000104 (ADDR (.bss) + SIZEOF (.bss))
                0x08000388        0x4 LONG 0x10000000 ADDR (.bss_CCMRAM)
                0x0800038c        0x4 LONG 0x10000000 (ADDR (.bss_CCMRAM) + SIZEOF (.bss_CCMRAM))
                0x08000390                __bss_regions_array_end = .
 *(.init)
 *(.fini)
                0x08000390                . = ALIGN (0x4)
                0x08000390                PROVIDE (__preinit_array_start = .)
 *(.preinit_array_sysinit .preinit_array_sysinit.*)
 *(.preinit_array_platform .preinit_array_platform.*)
 *(.preinit_array .preinit_array.*)
                0x08000390                PROVIDE (__preinit_array_end = .)
                0x08000390                . = ALIGN (0x4)
                0x08000390                PROVIDE (__init_array_start = .)
 *(SORT_BY_NAME(.init_array.*))
 *(.init_array)
                0x08000390                PROVIDE (__init_array_end = .)
                0x08000390                . = ALIGN (0x4)
                0x08000390                PROVIDE (__fini_array_start = .)
 *(SORT_BY_NAME(.fini_array.*))
 *(.fini_array)
                0x08000390                PROVIDE (__fini_array_end = .)

.flashtext
 *(.flashtext .flashtext.*)

.text           0x08000390     0x1ec8
 *(.text .text.*)
 .text.HAL_InitTick
                0x08000390       0x2c ./system/src/stm32f4-hal/stm32f4xx_hal.o
                0x08000390                HAL_InitTick
 .text.HAL_Init
                0x080003bc       0x34 ./system/src/stm32f4-hal/stm32f4xx_hal.o
                0x080003bc                HAL_Init
 .text.HAL_IncTick
                0x080003f0       0x10 ./system/src/stm32f4-hal/stm32f4xx_hal.o
                0x080003f0                HAL_IncTick
 .text.HAL_GetTick
                0x08000400        0xc ./system/src/stm32f4-hal/stm32f4xx_hal.o
                0x08000400                HAL_GetTick
 .text.HAL_NVIC_SetPriorityGrouping
                0x0800040c       0x3c ./system/src/stm32f4-hal/stm32f4xx_hal_cortex.o
                0x0800040c                HAL_NVIC_SetPriorityGrouping
 .text.HAL_NVIC_SetPriority
                0x08000448       0x8c ./system/src/stm32f4-hal/stm32f4xx_hal_cortex.o
                0x08000448                HAL_NVIC_SetPriority
 .text.HAL_SYSTICK_Config
                0x080004d4       0x2c ./system/src/stm32f4-hal/stm32f4xx_hal_cortex.o
                0x080004d4                HAL_SYSTICK_Config
 .text.HAL_SYSTICK_CLKSourceConfig
                0x08000500       0x3c ./system/src/stm32f4-hal/stm32f4xx_hal_cortex.o
                0x08000500                HAL_SYSTICK_CLKSourceConfig
 .text.HAL_GPIO_Init
                0x0800053c      0x2e4 ./system/src/stm32f4-hal/stm32f4xx_hal_gpio.o
                0x0800053c                HAL_GPIO_Init
 .text.HAL_GPIO_WritePin
                0x08000820       0x38 ./system/src/stm32f4-hal/stm32f4xx_hal_gpio.o
                0x08000820                HAL_GPIO_WritePin
 .text.HAL_RCC_OscConfig
                0x08000858      0x43c ./system/src/stm32f4-hal/stm32f4xx_hal_rcc.o
                0x08000858                HAL_RCC_OscConfig
 .text.HAL_RCC_GetSysClockFreq
                0x08000c94       0x94 ./system/src/stm32f4-hal/stm32f4xx_hal_rcc.o
                0x08000c94                HAL_RCC_GetSysClockFreq
 .text.HAL_RCC_ClockConfig
                0x08000d28      0x258 ./system/src/stm32f4-hal/stm32f4xx_hal_rcc.o
                0x08000d28                HAL_RCC_ClockConfig
 .text.HAL_RCC_GetHCLKFreq
                0x08000f80        0xc ./system/src/stm32f4-hal/stm32f4xx_hal_rcc.o
                0x08000f80                HAL_RCC_GetHCLKFreq
 .text.HAL_RCC_GetPCLK1Freq
                0x08000f8c       0x2c ./system/src/stm32f4-hal/stm32f4xx_hal_rcc.o
                0x08000f8c                HAL_RCC_GetPCLK1Freq
 .text.HAL_RCC_GetPCLK2Freq
                0x08000fb8       0x2c ./system/src/stm32f4-hal/stm32f4xx_hal_rcc.o
                0x08000fb8                HAL_RCC_GetPCLK2Freq
 .text.SPI_WaitFlagStateUntilTimeout
                0x08000fe4       0x96 ./system/src/stm32f4-hal/stm32f4xx_hal_spi.o
 .text.SPI_CheckFlag_BSY
                0x0800107a       0x28 ./system/src/stm32f4-hal/stm32f4xx_hal_spi.o
 *fill*         0x080010a2        0x2 
 .text.HAL_SPI_Init
                0x080010a4      0x1dc ./system/src/stm32f4-hal/stm32f4xx_hal_spi.o
                0x080010a4                HAL_SPI_Init
 .text.HAL_SPI_TransmitReceive
                0x08001280      0x314 ./system/src/stm32f4-hal/stm32f4xx_hal_spi.o
                0x08001280                HAL_SPI_TransmitReceive
 .text._exit    0x08001594        0x2 ./system/src/newlib/_exit.o
                0x08001594                _exit
 .text.abort    0x08001596        0x8 ./system/src/newlib/_exit.o
                0x08001596                abort
 *fill*         0x0800159e        0x2 
 .text.__initialize_args
                0x080015a0       0x10 ./system/src/newlib/_syscalls.o
                0x080015a0                __initialize_args
 .text.assert_failed
                0x080015b0        0x6 ./system/src/newlib/assert.o
                0x080015b0                assert_failed
 *fill*         0x080015b6        0x2 
 .text.__initialize_hardware_early
                0x080015b8       0x18 ./system/src/cortexm/_initialize_hardware.o
                0x080015b8                __initialize_hardware_early
 .text.SystemInit
                0x080015d0       0x40 ./system/src/cmsis/system_stm32f4xx.o
                0x080015d0                SystemInit
 .text.SystemCoreClockUpdate
                0x08001610       0xa0 ./system/src/cmsis/system_stm32f4xx.o
                0x08001610                SystemCoreClockUpdate
 .text.blink_led_init
                0x080016b0       0x78 ./src/BlinkLed.o
                0x080016b0                blink_led_init
 .text.InitSPI  0x08001728       0x38 ./src/SPI_Handler.o
                0x08001728                InitSPI
 .text.HAL_SPI_MspInit
                0x08001760       0x9c ./src/SPI_Handler.o
                0x08001760                HAL_SPI_MspInit
 .text.timer_start
                0x080017fc       0x3c ./src/Timer.o
                0x080017fc                timer_start
 .text.timer_sleep
                0x08001838       0x14 ./src/Timer.o
                0x08001838                timer_sleep
 .text.timer_tick
                0x0800184c       0x14 ./src/Timer.o
                0x0800184c                timer_tick
 .text.SysTick_Handler
                0x08001860        0xc ./src/Timer.o
                0x08001860                SysTick_Handler
 .text.InitUSART3
                0x0800186c       0x2c ./src/USART3_Print.o
                0x0800186c                InitUSART3
 .text.HAL_UART_MspInit
                0x08001898       0x80 ./src/USART3_Print.o
                0x08001898                HAL_UART_MspInit
 .text.ButtonInit
                0x08001918       0x3c ./src/USART3_Print.o
                0x08001918                ButtonInit
 .text.SystemClock_Config
                0x08001954       0x9c ./src/_initialize_hardware.o
                0x08001954                SystemClock_Config
 .text.__initialize_hardware
                0x080019f0       0x10 ./src/_initialize_hardware.o
                0x080019f0                __initialize_hardware
 .text.main     0x08001a00      0x118 ./src/main.o
                0x08001a00                main
 .text.HAL_MspInit
                0x08001b18        0x2 ./src/stm32f4xx_hal_msp.o
                0x08001b18                HAL_MspInit
 *fill*         0x08001b1a        0x2 
 .text.UART_SetConfig
                0x08001b1c      0x3a0 ./src/stm32f4xx_hal_uart.o
 .text.UART_WaitOnFlagUntilTimeout
                0x08001ebc       0x62 ./src/stm32f4xx_hal_uart.o
 *fill*         0x08001f1e        0x2 
 .text.HAL_UART_Init
                0x08001f20      0x128 ./src/stm32f4xx_hal_uart.o
                0x08001f20                HAL_UART_Init
 .text.HAL_UART_Transmit
                0x08002048       0xe0 ./src/stm32f4xx_hal_uart.o
                0x08002048                HAL_UART_Transmit
 .text.memset   0x08002128       0x10 c:/gnu tools arm embedded/7 2018-q2-update/bin/../lib/gcc/arm-none-eabi/7.3.1/../../../../arm-none-eabi/lib/thumb/v7e-m\libg_nano.a(lib_a-memset.o)
                0x08002128                memset
 *(.rodata .rodata.* .constdata .constdata.*)
 .rodata.HAL_NVIC_SetPriorityGrouping.str1.4
                0x08002138       0x31 ./system/src/stm32f4-hal/stm32f4xx_hal_cortex.o
 *fill*         0x08002169        0x3 
 .rodata.HAL_GPIO_Init.str1.4
                0x0800216c       0x2f ./system/src/stm32f4-hal/stm32f4xx_hal_gpio.o
 *fill*         0x0800219b        0x1 
 .rodata.APBAHBPrescTable
                0x0800219c       0x10 ./system/src/stm32f4-hal/stm32f4xx_hal_rcc.o
                0x0800219c                APBAHBPrescTable
 .rodata.HAL_RCC_OscConfig.str1.4
                0x080021ac       0x2e ./system/src/stm32f4-hal/stm32f4xx_hal_rcc.o
 *fill*         0x080021da        0x2 
 .rodata.HAL_SPI_Init.str1.4
                0x080021dc       0x2e ./system/src/stm32f4-hal/stm32f4xx_hal_spi.o
 *fill*         0x0800220a        0x2 
 .rodata.AHBPrescTable
                0x0800220c       0x10 ./system/src/cmsis/system_stm32f4xx.o
                0x0800220c                AHBPrescTable
 .rodata.main.str1.4
                0x0800221c       0x1e ./src/main.o
 *fill*         0x0800223a        0x2 
 .rodata.UART_SetConfig.str1.4
                0x0800223c       0x1c ./src/stm32f4xx_hal_uart.o
 *(vtable)
 *(.eh_frame*)
 *(.glue_7)
 .glue_7        0x08002258        0x0 linker stubs
 *(.glue_7t)
 .glue_7t       0x08002258        0x0 linker stubs

.vfp11_veneer   0x08002258        0x0
 .vfp11_veneer  0x08002258        0x0 linker stubs

.v4_bx          0x08002258        0x0
 .v4_bx         0x08002258        0x0 linker stubs

.iplt           0x08002258        0x0
 .iplt          0x08002258        0x0 ./system/src/stm32f4-hal/stm32f4xx_hal.o

.rel.dyn        0x08002258        0x0
 .rel.iplt      0x08002258        0x0 ./system/src/stm32f4-hal/stm32f4xx_hal.o

.ARM.extab
 *(.ARM.extab* .gnu.linkonce.armextab.*)
                0x08002258                . = ALIGN (0x4)
                0x08002258                __exidx_start = .

.ARM.exidx
 *(.ARM.exidx* .gnu.linkonce.armexidx.*)
                0x08002258                __exidx_end = .
                0x08002258                . = ALIGN (0x4)
                0x08002258                _etext = .
                0x08002258                __etext = .

.data_CCMRAM    0x10000000        0x0 load address 0x08002258
 FILL mask 0xff
 *(.data.CCMRAM .data.CCMRAM.*)
                0x10000000                . = ALIGN (0x4)
                0x08002258                _sidata = LOADADDR (.data)

.data           0x20000000       0x14 load address 0x08002258
 FILL mask 0xff
                0x20000000                _sdata = .
                0x20000000                __data_start__ = .
 *(.data_begin .data_begin.*)
 .data_begin    0x20000000        0x4 ./system/src/newlib/_startup.o
 *(.data .data.*)
 .data.argv.4310
                0x20000004        0x8 ./system/src/newlib/_syscalls.o
 .data.SystemCoreClock
                0x2000000c        0x4 ./system/src/cmsis/system_stm32f4xx.o
                0x2000000c                SystemCoreClock
 *(.data_end .data_end.*)
 .data_end      0x20000010        0x4 ./system/src/newlib/_startup.o
                0x20000014                . = ALIGN (0x4)
                0x20000014                _edata = .
                0x20000014                __data_end__ = .

.igot.plt       0x20000014        0x0 load address 0x0800226c
 .igot.plt      0x20000014        0x0 ./system/src/stm32f4-hal/stm32f4xx_hal.o

.bss_CCMRAM     0x10000000        0x0
 *(.bss.CCMRAM .bss.CCMRAM.*)

.bss            0x20000014       0xf0
                0x20000014                __bss_start__ = .
                0x20000014                _sbss = .
 *(.bss_begin .bss_begin.*)
 .bss_begin     0x20000014        0x4 ./system/src/newlib/_startup.o
 *(.bss .bss.*)
 .bss.name.4309
                0x20000018        0x1 ./system/src/newlib/_syscalls.o
 *fill*         0x20000019        0x3 
 .bss.ledPin    0x2000001c        0x4 ./src/main.o
                0x2000001c                ledPin
 *(COMMON)
 COMMON         0x20000020        0x4 ./system/src/stm32f4-hal/stm32f4xx_hal.o
                0x20000020                uwTick
 COMMON         0x20000024       0x58 ./src/SPI_Handler.o
                0x20000024                SpiHandle
 COMMON         0x2000007c        0x4 ./src/Timer.o
                0x2000007c                timer_delayCount
 COMMON         0x20000080       0x80 ./src/USART3_Print.o
                0x20000080                UartHandle2
                0x200000c0                UartHandle
 *(.bss_end .bss_end.*)
 .bss_end       0x20000100        0x4 ./system/src/newlib/_startup.o
                0x20000104                . = ALIGN (0x4)
                0x20000104                __bss_end__ = .
                0x20000104                _ebss = .

.noinit_CCMRAM
 *(.noinit.CCMRAM .noinit.CCMRAM.*)

.noinit         0x20000104        0x0
                0x20000104                _noinit = .
 *(.noinit .noinit.*)
                0x20000104                . = ALIGN (0x4)
                0x20000104                _end_noinit = .
                [!provide]                PROVIDE (end = _end_noinit)
                [!provide]                PROVIDE (_end = _end_noinit)
                [!provide]                PROVIDE (__end = _end_noinit)
                [!provide]                PROVIDE (__end__ = _end_noinit)

._check_stack   0x20000104      0x100
                0x20000204                . = (. + _Minimum_Stack_Size)
 *fill*         0x20000104      0x100 

.b1text
 *(.b1text)
 *(.b1rodata)
 *(.b1rodata.*)

.eb0text
 *(.eb0text)
 *(.eb0rodata)
 *(.eb0rodata.*)

.eb1text
 *(.eb1text)
 *(.eb1rodata)
 *(.eb1rodata.*)

.eb2text
 *(.eb2text)
 *(.eb2rodata)
 *(.eb2rodata.*)

.eb3text
 *(.eb3text)
 *(.eb3rodata)
 *(.eb3rodata.*)

.stab
 *(.stab)

.stabstr
 *(.stabstr)

.stab.excl
 *(.stab.excl)

.stab.exclstr
 *(.stab.exclstr)

.stab.index
 *(.stab.index)

.stab.indexstr
 *(.stab.indexstr)

.comment        0x00000000       0x7f
 *(.comment)
 .comment       0x00000000       0x7f ./system/src/stm32f4-hal/stm32f4xx_hal.o
                                 0x80 (size before relaxing)
 .comment       0x0000007f       0x80 ./system/src/stm32f4-hal/stm32f4xx_hal_cortex.o
 .comment       0x0000007f       0x80 ./system/src/stm32f4-hal/stm32f4xx_hal_gpio.o
 .comment       0x0000007f       0x80 ./system/src/stm32f4-hal/stm32f4xx_hal_rcc.o
 .comment       0x0000007f       0x80 ./system/src/stm32f4-hal/stm32f4xx_hal_spi.o
 .comment       0x0000007f       0x80 ./system/src/newlib/_exit.o
 .comment       0x0000007f       0x80 ./system/src/newlib/_startup.o
 .comment       0x0000007f       0x80 ./system/src/newlib/_syscalls.o
 .comment       0x0000007f       0x80 ./system/src/newlib/assert.o
 .comment       0x0000007f       0x80 ./system/src/cortexm/_initialize_hardware.o
 .comment       0x0000007f       0x80 ./system/src/cortexm/exception_handlers.o
 .comment       0x0000007f       0x80 ./system/src/cmsis/system_stm32f4xx.o
 .comment       0x0000007f       0x80 ./system/src/cmsis/vectors_stm32f446xx.o
 .comment       0x0000007f       0x80 ./src/BlinkLed.o
 .comment       0x0000007f       0x80 ./src/SPI_Handler.o
 .comment       0x0000007f       0x80 ./src/Timer.o
 .comment       0x0000007f       0x80 ./src/USART3_Print.o
 .comment       0x0000007f       0x80 ./src/_initialize_hardware.o
 .comment       0x0000007f       0x80 ./src/main.o
 .comment       0x0000007f       0x80 ./src/stm32f4xx_hal_msp.o
 .comment       0x0000007f       0x80 ./src/stm32f4xx_hal_uart.o

.ARM.attributes
                0x00000000       0x33
 .ARM.attributes
                0x00000000       0x33 ./system/src/stm32f4-hal/stm32f4xx_hal.o
 .ARM.attributes
                0x00000033       0x33 ./system/src/stm32f4-hal/stm32f4xx_hal_cortex.o
 .ARM.attributes
                0x00000066       0x33 ./system/src/stm32f4-hal/stm32f4xx_hal_gpio.o
 .ARM.attributes
                0x00000099       0x33 ./system/src/stm32f4-hal/stm32f4xx_hal_rcc.o
 .ARM.attributes
                0x000000cc       0x33 ./system/src/stm32f4-hal/stm32f4xx_hal_spi.o
 .ARM.attributes
                0x000000ff       0x33 ./system/src/newlib/_exit.o
 .ARM.attributes
                0x00000132       0x33 ./system/src/newlib/_startup.o
 .ARM.attributes
                0x00000165       0x33 ./system/src/newlib/_syscalls.o
 .ARM.attributes
                0x00000198       0x33 ./system/src/newlib/assert.o
 .ARM.attributes
                0x000001cb       0x33 ./system/src/cortexm/_initialize_hardware.o
 .ARM.attributes
                0x000001fe       0x33 ./system/src/cortexm/exception_handlers.o
 .ARM.attributes
                0x00000231       0x33 ./system/src/cmsis/system_stm32f4xx.o
 .ARM.attributes
                0x00000264       0x33 ./system/src/cmsis/vectors_stm32f446xx.o
 .ARM.attributes
                0x00000297       0x33 ./src/BlinkLed.o
 .ARM.attributes
                0x000002ca       0x33 ./src/SPI_Handler.o
 .ARM.attributes
                0x000002fd       0x33 ./src/Timer.o
 .ARM.attributes
                0x00000330       0x33 ./src/USART3_Print.o
 .ARM.attributes
                0x00000363       0x33 ./src/_initialize_hardware.o
 .ARM.attributes
                0x00000396       0x33 ./src/main.o
 .ARM.attributes
                0x000003c9       0x33 ./src/stm32f4xx_hal_msp.o
 .ARM.attributes
                0x000003fc       0x33 ./src/stm32f4xx_hal_uart.o
 .ARM.attributes
                0x0000042f       0x2e c:/gnu tools arm embedded/7 2018-q2-update/bin/../lib/gcc/arm-none-eabi/7.3.1/../../../../arm-none-eabi/lib/thumb/v7e-m\libg_nano.a(lib_a-memset.o)

.debug
 *(.debug)

.line
 *(.line)

.debug_srcinfo
 *(.debug_srcinfo)

.debug_sfnames
 *(.debug_sfnames)

.debug_aranges  0x00000000      0x888
 *(.debug_aranges)
 .debug_aranges
                0x00000000       0xc0 ./system/src/stm32f4-hal/stm32f4xx_hal.o
 .debug_aranges
                0x000000c0       0x98 ./system/src/stm32f4-hal/stm32f4xx_hal_cortex.o
 .debug_aranges
                0x00000158       0x58 ./system/src/stm32f4-hal/stm32f4xx_hal_gpio.o
 .debug_aranges
                0x000001b0       0x88 ./system/src/stm32f4-hal/stm32f4xx_hal_rcc.o
 .debug_aranges
                0x00000238      0x1a0 ./system/src/stm32f4-hal/stm32f4xx_hal_spi.o
 .debug_aranges
                0x000003d8       0x28 ./system/src/newlib/_exit.o
 .debug_aranges
                0x00000400       0x40 ./system/src/newlib/_startup.o
 .debug_aranges
                0x00000440       0x30 ./system/src/newlib/_syscalls.o
 .debug_aranges
                0x00000470       0x28 ./system/src/newlib/assert.o
 .debug_aranges
                0x00000498       0x28 ./system/src/cortexm/_initialize_hardware.o
 .debug_aranges
                0x000004c0       0x80 ./system/src/cortexm/exception_handlers.o
 .debug_aranges
                0x00000540       0x28 ./system/src/cmsis/system_stm32f4xx.o
 .debug_aranges
                0x00000568       0x20 ./system/src/cmsis/vectors_stm32f446xx.o
 .debug_aranges
                0x00000588       0x20 ./src/BlinkLed.o
 .debug_aranges
                0x000005a8       0x28 ./src/SPI_Handler.o
 .debug_aranges
                0x000005d0       0x38 ./src/Timer.o
 .debug_aranges
                0x00000608       0x30 ./src/USART3_Print.o
 .debug_aranges
                0x00000638       0x28 ./src/_initialize_hardware.o
 .debug_aranges
                0x00000660       0x20 ./src/main.o
 .debug_aranges
                0x00000680       0x38 ./src/stm32f4xx_hal_msp.o
 .debug_aranges
                0x000006b8      0x1d0 ./src/stm32f4xx_hal_uart.o

.debug_pubnames
 *(.debug_pubnames)

.debug_info     0x00000000    0x14785
 *(.debug_info .gnu.linkonce.wi.*)
 .debug_info    0x00000000     0x1142 ./system/src/stm32f4-hal/stm32f4xx_hal.o
 .debug_info    0x00001142     0x1917 ./system/src/stm32f4-hal/stm32f4xx_hal_cortex.o
 .debug_info    0x00002a59     0x10dc ./system/src/stm32f4-hal/stm32f4xx_hal_gpio.o
 .debug_info    0x00003b35     0x1794 ./system/src/stm32f4-hal/stm32f4xx_hal_rcc.o
 .debug_info    0x000052c9     0x2377 ./system/src/stm32f4-hal/stm32f4xx_hal_spi.o
 .debug_info    0x00007640      0x94a ./system/src/newlib/_exit.o
 .debug_info    0x00007f8a      0x4bf ./system/src/newlib/_startup.o
 .debug_info    0x00008449      0xa19 ./system/src/newlib/_syscalls.o
 .debug_info    0x00008e62      0x9c8 ./system/src/newlib/assert.o
 .debug_info    0x0000982a      0xade ./system/src/cortexm/_initialize_hardware.o
 .debug_info    0x0000a308      0xb02 ./system/src/cortexm/exception_handlers.o
 .debug_info    0x0000ae0a      0xd08 ./system/src/cmsis/system_stm32f4xx.o
 .debug_info    0x0000bb12       0xca ./system/src/cmsis/vectors_stm32f446xx.o
 .debug_info    0x0000bbdc      0xcb9 ./src/BlinkLed.o
 .debug_info    0x0000c895     0x11a7 ./src/SPI_Handler.o
 .debug_info    0x0000da3c      0xf5e ./src/Timer.o
 .debug_info    0x0000e99a     0x1170 ./src/USART3_Print.o
 .debug_info    0x0000fb0a      0xd4a ./src/_initialize_hardware.o
 .debug_info    0x00010854     0x148b ./src/main.o
 .debug_info    0x00011cdf      0x90f ./src/stm32f4xx_hal_msp.o
 .debug_info    0x000125ee     0x2197 ./src/stm32f4xx_hal_uart.o

.debug_abbrev   0x00000000     0x3303
 *(.debug_abbrev)
 .debug_abbrev  0x00000000      0x32b ./system/src/stm32f4-hal/stm32f4xx_hal.o
 .debug_abbrev  0x0000032b      0x3f1 ./system/src/stm32f4-hal/stm32f4xx_hal_cortex.o
 .debug_abbrev  0x0000071c      0x2de ./system/src/stm32f4-hal/stm32f4xx_hal_gpio.o
 .debug_abbrev  0x000009fa      0x394 ./system/src/stm32f4-hal/stm32f4xx_hal_rcc.o
 .debug_abbrev  0x00000d8e      0x2f2 ./system/src/stm32f4-hal/stm32f4xx_hal_spi.o
 .debug_abbrev  0x00001080      0x1f5 ./system/src/newlib/_exit.o
 .debug_abbrev  0x00001275      0x1cb ./system/src/newlib/_startup.o
 .debug_abbrev  0x00001440      0x234 ./system/src/newlib/_syscalls.o
 .debug_abbrev  0x00001674      0x201 ./system/src/newlib/assert.o
 .debug_abbrev  0x00001875      0x1de ./system/src/cortexm/_initialize_hardware.o
 .debug_abbrev  0x00001a53      0x23a ./system/src/cortexm/exception_handlers.o
 .debug_abbrev  0x00001c8d      0x216 ./system/src/cmsis/system_stm32f4xx.o
 .debug_abbrev  0x00001ea3       0x9d ./system/src/cmsis/vectors_stm32f446xx.o
 .debug_abbrev  0x00001f40      0x255 ./src/BlinkLed.o
 .debug_abbrev  0x00002195      0x25c ./src/SPI_Handler.o
 .debug_abbrev  0x000023f1      0x2b2 ./src/Timer.o
 .debug_abbrev  0x000026a3      0x274 ./src/USART3_Print.o
 .debug_abbrev  0x00002917      0x22d ./src/_initialize_hardware.o
 .debug_abbrev  0x00002b44      0x2ca ./src/main.o
 .debug_abbrev  0x00002e0e      0x1b1 ./src/stm32f4xx_hal_msp.o
 .debug_abbrev  0x00002fbf      0x344 ./src/stm32f4xx_hal_uart.o

.debug_line     0x00000000     0xd7ad
 *(.debug_line)
 .debug_line    0x00000000      0xbe2 ./system/src/stm32f4-hal/stm32f4xx_hal.o
 .debug_line    0x00000be2      0xcd9 ./system/src/stm32f4-hal/stm32f4xx_hal_cortex.o
 .debug_line    0x000018bb      0xce3 ./system/src/stm32f4-hal/stm32f4xx_hal_gpio.o
 .debug_line    0x0000259e      0xe64 ./system/src/stm32f4-hal/stm32f4xx_hal_rcc.o
 .debug_line    0x00003402     0x14c5 ./system/src/stm32f4-hal/stm32f4xx_hal_spi.o
 .debug_line    0x000048c7      0x322 ./system/src/newlib/_exit.o
 .debug_line    0x00004be9      0x39f ./system/src/newlib/_startup.o
 .debug_line    0x00004f88      0x3e2 ./system/src/newlib/_syscalls.o
 .debug_line    0x0000536a      0x34b ./system/src/newlib/assert.o
 .debug_line    0x000056b5      0xa7e ./system/src/cortexm/_initialize_hardware.o
 .debug_line    0x00006133      0xb65 ./system/src/cortexm/exception_handlers.o
 .debug_line    0x00006c98      0xa84 ./system/src/cmsis/system_stm32f4xx.o
 .debug_line    0x0000771c       0xf7 ./system/src/cmsis/vectors_stm32f446xx.o
 .debug_line    0x00007813      0xa67 ./src/BlinkLed.o
 .debug_line    0x0000827a      0xa7c ./src/SPI_Handler.o
 .debug_line    0x00008cf6      0xad8 ./src/Timer.o
 .debug_line    0x000097ce      0xa8b ./src/USART3_Print.o
 .debug_line    0x0000a259      0xa75 ./src/_initialize_hardware.o
 .debug_line    0x0000acce      0xb63 ./src/main.o
 .debug_line    0x0000b831      0xa78 ./src/stm32f4xx_hal_msp.o
 .debug_line    0x0000c2a9     0x1504 ./src/stm32f4xx_hal_uart.o

.debug_frame    0x00000000     0x1444
 *(.debug_frame)
 .debug_frame   0x00000000      0x188 ./system/src/stm32f4-hal/stm32f4xx_hal.o
 .debug_frame   0x00000188      0x17c ./system/src/stm32f4-hal/stm32f4xx_hal_cortex.o
 .debug_frame   0x00000304       0xfc ./system/src/stm32f4-hal/stm32f4xx_hal_gpio.o
 .debug_frame   0x00000400      0x140 ./system/src/stm32f4-hal/stm32f4xx_hal_rcc.o
 .debug_frame   0x00000540      0x51c ./system/src/stm32f4-hal/stm32f4xx_hal_spi.o
 .debug_frame   0x00000a5c       0x38 ./system/src/newlib/_exit.o
 .debug_frame   0x00000a94       0x7c ./system/src/newlib/_startup.o
 .debug_frame   0x00000b10       0x50 ./system/src/newlib/_syscalls.o
 .debug_frame   0x00000b60       0x40 ./system/src/newlib/assert.o
 .debug_frame   0x00000ba0       0x40 ./system/src/cortexm/_initialize_hardware.o
 .debug_frame   0x00000be0       0xe8 ./system/src/cortexm/exception_handlers.o
 .debug_frame   0x00000cc8       0x30 ./system/src/cmsis/system_stm32f4xx.o
 .debug_frame   0x00000cf8       0x20 ./system/src/cmsis/vectors_stm32f446xx.o
 .debug_frame   0x00000d18       0x30 ./src/BlinkLed.o
 .debug_frame   0x00000d48       0x48 ./src/SPI_Handler.o
 .debug_frame   0x00000d90       0x58 ./src/Timer.o
 .debug_frame   0x00000de8       0x64 ./src/USART3_Print.o
 .debug_frame   0x00000e4c       0x48 ./src/_initialize_hardware.o
 .debug_frame   0x00000e94       0x30 ./src/main.o
 .debug_frame   0x00000ec4       0x50 ./src/stm32f4xx_hal_msp.o
 .debug_frame   0x00000f14      0x510 ./src/stm32f4xx_hal_uart.o
 .debug_frame   0x00001424       0x20 c:/gnu tools arm embedded/7 2018-q2-update/bin/../lib/gcc/arm-none-eabi/7.3.1/../../../../arm-none-eabi/lib/thumb/v7e-m\libg_nano.a(lib_a-memset.o)

.debug_str      0x00000000    0x9fa5e
 *(.debug_str)
 .debug_str     0x00000000    0x9abc9 ./system/src/stm32f4-hal/stm32f4xx_hal.o
                              0x9b22c (size before relaxing)
 .debug_str     0x0009abc9      0x382 ./system/src/stm32f4-hal/stm32f4xx_hal_cortex.o
                              0x9b083 (size before relaxing)
 .debug_str     0x0009af4b      0x2dd ./system/src/stm32f4-hal/stm32f4xx_hal_gpio.o
                              0x9aa7d (size before relaxing)
 .debug_str     0x0009b228      0x398 ./system/src/stm32f4-hal/stm32f4xx_hal_rcc.o
                              0x9ac10 (size before relaxing)
 .debug_str     0x0009b5c0      0xf08 ./system/src/stm32f4-hal/stm32f4xx_hal_spi.o
                              0x9aeb6 (size before relaxing)
 .debug_str     0x0009c4c8     0x10fa ./system/src/newlib/_exit.o
                               0x7d85 (size before relaxing)
 .debug_str     0x0009d5c2      0x2c6 ./system/src/newlib/_startup.o
                               0x68d8 (size before relaxing)
 .debug_str     0x0009d888     0x1311 ./system/src/newlib/_syscalls.o
                               0x8012 (size before relaxing)
 .debug_str     0x0009eb99       0xd7 ./system/src/newlib/assert.o
                               0x8891 (size before relaxing)
 .debug_str     0x0009ec70       0x77 ./system/src/cortexm/_initialize_hardware.o
                              0x9a707 (size before relaxing)
 .debug_str     0x0009ece7      0x1db ./system/src/cortexm/exception_handlers.o
                              0x9b7e0 (size before relaxing)
 .debug_str     0x0009eec2       0x46 ./system/src/cmsis/system_stm32f4xx.o
                              0x9a7fb (size before relaxing)
 .debug_str     0x0009ef08       0x59 ./system/src/cmsis/vectors_stm32f446xx.o
                               0x3858 (size before relaxing)
 .debug_str     0x0009ef61      0x146 ./src/BlinkLed.o
                              0x9a825 (size before relaxing)
 .debug_str     0x0009f0a7      0x137 ./src/SPI_Handler.o
                              0x9ac3a (size before relaxing)
 .debug_str     0x0009f1de       0x76 ./src/Timer.o
                              0x9ad32 (size before relaxing)
 .debug_str     0x0009f254      0x1b1 ./src/USART3_Print.o
                              0x9ab2f (size before relaxing)
 .debug_str     0x0009f405       0x31 ./src/_initialize_hardware.o
                              0x9a916 (size before relaxing)
 .debug_str     0x0009f436      0x102 ./src/main.o
                              0x9c029 (size before relaxing)
 .debug_str     0x0009f538       0x3d ./src/stm32f4xx_hal_msp.o
                              0x9a64f (size before relaxing)
 .debug_str     0x0009f575      0x4e9 ./src/stm32f4xx_hal_uart.o
                              0x9af50 (size before relaxing)

.debug_loc      0x00000000     0x4490
 *(.debug_loc)
 .debug_loc     0x00000000       0x92 ./system/src/stm32f4-hal/stm32f4xx_hal.o
 .debug_loc     0x00000092      0x73b ./system/src/stm32f4-hal/stm32f4xx_hal_cortex.o
 .debug_loc     0x000007cd      0x5af ./system/src/stm32f4-hal/stm32f4xx_hal_gpio.o
 .debug_loc     0x00000d7c      0x50a ./system/src/stm32f4-hal/stm32f4xx_hal_rcc.o
 .debug_loc     0x00001286     0x16dc ./system/src/stm32f4-hal/stm32f4xx_hal_spi.o
 .debug_loc     0x00002962      0x2cb ./system/src/newlib/_startup.o
 .debug_loc     0x00002c2d       0x63 ./system/src/newlib/_syscalls.o
 .debug_loc     0x00002c90       0xc6 ./system/src/newlib/assert.o
 .debug_loc     0x00002d56      0x13e ./system/src/cmsis/system_stm32f4xx.o
 .debug_loc     0x00002e94       0x21 ./src/SPI_Handler.o
 .debug_loc     0x00002eb5       0x59 ./src/Timer.o
 .debug_loc     0x00002f0e       0x21 ./src/USART3_Print.o
 .debug_loc     0x00002f2f       0x6b ./src/main.o
 .debug_loc     0x00002f9a     0x14f6 ./src/stm32f4xx_hal_uart.o

.debug_macinfo
 *(.debug_macinfo)

.debug_weaknames
 *(.debug_weaknames)

.debug_funcnames
 *(.debug_funcnames)

.debug_typenames
 *(.debug_typenames)

.debug_varnames
 *(.debug_varnames)
OUTPUT(Test.elf elf32-littlearm)

.debug_ranges   0x00000000      0x7f8
 .debug_ranges  0x00000000       0xb0 ./system/src/stm32f4-hal/stm32f4xx_hal.o
 .debug_ranges  0x000000b0       0xe8 ./system/src/stm32f4-hal/stm32f4xx_hal_cortex.o
 .debug_ranges  0x00000198       0x48 ./system/src/stm32f4-hal/stm32f4xx_hal_gpio.o
 .debug_ranges  0x000001e0       0x78 ./system/src/stm32f4-hal/stm32f4xx_hal_rcc.o
 .debug_ranges  0x00000258      0x190 ./system/src/stm32f4-hal/stm32f4xx_hal_spi.o
 .debug_ranges  0x000003e8       0x18 ./system/src/newlib/_exit.o
 .debug_ranges  0x00000400       0x90 ./system/src/newlib/_startup.o
 .debug_ranges  0x00000490       0x20 ./system/src/newlib/_syscalls.o
 .debug_ranges  0x000004b0       0x18 ./system/src/newlib/assert.o
 .debug_ranges  0x000004c8       0x18 ./system/src/cortexm/_initialize_hardware.o
 .debug_ranges  0x000004e0       0x70 ./system/src/cortexm/exception_handlers.o
 .debug_ranges  0x00000550       0x18 ./system/src/cmsis/system_stm32f4xx.o
 .debug_ranges  0x00000568       0x10 ./system/src/cmsis/vectors_stm32f446xx.o
 .debug_ranges  0x00000578       0x10 ./src/BlinkLed.o
 .debug_ranges  0x00000588       0x18 ./src/SPI_Handler.o
 .debug_ranges  0x000005a0       0x28 ./src/Timer.o
 .debug_ranges  0x000005c8       0x20 ./src/USART3_Print.o
 .debug_ranges  0x000005e8       0x18 ./src/_initialize_hardware.o
 .debug_ranges  0x00000600       0x10 ./src/main.o
 .debug_ranges  0x00000610       0x28 ./src/stm32f4xx_hal_msp.o
 .debug_ranges  0x00000638      0x1c0 ./src/stm32f4xx_hal_uart.o

.debug_macro    0x00000000    0x1df52
 .debug_macro   0x00000000      0x573 ./system/src/stm32f4-hal/stm32f4xx_hal.o
 .debug_macro   0x00000573      0xa60 ./system/src/stm32f4-hal/stm32f4xx_hal.o
 .debug_macro   0x00000fd3      0x289 ./system/src/stm32f4-hal/stm32f4xx_hal.o
 .debug_macro   0x0000125c       0x31 ./system/src/stm32f4-hal/stm32f4xx_hal.o
 .debug_macro   0x0000128d       0x28 ./system/src/stm32f4-hal/stm32f4xx_hal.o
 .debug_macro   0x000012b5      0x34e ./system/src/stm32f4-hal/stm32f4xx_hal.o
 .debug_macro   0x00001603       0x35 ./system/src/stm32f4-hal/stm32f4xx_hal.o
 .debug_macro   0x00001638       0x50 ./system/src/stm32f4-hal/stm32f4xx_hal.o
 .debug_macro   0x00001688      0xe66 ./system/src/stm32f4-hal/stm32f4xx_hal.o
 .debug_macro   0x000024ee     0x97db ./system/src/stm32f4-hal/stm32f4xx_hal.o
 .debug_macro   0x0000bcc9       0x43 ./system/src/stm32f4-hal/stm32f4xx_hal.o
 .debug_macro   0x0000bd0c     0x347f ./system/src/stm32f4-hal/stm32f4xx_hal.o
 .debug_macro   0x0000f18b       0x22 ./system/src/stm32f4-hal/stm32f4xx_hal.o
 .debug_macro   0x0000f1ad       0x58 ./system/src/stm32f4-hal/stm32f4xx_hal.o
 .debug_macro   0x0000f205       0x18 ./system/src/stm32f4-hal/stm32f4xx_hal.o
 .debug_macro   0x0000f21d       0x94 ./system/src/stm32f4-hal/stm32f4xx_hal.o
 .debug_macro   0x0000f2b1       0x35 ./system/src/stm32f4-hal/stm32f4xx_hal.o
 .debug_macro   0x0000f2e6       0x34 ./system/src/stm32f4-hal/stm32f4xx_hal.o
 .debug_macro   0x0000f31a       0x16 ./system/src/stm32f4-hal/stm32f4xx_hal.o
 .debug_macro   0x0000f330       0x57 ./system/src/stm32f4-hal/stm32f4xx_hal.o
 .debug_macro   0x0000f387       0x97 ./system/src/stm32f4-hal/stm32f4xx_hal.o
 .debug_macro   0x0000f41e      0x330 ./system/src/stm32f4-hal/stm32f4xx_hal.o
 .debug_macro   0x0000f74e       0xfd ./system/src/stm32f4-hal/stm32f4xx_hal.o
 .debug_macro   0x0000f84b       0x10 ./system/src/stm32f4-hal/stm32f4xx_hal.o
 .debug_macro   0x0000f85b       0x58 ./system/src/stm32f4-hal/stm32f4xx_hal.o
 .debug_macro   0x0000f8b3       0x1f ./system/src/stm32f4-hal/stm32f4xx_hal.o
 .debug_macro   0x0000f8d2       0x43 ./system/src/stm32f4-hal/stm32f4xx_hal.o
 .debug_macro   0x0000f915       0x20 ./system/src/stm32f4-hal/stm32f4xx_hal.o
 .debug_macro   0x0000f935      0x18e ./system/src/stm32f4-hal/stm32f4xx_hal.o
 .debug_macro   0x0000fac3       0x10 ./system/src/stm32f4-hal/stm32f4xx_hal.o
 .debug_macro   0x0000fad3       0x6a ./system/src/stm32f4-hal/stm32f4xx_hal.o
 .debug_macro   0x0000fb3d       0x1c ./system/src/stm32f4-hal/stm32f4xx_hal.o
 .debug_macro   0x0000fb59       0x52 ./system/src/stm32f4-hal/stm32f4xx_hal.o
 .debug_macro   0x0000fbab       0x40 ./system/src/stm32f4-hal/stm32f4xx_hal.o
 .debug_macro   0x0000fbeb       0x10 ./system/src/stm32f4-hal/stm32f4xx_hal.o
 .debug_macro   0x0000fbfb       0x40 ./system/src/stm32f4-hal/stm32f4xx_hal.o
 .debug_macro   0x0000fc3b       0xd7 ./system/src/stm32f4-hal/stm32f4xx_hal.o
 .debug_macro   0x0000fd12       0x1c ./system/src/stm32f4-hal/stm32f4xx_hal.o
 .debug_macro   0x0000fd2e       0x3d ./system/src/stm32f4-hal/stm32f4xx_hal.o
 .debug_macro   0x0000fd6b       0x16 ./system/src/stm32f4-hal/stm32f4xx_hal.o
 .debug_macro   0x0000fd81      0x16f ./system/src/stm32f4-hal/stm32f4xx_hal.o
 .debug_macro   0x0000fef0       0x57 ./system/src/stm32f4-hal/stm32f4xx_hal.o
 .debug_macro   0x0000ff47      0xc9e ./system/src/stm32f4-hal/stm32f4xx_hal.o
 .debug_macro   0x00010be5      0x9e1 ./system/src/stm32f4-hal/stm32f4xx_hal.o
 .debug_macro   0x000115c6      0x11e ./system/src/stm32f4-hal/stm32f4xx_hal.o
 .debug_macro   0x000116e4      0x1a0 ./system/src/stm32f4-hal/stm32f4xx_hal.o
 .debug_macro   0x00011884       0x27 ./system/src/stm32f4-hal/stm32f4xx_hal.o
 .debug_macro   0x000118ab      0x287 ./system/src/stm32f4-hal/stm32f4xx_hal.o
 .debug_macro   0x00011b32       0x5f ./system/src/stm32f4-hal/stm32f4xx_hal.o
 .debug_macro   0x00011b91      0x23a ./system/src/stm32f4-hal/stm32f4xx_hal.o
 .debug_macro   0x00011dcb      0x391 ./system/src/stm32f4-hal/stm32f4xx_hal.o
 .debug_macro   0x0001215c      0x176 ./system/src/stm32f4-hal/stm32f4xx_hal.o
 .debug_macro   0x000122d2       0xf9 ./system/src/stm32f4-hal/stm32f4xx_hal.o
 .debug_macro   0x000123cb      0x36e ./system/src/stm32f4-hal/stm32f4xx_hal.o
 .debug_macro   0x00012739       0x23 ./system/src/stm32f4-hal/stm32f4xx_hal.o
 .debug_macro   0x0001275c       0xe6 ./system/src/stm32f4-hal/stm32f4xx_hal.o
 .debug_macro   0x00012842       0xa1 ./system/src/stm32f4-hal/stm32f4xx_hal.o
 .debug_macro   0x000128e3       0x3c ./system/src/stm32f4-hal/stm32f4xx_hal.o
 .debug_macro   0x0001291f       0x81 ./system/src/stm32f4-hal/stm32f4xx_hal.o
 .debug_macro   0x000129a0      0x1cd ./system/src/stm32f4-hal/stm32f4xx_hal.o
 .debug_macro   0x00012b6d      0x13a ./system/src/stm32f4-hal/stm32f4xx_hal.o
 .debug_macro   0x00012ca7      0x29c ./system/src/stm32f4-hal/stm32f4xx_hal.o
 .debug_macro   0x00012f43       0x2e ./system/src/stm32f4-hal/stm32f4xx_hal.o
 .debug_macro   0x00012f71      0x54a ./system/src/stm32f4-hal/stm32f4xx_hal.o
 .debug_macro   0x000134bb       0x88 ./system/src/stm32f4-hal/stm32f4xx_hal.o
 .debug_macro   0x00013543       0xd5 ./system/src/stm32f4-hal/stm32f4xx_hal.o
 .debug_macro   0x00013618       0x10 ./system/src/stm32f4-hal/stm32f4xx_hal.o
 .debug_macro   0x00013628      0x1a7 ./system/src/stm32f4-hal/stm32f4xx_hal.o
 .debug_macro   0x000137cf       0x22 ./system/src/stm32f4-hal/stm32f4xx_hal.o
 .debug_macro   0x000137f1       0xa5 ./system/src/stm32f4-hal/stm32f4xx_hal.o
 .debug_macro   0x00013896      0x18b ./system/src/stm32f4-hal/stm32f4xx_hal.o
 .debug_macro   0x00013a21       0x30 ./system/src/stm32f4-hal/stm32f4xx_hal.o
 .debug_macro   0x00013a51       0x35 ./system/src/stm32f4-hal/stm32f4xx_hal.o
 .debug_macro   0x00013a86       0x79 ./system/src/stm32f4-hal/stm32f4xx_hal.o
 .debug_macro   0x00013aff      0x11e ./system/src/stm32f4-hal/stm32f4xx_hal.o
 .debug_macro   0x00013c1d       0xe8 ./system/src/stm32f4-hal/stm32f4xx_hal.o
 .debug_macro   0x00013d05       0x89 ./system/src/stm32f4-hal/stm32f4xx_hal.o
 .debug_macro   0x00013d8e      0x31a ./system/src/stm32f4-hal/stm32f4xx_hal.o
 .debug_macro   0x000140a8      0x409 ./system/src/stm32f4-hal/stm32f4xx_hal.o
 .debug_macro   0x000144b1       0xe4 ./system/src/stm32f4-hal/stm32f4xx_hal.o
 .debug_macro   0x00014595      0x39f ./system/src/stm32f4-hal/stm32f4xx_hal.o
 .debug_macro   0x00014934       0xcf ./system/src/stm32f4-hal/stm32f4xx_hal.o
 .debug_macro   0x00014a03      0x463 ./system/src/stm32f4-hal/stm32f4xx_hal.o
 .debug_macro   0x00014e66      0x22b ./system/src/stm32f4-hal/stm32f4xx_hal.o
 .debug_macro   0x00015091      0x202 ./system/src/stm32f4-hal/stm32f4xx_hal.o
 .debug_macro   0x00015293      0x6d9 ./system/src/stm32f4-hal/stm32f4xx_hal.o
 .debug_macro   0x0001596c       0x62 ./system/src/stm32f4-hal/stm32f4xx_hal.o
 .debug_macro   0x000159ce      0x14d ./system/src/stm32f4-hal/stm32f4xx_hal.o
 .debug_macro   0x00015b1b      0x287 ./system/src/stm32f4-hal/stm32f4xx_hal.o
 .debug_macro   0x00015da2      0x225 ./system/src/stm32f4-hal/stm32f4xx_hal.o
 .debug_macro   0x00015fc7      0x1b5 ./system/src/stm32f4-hal/stm32f4xx_hal.o
 .debug_macro   0x0001617c      0x2db ./system/src/stm32f4-hal/stm32f4xx_hal.o
 .debug_macro   0x00016457       0x89 ./system/src/stm32f4-hal/stm32f4xx_hal.o
 .debug_macro   0x000164e0      0x1df ./system/src/stm32f4-hal/stm32f4xx_hal.o
 .debug_macro   0x000166bf      0x115 ./system/src/stm32f4-hal/stm32f4xx_hal.o
 .debug_macro   0x000167d4       0x6e ./system/src/stm32f4-hal/stm32f4xx_hal.o
 .debug_macro   0x00016842      0x2e2 ./system/src/stm32f4-hal/stm32f4xx_hal.o
 .debug_macro   0x00016b24      0x2e2 ./system/src/stm32f4-hal/stm32f4xx_hal.o
 .debug_macro   0x00016e06      0x202 ./system/src/stm32f4-hal/stm32f4xx_hal.o
 .debug_macro   0x00017008       0x34 ./system/src/stm32f4-hal/stm32f4xx_hal.o
 .debug_macro   0x0001703c       0x90 ./system/src/stm32f4-hal/stm32f4xx_hal.o
 .debug_macro   0x000170cc      0x1ed ./system/src/stm32f4-hal/stm32f4xx_hal.o
 .debug_macro   0x000172b9      0x11e ./system/src/stm32f4-hal/stm32f4xx_hal.o
 .debug_macro   0x000173d7      0x525 ./system/src/stm32f4-hal/stm32f4xx_hal_cortex.o
 .debug_macro   0x000178fc      0x55d ./system/src/stm32f4-hal/stm32f4xx_hal_gpio.o
 .debug_macro   0x00017e59      0x54f ./system/src/stm32f4-hal/stm32f4xx_hal_rcc.o
 .debug_macro   0x000183a8      0x537 ./system/src/stm32f4-hal/stm32f4xx_hal_spi.o
 .debug_macro   0x000188df      0x281 ./system/src/stm32f4-hal/stm32f4xx_hal_spi.o
 .debug_macro   0x00018b60      0x1b4 ./system/src/newlib/_exit.o
 .debug_macro   0x00018d14      0x10e ./system/src/newlib/_exit.o
 .debug_macro   0x00018e22       0x8d ./system/src/newlib/_exit.o
 .debug_macro   0x00018eaf       0x35 ./system/src/newlib/_exit.o
 .debug_macro   0x00018ee4      0x173 ./system/src/newlib/_startup.o
 .debug_macro   0x00019057      0xa66 ./system/src/newlib/_startup.o
 .debug_macro   0x00019abd      0x217 ./system/src/newlib/_syscalls.o
 .debug_macro   0x00019cd4       0x1c ./system/src/newlib/_syscalls.o
 .debug_macro   0x00019cf0       0x10 ./system/src/newlib/_syscalls.o
 .debug_macro   0x00019d00       0x10 ./system/src/newlib/_syscalls.o
 .debug_macro   0x00019d10       0x10 ./system/src/newlib/_syscalls.o
 .debug_macro   0x00019d20       0x35 ./system/src/newlib/_syscalls.o
 .debug_macro   0x00019d55      0x122 ./system/src/newlib/_syscalls.o
 .debug_macro   0x00019e77       0x88 ./system/src/newlib/_syscalls.o
 .debug_macro   0x00019eff       0x2b ./system/src/newlib/_syscalls.o
 .debug_macro   0x00019f2a      0x118 ./system/src/newlib/_syscalls.o
 .debug_macro   0x0001a042      0x189 ./system/src/newlib/_syscalls.o
 .debug_macro   0x0001a1cb       0x16 ./system/src/newlib/_syscalls.o
 .debug_macro   0x0001a1e1      0x1d0 ./system/src/newlib/assert.o
 .debug_macro   0x0001a3b1       0x1c ./system/src/newlib/assert.o
 .debug_macro   0x0001a3cd      0x52f ./system/src/cortexm/_initialize_hardware.o
 .debug_macro   0x0001a8fc      0x598 ./system/src/cortexm/exception_handlers.o
 .debug_macro   0x0001ae94       0x3b ./system/src/cortexm/exception_handlers.o
 .debug_macro   0x0001aecf       0x22 ./system/src/cortexm/exception_handlers.o
 .debug_macro   0x0001aef1       0x16 ./system/src/cortexm/exception_handlers.o
 .debug_macro   0x0001af07      0x52b ./system/src/cmsis/system_stm32f4xx.o
 .debug_macro   0x0001b432       0x34 ./system/src/cmsis/vectors_stm32f446xx.o
 .debug_macro   0x0001b466      0x53e ./src/BlinkLed.o
 .debug_macro   0x0001b9a4       0x28 ./src/BlinkLed.o
 .debug_macro   0x0001b9cc      0x538 ./src/SPI_Handler.o
 .debug_macro   0x0001bf04       0x22 ./src/SPI_Handler.o
 .debug_macro   0x0001bf26      0x548 ./src/Timer.o
 .debug_macro   0x0001c46e       0x10 ./src/Timer.o
 .debug_macro   0x0001c47e      0x533 ./src/USART3_Print.o
 .debug_macro   0x0001c9b1      0x525 ./src/_initialize_hardware.o
 .debug_macro   0x0001ced6      0x5f9 ./src/main.o
 .debug_macro   0x0001d4cf       0x2e ./src/main.o
 .debug_macro   0x0001d4fd      0x525 ./src/stm32f4xx_hal_msp.o
 .debug_macro   0x0001da22      0x530 ./src/stm32f4xx_hal_uart.o
